 num     #instances         #bytes  class name (module)
-------------------------------------------------------
   1:         40790        8622096  [B (java.base@17.0.2)
   2:          3304        1385688  [I (java.base@17.0.2)
   3:         30208         724992  java.lang.String (java.base@17.0.2)
   4:          3602         430200  [Ljava.lang.Object; (java.base@17.0.2)
   5:         13093         420624  [S (java.base@17.0.2)
   6:          3119         376624  java.lang.Class (java.base@17.0.2)
   7:          3744         269568  io.netty.buffer.PoolSubpage
   8:          8372         267904  java.util.concurrent.ConcurrentHashMap$Node (java.base@17.0.2)
   9:           692         251584  [C (java.base@17.0.2)
  10:          3651         204456  jdk.internal.org.objectweb.asm.SymbolTable$Entry (java.base@17.0.2)
  11:          4795         153440  java.util.HashMap$Node (java.base@17.0.2)
  12:          3036         145728  java.util.HashMap (java.base@17.0.2)
  13:          2860         137280  java.util.WeakHashMap$EntryIterator (java.base@17.0.2)
  14:          3955         126560  java.util.concurrent.locks.ReentrantLock$NonfairSync (java.base@17.0.2)
  15:            26         102824  [Ljava.nio.channels.SelectionKey; (java.base@17.0.2)
  16:           130          99936  [Ljdk.internal.org.objectweb.asm.SymbolTable$Entry; (java.base@17.0.2)
  17:           736          93928  [Ljava.util.HashMap$Node; (java.base@17.0.2)
  18:          1001          88088  java.lang.reflect.Method (java.base@17.0.2)
  19:          3607          86568  java.util.ArrayList (java.base@17.0.2)
  20:           160          75648  [Ljava.util.concurrent.ConcurrentHashMap$Node; (java.base@17.0.2)
  21:          1628          65120  java.util.LinkedHashMap$Entry (java.base@17.0.2)
  22:          2287          63784  [Ljava.lang.Class; (java.base@17.0.2)
  23:          3955          63280  java.util.concurrent.locks.ReentrantLock (java.base@17.0.2)
  24:           978          62592  java.net.URL (java.base@17.0.2)
  25:          2521          60504  java.lang.StringBuilder (java.base@17.0.2)
  26:          1024          49152  java.lang.invoke.MemberName (java.base@17.0.2)
  27:          1222          48880  java.lang.invoke.MethodType (java.base@17.0.2)
  28:           470          48880  java.util.jar.JarFile$JarFileEntry (java.base@17.0.2)
  29:           205          45920  jdk.internal.org.objectweb.asm.MethodWriter (java.base@17.0.2)
  30:          2860          45760  io.vertx.core.impl.btc.BlockedThreadChecker$1$$Lambda$87/0x0000000800d10ee0
  31:          1024          44096  [Ljava.lang.String; (java.base@17.0.2)
  32:          2736          43776  java.lang.Object (java.base@17.0.2)
  33:          2605          41680  java.util.HashSet (java.base@17.0.2)
  34:            50          28800  io.netty.util.internal.shaded.org.jctools.queues.MpscUnboundedArrayQueue
  35:            96          27648  [[S (java.base@17.0.2)
  36:           576          27648  io.netty.buffer.PoolChunkList
  37:           556          26688  jdk.internal.ref.CleanerImpl$PhantomCleanableRef (java.base@17.0.2)
  38:           813          26016  java.lang.invoke.MethodType$ConcurrentWeakInternSet$WeakEntry (java.base@17.0.2)
  39:           460          25760  jdk.internal.org.objectweb.asm.Label (java.base@17.0.2)
  40:          1065          25560  java.util.LinkedList$Node (java.base@17.0.2)
  41:           302          22952  [Ljava.lang.ref.SoftReference; (java.base@17.0.2)
  42:           591          18912  java.util.LinkedList (java.base@17.0.2)
  43:           426          17040  java.math.BigInteger (java.base@17.0.2)
  44:           710          17040  java.security.Provider$ServiceKey (java.base@17.0.2)
  45:            96          16896  [Lio.netty.buffer.PoolSubpage;
  46:           283          15848  java.util.zip.ZipFile$ZipFileInflaterInputStream (java.base@17.0.2)
  47:           283          15848  java.util.zip.ZipFile$ZipFileInputStream (java.base@17.0.2)
  48:           245          15680  java.security.Provider$Service (java.base@17.0.2)
  49:           214          15408  java.lang.reflect.Field (java.base@17.0.2)
  50:           237          15168  java.util.concurrent.ConcurrentHashMap (java.base@17.0.2)
  51:            89          13528  jdk.internal.org.objectweb.asm.ClassWriter (java.base@17.0.2)
  52:           334          13360  java.security.CodeSource (java.base@17.0.2)
  53:           333          13320  java.lang.ref.SoftReference (java.base@17.0.2)
  54:           326          13040  java.util.WeakHashMap$Entry (java.base@17.0.2)
  55:           388          12416  io.netty.util.internal.LongAdderCounter
  56:           304          12160  java.util.TreeMap$Entry (java.base@17.0.2)
  57:           506          12144  jdk.internal.org.objectweb.asm.ByteVector (java.base@17.0.2)
  58:           253          12144  jdk.internal.org.objectweb.asm.Frame (java.base@17.0.2)
  59:           367          11744  java.lang.invoke.LambdaForm$Name (java.base@17.0.2)
  60:            68          11560  [J (java.base@17.0.2)
  61:           144          11520  io.vertx.ext.web.impl.RouteState
  62:           476          11424  java.lang.invoke.ResolvedMethodName (java.base@17.0.2)
  63:           278          11120  jdk.internal.loader.URLClassPath$JarLoader$2 (java.base@17.0.2)
  64:           172          11008  java.lang.Class$ReflectionData (java.base@17.0.2)
  65:            42          10912  [Z (java.base@17.0.2)
  66:           327          10464  java.io.File (java.base@17.0.2)
  67:           142          10224  java.lang.reflect.Constructor (java.base@17.0.2)
  68:           292           9344  jdk.internal.org.objectweb.asm.Type (java.base@17.0.2)
  69:           372           8928  java.lang.module.ModuleDescriptor$Exports (java.base@17.0.2)
  70:           262           8384  sun.security.util.KnownOIDs (java.base@17.0.2)
  71:           126           8064  jdk.internal.org.objectweb.asm.FieldWriter (java.base@17.0.2)
  72:           164           7720  [Ljava.lang.invoke.LambdaForm$Name; (java.base@17.0.2)
  73:            35           7672  [Ljava.lang.invoke.MethodHandle; (java.base@17.0.2)
  74:           309           7416  java.util.zip.ZipFile$InflaterCleanupAction (java.base@17.0.2)
  75:            48           7296  io.netty.buffer.PoolArena$DirectArena
  76:            48           7296  io.netty.buffer.PoolArena$HeapArena
  77:           303           7272  java.util.ImmutableCollections$Set12 (java.base@17.0.2)
  78:           218           6976  java.lang.invoke.MethodHandles$Lookup (java.base@17.0.2)
  79:           278           6672  java.security.SecureClassLoader$1 (java.base@17.0.2)
  80:           265           6360  java.lang.Long (java.base@17.0.2)
  81:           263           6312  java.util.jar.Attributes$Name (java.base@17.0.2)
  82:           391           6256  java.lang.Integer (java.base@17.0.2)
  83:            60           6240  java.lang.invoke.InnerClassLambdaMetafactory (java.base@17.0.2)
  84:           259           6216  java.security.Provider$UString (java.base@17.0.2)
  85:           150           6000  sun.nio.fs.WindowsPath (java.base@17.0.2)
  86:           124           5952  java.lang.invoke.LambdaForm (java.base@17.0.2)
  87:           186           5952  java.lang.invoke.MethodTypeForm (java.base@17.0.2)
  88:            93           5952  jdk.internal.org.objectweb.asm.SymbolTable (java.base@17.0.2)
  89:           104           5824  java.util.LinkedHashMap (java.base@17.0.2)
  90:            71           5680  java.net.URI (java.base@17.0.2)
  91:            50           5600  sun.nio.ch.SocketChannelImpl (java.base@17.0.2)
  92:            15           5520  java.lang.Thread (java.base@17.0.2)
  93:           171           5472  java.util.ArrayList$Itr (java.base@17.0.2)
  94:           170           5440  java.lang.module.ModuleDescriptor$Requires (java.base@17.0.2)
  95:           161           5152  sun.security.pkcs11.SunPKCS11$Descriptor (jdk.crypto.cryptoki@17.0.2)
  96:           104           4992  ch.qos.logback.classic.Logger
  97:            64           4904  [Ljava.lang.reflect.Method; (java.base@17.0.2)
  98:           302           4832  java.security.SecureClassLoader$CodeSourceKey (java.base@17.0.2)
  99:           120           4800  java.lang.invoke.DirectMethodHandle$Constructor (java.base@17.0.2)
 100:            73           4672  java.lang.module.ModuleDescriptor (java.base@17.0.2)
 101:           192           4608  jdk.internal.module.ServicesCatalog$ServiceProvider (java.base@17.0.2)
 102:           143           4576  java.lang.invoke.MethodHandleNatives$CallSiteContext (java.base@17.0.2)
 103:            56           4456  [Ljava.util.WeakHashMap$Entry; (java.base@17.0.2)
 104:           278           4448  java.util.zip.CRC32 (java.base@17.0.2)
 105:           134           4288  java.lang.invoke.DirectMethodHandle (java.base@17.0.2)
 106:            87           4176  jdk.internal.org.objectweb.asm.AnnotationWriter (java.base@17.0.2)
 107:            71           3976  java.lang.Module (java.base@17.0.2)
 108:            71           3976  jdk.internal.module.ModuleReferenceImpl (java.base@17.0.2)
 109:            98           3920  java.io.FileDescriptor (java.base@17.0.2)
 110:            98           3920  java.lang.ref.Finalizer (java.base@17.0.2)
 111:            25           3800  io.netty.channel.nio.NioEventLoop
 112:            94           3760  java.lang.Package$VersionInfo (java.base@17.0.2)
 113:           148           3552  java.util.ImmutableCollections$List12 (java.base@17.0.2)
 114:            55           3520  java.util.zip.Inflater (java.base@17.0.2)
 115:           104           3512  [[C (java.base@17.0.2)
 116:           146           3504  java.lang.invoke.LambdaForm$NamedFunction (java.base@17.0.2)
 117:            43           3440  java.util.zip.ZipFile$Source (java.base@17.0.2)
 118:            84           3360  java.math.BigDecimal (java.base@17.0.2)
 119:           103           3296  jdk.internal.reflect.NativeConstructorAccessorImpl (java.base@17.0.2)
 120:           130           3120  java.util.ImmutableCollections$SetN (java.base@17.0.2)
 121:            95           3040  java.lang.Package (java.base@17.0.2)
 122:           124           2992  [Ljava.lang.reflect.Constructor; (java.base@17.0.2)
 123:           183           2928  java.util.HashMap$EntrySet (java.base@17.0.2)
 124:           119           2856  java.util.Collections$UnmodifiableRandomAccessList (java.base@17.0.2)
 125:            59           2832  jdk.internal.org.objectweb.asm.ClassReader (java.base@17.0.2)
 126:            88           2816  java.lang.invoke.MethodHandles$Lookup$ClassDefiner (java.base@17.0.2)
 127:           116           2784  java.util.concurrent.CopyOnWriteArrayList (java.base@17.0.2)
 128:            43           2752  sun.nio.fs.WindowsFileAttributes (java.base@17.0.2)
 129:            56           2688  java.util.WeakHashMap (java.base@17.0.2)
 130:            37           2664  java.util.regex.Matcher (java.base@17.0.2)
 131:            43           2408  java.io.FileCleanable (java.base@17.0.2)
 132:            43           2408  java.util.jar.JarFile (java.base@17.0.2)
 133:           100           2400  jdk.internal.org.objectweb.asm.Edge (java.base@17.0.2)
 134:            25           2400  sun.nio.ch.WEPollSelectorImpl (java.base@17.0.2)
 135:           139           2360  [Ljava.net.InetAddress; (java.base@17.0.2)
 136:            59           2360  jdk.internal.org.objectweb.asm.Handler (java.base@17.0.2)
 137:            87           2352  [Ljdk.internal.org.objectweb.asm.Type; (java.base@17.0.2)
 138:            72           2304  java.lang.invoke.BoundMethodHandle$Species_L (java.base@17.0.2)
 139:            72           2304  java.lang.ref.ReferenceQueue (java.base@17.0.2)
 140:            95           2280  java.util.ArrayDeque (java.base@17.0.2)
 141:            94           2256  java.lang.PublicMethods$MethodList (java.base@17.0.2)
 142:            46           2208  java.net.NetworkInterface (java.base@17.0.2)
 143:            25           2200  java.util.regex.Pattern (java.base@17.0.2)
 144:            68           2176  java.lang.invoke.LambdaForm$Kind (java.base@17.0.2)
 145:            53           2120  sun.security.util.NamedCurve (java.base@17.0.2)
 146:            88           2112  java.lang.invoke.MethodHandles$Lookup$ClassFile (java.base@17.0.2)
 147:            43           2064  jdk.internal.loader.URLClassPath$JarLoader (java.base@17.0.2)
 148:           128           2048  java.lang.Character (java.base@17.0.2)
 149:           124           1984  java.util.concurrent.atomic.AtomicInteger (java.base@17.0.2)
 150:            62           1984  jdk.internal.loader.BuiltinClassLoader$LoadedModule (java.base@17.0.2)
 151:            49           1960  io.vertx.ext.web.impl.RouterState
 152:            49           1960  java.io.ObjectStreamField (java.base@17.0.2)
 153:            20           1920  ch.qos.logback.classic.spi.LoggingEvent
 154:            29           1856  java.lang.invoke.InvokerBytecodeGenerator (java.base@17.0.2)
 155:            75           1800  java.lang.RuntimePermission (java.base@17.0.2)
 156:            71           1704  jdk.internal.module.SystemModuleFinders$2 (java.base@17.0.2)
 157:            53           1696  java.security.spec.EllipticCurve (java.base@17.0.2)
 158:            53           1696  sun.security.util.ObjectIdentifier (java.base@17.0.2)
 159:           103           1648  jdk.internal.reflect.DelegatingConstructorAccessorImpl (java.base@17.0.2)
 160:            68           1632  java.time.LocalDateTime (java.base@17.0.2)
 161:           101           1616  java.net.UnixDomainSocketAddress (java.base@17.0.2)
 162:             3           1592  [[B (java.base@17.0.2)
 163:            33           1584  java.time.temporal.ValueRange (java.base@17.0.2)
 164:            98           1568  java.lang.Byte (java.base@17.0.2)
 165:            64           1536  java.lang.module.ModuleDescriptor$Provides (java.base@17.0.2)
 166:            63           1512  java.lang.module.ResolvedModule (java.base@17.0.2)
 167:            63           1512  java.util.ImmutableCollections$Set12$1 (java.base@17.0.2)
 168:            63           1512  jdk.internal.module.SystemModuleFinders$SystemModuleReader (java.base@17.0.2)
 169:            10           1440  [Ljava.lang.invoke.MemberName; (java.base@17.0.2)
 170:            60           1440  [Ljava.lang.invoke.MethodHandles$Lookup$ClassOption; (java.base@17.0.2)
 171:            60           1440  java.lang.invoke.ConstantCallSite (java.base@17.0.2)
 172:            60           1440  java.lang.invoke.InfoFromMemberName (java.base@17.0.2)
 173:            90           1440  java.util.HashMap$KeySet (java.base@17.0.2)
 174:            59           1416  java.lang.invoke.InnerClassLambdaMetafactory$ForwardingMethodGenerator (java.base@17.0.2)
 175:            22           1408  sun.security.ec.SunEC$ProviderServiceA (jdk.crypto.ec@17.0.2)
 176:            25           1400  sun.nio.ch.SinkChannelImpl (java.base@17.0.2)
 177:            25           1400  sun.nio.ch.SourceChannelImpl (java.base@17.0.2)
 178:            43           1376  java.io.RandomAccessFile (java.base@17.0.2)
 179:            43           1376  java.util.zip.ZipFile$CleanableResource (java.base@17.0.2)
 180:            33           1320  java.security.ProtectionDomain (java.base@17.0.2)
 181:            55           1320  java.util.zip.Inflater$InflaterZStreamRef (java.base@17.0.2)
 182:            54           1296  java.security.spec.ECPoint (java.base@17.0.2)
 183:            39           1280  [Ljava.math.BigInteger; (java.base@17.0.2)
 184:            20           1280  sun.security.ec.SunEC$ProviderService (jdk.crypto.ec@17.0.2)
 185:            53           1272  java.util.Collections$SetFromMap (java.base@17.0.2)
 186:            39           1248  java.util.PropertyPermission (java.base@17.0.2)
 187:            30           1200  java.time.temporal.ChronoField (java.base@17.0.2)
 188:            74           1184  java.lang.ref.ReferenceQueue$Lock (java.base@17.0.2)
 189:            49           1176  java.time.LocalDate (java.base@17.0.2)
 190:            29           1160  java.util.HashMap$KeyIterator (java.base@17.0.2)
 191:            24           1152  java.util.TreeMap (java.base@17.0.2)
 192:            18           1136  [Ljava.lang.reflect.Field; (java.base@17.0.2)
 193:            20           1120  [Ljava.util.regex.Pattern$GroupHead; (java.base@17.0.2)
 194:             1           1104  [Lsun.security.util.KnownOIDs; (java.base@17.0.2)
 195:            46           1104  java.net.NetworkInterface$1 (java.base@17.0.2)
 196:            46           1104  java.util.regex.Pattern$BmpCharProperty (java.base@17.0.2)
 197:             2           1088  [Ljava.lang.Integer; (java.base@17.0.2)
 198:            27           1080  java.lang.invoke.DirectMethodHandle$Special (java.base@17.0.2)
 199:            67           1072  jdk.internal.module.SystemModuleFinders$3 (java.base@17.0.2)
 200:            44           1056  io.netty.channel.ChannelHandlerMask$2
 201:             1           1040  [Ljava.lang.Long; (java.base@17.0.2)
 202:             2           1040  io.vertx.core.impl.VertxThread
 203:            43           1032  java.util.concurrent.atomic.AtomicLong (java.base@17.0.2)
 204:            43           1032  java.util.zip.ZipFile$Source$Key (java.base@17.0.2)
 205:            32           1024  io.netty.util.AsciiString
 206:            42           1008  io.netty.util.internal.logging.LocationAwareSlf4JLogger
 207:            31            992  io.netty.channel.ChannelOption
 208:            31            992  java.lang.invoke.VarHandle$AccessMode (java.base@17.0.2)
 209:            41            984  org.slf4j.helpers.FormattingTuple
 210:            29            968  [Ljava.time.format.DateTimeFormatterBuilder$DateTimePrinterParser; (java.base@17.0.2)
 211:            40            960  io.netty.handler.codec.dns.DnsRecordType
 212:            30            960  java.security.Provider$EngineDescription (java.base@17.0.2)
 213:            39            936  java.time.Instant (java.base@17.0.2)
 214:            23            920  java.lang.invoke.MethodHandleImpl$IntrinsicMethodHandle (java.base@17.0.2)
 215:            23            920  java.security.AccessControlContext (java.base@17.0.2)
 216:            28            896  io.netty.util.concurrent.DefaultPromise
 217:             8            872  [D (java.base@17.0.2)
 218:            36            864  sun.reflect.generics.tree.SimpleClassTypeSignature (java.base@17.0.2)
 219:            15            840  java.nio.HeapByteBuffer (java.base@17.0.2)
 220:            26            832  java.util.Locale (java.base@17.0.2)
 221:            13            832  org.jcp.xml.dsig.internal.dom.XMLDSigRI$ProviderService (java.xml.crypto@17.0.2)
 222:            26            832  sun.util.locale.BaseLocale (java.base@17.0.2)
 223:            34            816  java.time.LocalTime (java.base@17.0.2)
 224:            25            800  java.net.InetAddress$InetAddressHolder (java.base@17.0.2)
 225:            50            800  java.nio.channels.spi.AbstractInterruptibleChannel$1 (java.base@17.0.2)
 226:            25            800  java.time.format.DateTimeFormatterBuilder$NumberPrinterParser (java.base@17.0.2)
 227:            20            800  java.util.StringJoiner (java.base@17.0.2)
 228:            25            800  java.util.concurrent.CountDownLatch$Sync (java.base@17.0.2)
 229:            49            784  jdk.internal.reflect.ConstantPool (java.base@17.0.2)
 230:            46            776  [Ljava.net.InterfaceAddress; (java.base@17.0.2)
 231:            31            744  java.security.Permissions (java.base@17.0.2)
 232:            31            744  java.util.concurrent.ConcurrentHashMap$KeySetView (java.base@17.0.2)
 233:            46            736  [Ljava.net.NetworkInterface; (java.base@17.0.2)
 234:            46            736  io.netty.util.internal.SocketUtils$11
 235:            23            736  java.lang.invoke.SimpleMethodHandle (java.base@17.0.2)
 236:            30            720  java.util.ImmutableCollections$SetN$SetNIterator (java.base@17.0.2)
 237:             4            704  java.lang.reflect.ProxyGenerator (java.base@17.0.2)
 238:            44            704  java.util.Collections$UnmodifiableSet (java.base@17.0.2)
 239:            22            704  java.util.TreeMap$KeyIterator (java.base@17.0.2)
 240:            44            704  java.util.WeakHashMap$KeySet (java.base@17.0.2)
 241:            29            696  java.lang.WeakPairMap$Pair$Lookup (java.base@17.0.2)
 242:            29            696  java.lang.invoke.InvokerBytecodeGenerator$ClassData (java.base@17.0.2)
 243:            29            696  java.time.format.DateTimeFormatterBuilder$CompositePrinterParser (java.base@17.0.2)
 244:            29            696  sun.security.provider.PolicyFile$PolicyEntry (java.base@17.0.2)
 245:            29            696  sun.security.util.LazyCodeSourcePermissionCollection (java.base@17.0.2)
 246:            17            680  java.lang.invoke.DirectMethodHandle$Accessor (java.base@17.0.2)
 247:            17            680  java.time.format.DateTimeFormatter (java.base@17.0.2)
 248:            28            672  java.util.ImmutableCollections$ListN (java.base@17.0.2)
 249:            28            672  java.util.regex.Pattern$CharProperty (java.base@17.0.2)
 250:            28            672  java.util.regex.Pattern$CharPropertyGreedy (java.base@17.0.2)
 251:            28            672  java.util.regex.Pattern$GroupTail (java.base@17.0.2)
 252:            27            648  java.util.regex.Pattern$GroupHead (java.base@17.0.2)
 253:            16            640  java.lang.NoSuchMethodError (java.base@17.0.2)
 254:            10            640  java.nio.DirectByteBuffer (java.base@17.0.2)
 255:            40            640  java.util.Collections$SingletonSet (java.base@17.0.2)
 256:            40            640  java.util.regex.Pattern$BitClass (java.base@17.0.2)
 257:            10            640  sun.security.mscapi.SunMSCAPI$ProviderService (jdk.crypto.mscapi@17.0.2)
 258:             3            624  [Ljava.lang.invoke.LambdaForm; (java.base@17.0.2)
 259:            26            624  java.security.spec.ECFieldF2m (java.base@17.0.2)
 260:            39            624  java.util.LinkedHashSet (java.base@17.0.2)
 261:            26            624  jdk.internal.util.jar.JarIndex (java.base@17.0.2)
 262:            36            608  [Lsun.reflect.generics.tree.TypeArgument; (java.base@17.0.2)
 263:            38            608  java.lang.constant.ReferenceClassDescImpl (java.base@17.0.2)
 264:            25            600  io.netty.channel.nio.SelectedSelectionKeySet
 265:            25            600  io.netty.channel.nio.SelectedSelectionKeySetSelector
 266:            25            600  io.netty.util.internal.ThreadExecutorMap$1
 267:            25            600  java.util.Arrays$ArrayList (java.base@17.0.2)
 268:            25            600  sun.nio.ch.PipeImpl (java.base@17.0.2)
 269:            14            592  [Ljava.lang.invoke.MethodType; (java.base@17.0.2)
 270:            37            592  [Ljava.util.regex.IntHashSet; (java.base@17.0.2)
 271:            24            576  java.util.Collections$1 (java.base@17.0.2)
 272:            24            576  sun.reflect.generics.factory.CoreReflectionFactory (java.base@17.0.2)
 273:            24            576  sun.reflect.generics.scope.ClassScope (java.base@17.0.2)
 274:            36            576  sun.reflect.generics.tree.ClassTypeSignature (java.base@17.0.2)
 275:             9            576  sun.security.mscapi.SunMSCAPI$ProviderServiceA (jdk.crypto.mscapi@17.0.2)
 276:            14            560  java.util.IdentityHashMap (java.base@17.0.2)
 277:             7            560  java.util.concurrent.TimeUnit (java.base@17.0.2)
 278:            10            560  sun.invoke.util.Wrapper (java.base@17.0.2)
 279:             5            560  sun.security.provider.HashDrbg (java.base@17.0.2)
 280:            14            560  sun.util.locale.LocaleObjectCache$CacheEntry (java.base@17.0.2)
 281:            23            552  io.vertx.ext.web.impl.RouteImpl
 282:            23            552  java.security.SecurityPermission (java.base@17.0.2)
 283:            23            552  java.util.zip.ZipFile$ZipEntryIterator (java.base@17.0.2)
 284:            19            544  [Ljava.io.ObjectStreamField; (java.base@17.0.2)
 285:            17            544  java.util.LinkedHashMap$LinkedValueIterator (java.base@17.0.2)
 286:             1            528  [Ljava.lang.Character; (java.base@17.0.2)
 287:            33            528  [Ljava.security.Principal; (java.base@17.0.2)
 288:             1            528  [Ljava.util.TimerTask; (java.base@17.0.2)
 289:            33            528  java.security.ProtectionDomain$Key (java.base@17.0.2)
 290:             8            512  com.sun.security.sasl.Provider$ProviderService (java.security.sasl@17.0.2)
 291:            16            512  java.time.temporal.ChronoUnit (java.base@17.0.2)
 292:            21            504  java.lang.PublicMethods$Key (java.base@17.0.2)
 293:            21            504  java.lang.invoke.Invokers (java.base@17.0.2)
 294:            21            504  java.security.BasicPermissionCollection (java.base@17.0.2)
 295:            21            504  java.util.AbstractMap$SimpleImmutableEntry (java.base@17.0.2)
 296:            21            504  java.util.regex.Pattern$Slice (java.base@17.0.2)
 297:             7            496  [Lsun.invoke.util.Wrapper; (java.base@17.0.2)
 298:            31            496  io.netty.handler.codec.http.HttpMethod
 299:            31            496  io.vertx.core.http.HttpMethod
 300:            31            496  java.util.regex.Pattern$$Lambda$19/0x800000025 (java.base@17.0.2)
 301:            12            480  java.lang.OutOfMemoryError (java.base@17.0.2)
 302:            15            480  java.lang.ThreadLocal$ThreadLocalMap$Entry (java.base@17.0.2)
 303:            20            480  java.lang.invoke.InnerClassLambdaMetafactory$1 (java.base@17.0.2)
 304:            10            480  java.lang.invoke.LambdaFormEditor$Transform (java.base@17.0.2)
 305:            20            480  java.lang.invoke.LambdaFormEditor$TransformKey (java.base@17.0.2)
 306:            29            464  java.util.regex.Pattern$CharPredicate$$Lambda$23/0x80000002d (java.base@17.0.2)
 307:            19            456  java.time.Duration (java.base@17.0.2)
 308:            19            456  java.util.jar.Manifest (java.base@17.0.2)
 309:            19            456  java.util.regex.Pattern$BmpCharPropertyGreedy (java.base@17.0.2)
 310:             4            448  [Lio.netty.buffer.PoolArena;
 311:            16            448  [Ljava.util.Formatter$Flags; (java.base@17.0.2)
 312:            11            440  java.lang.invoke.VarHandle$AccessDescriptor (java.base@17.0.2)
 313:             3            432  [Ljava.lang.invoke.VarHandle$AccessMode; (java.base@17.0.2)
 314:             1            432  [[[C (java.base@17.0.2)
 315:            18            432  java.net.Inet4Address (java.base@17.0.2)
 316:            27            432  java.security.spec.ECFieldFp (java.base@17.0.2)
 317:            18            432  java.util.regex.Pattern$TreeInfo (java.base@17.0.2)
 318:            13            416  java.lang.ref.WeakReference (java.base@17.0.2)
 319:            13            416  sun.security.jca.ProviderConfig (java.base@17.0.2)
 320:            17            408  jdk.internal.loader.AbstractClassLoaderValue$Sub (java.base@17.0.2)
 321:            17            408  sun.reflect.generics.parser.SignatureParser (java.base@17.0.2)
 322:            17            408  sun.reflect.generics.visitor.Reifier (java.base@17.0.2)
 323:            12            400  [Ljava.lang.constant.ClassDesc; (java.base@17.0.2)
 324:            25            400  io.netty.channel.nio.NioEventLoop$1
 325:            10            400  java.lang.invoke.DirectMethodHandle$Interface (java.base@17.0.2)
 326:            10            400  java.lang.invoke.VarHandleReferences$FieldInstanceReadWrite (java.base@17.0.2)
 327:            25            400  java.util.concurrent.CountDownLatch (java.base@17.0.2)
 328:            12            392  [Ljava.security.ProtectionDomain; (java.base@17.0.2)
 329:             3            384  io.netty.util.internal.InternalThreadLocalMap
 330:            16            384  java.util.regex.Pattern$StartS (java.base@17.0.2)
 331:             1            376  com.intellij.rt.execution.application.AppMainV2$1
 332:             1            376  java.lang.ref.Finalizer$FinalizerThread (java.base@17.0.2)
 333:             1            376  java.util.TimerThread (java.base@17.0.2)
 334:             1            376  jdk.internal.misc.InnocuousThread (java.base@17.0.2)
 335:             1            368  java.lang.ref.Reference$ReferenceHandler (java.base@17.0.2)
 336:            23            368  java.time.format.DateTimeFormatterBuilder$CharLiteralPrinterParser (java.base@17.0.2)
 337:            23            368  java.util.TreeSet (java.base@17.0.2)
 338:             1            368  sun.net.dns.ResolverConfigurationImpl$AddressChangeListener (java.base@17.0.2)
 339:             9            360  java.lang.WeakPairMap$Pair$Weak (java.base@17.0.2)
 340:            15            360  java.util.regex.Pattern$$Lambda$21/0x80000002a (java.base@17.0.2)
 341:             9            360  jdk.internal.loader.NativeLibraries$NativeLibraryImpl (java.base@17.0.2)
 342:            22            352  io.vertx.core.impl.logging.LoggerAdapter
 343:            22            352  io.vertx.core.logging.Logger
 344:            22            352  io.vertx.core.logging.SLF4JLogDelegate
 345:            11            352  java.lang.constant.DirectMethodHandleDesc$Kind (java.base@17.0.2)
 346:            22            352  java.util.TreeMap$KeySet (java.base@17.0.2)
 347:            11            352  jdk.internal.reflect.NativeMethodAccessorImpl (java.base@17.0.2)
 348:             7            336  java.lang.invoke.BoundMethodHandle$SpeciesData (java.base@17.0.2)
 349:             6            336  java.nio.DirectLongBufferU (java.base@17.0.2)
 350:            14            336  java.util.regex.Pattern$BmpCharPredicate$$Lambda$22/0x80000002b (java.base@17.0.2)
 351:            10            320  java.lang.constant.DirectMethodHandleDescImpl (java.base@17.0.2)
 352:            20            320  java.lang.invoke.LambdaFormEditor (java.base@17.0.2)
 353:            10            320  java.lang.invoke.VarForm (java.base@17.0.2)
 354:             8            320  java.lang.reflect.ProxyGenerator$ProxyMethod (java.base@17.0.2)
 355:             8            320  java.util.Formatter$FormatSpecifier (java.base@17.0.2)
 356:             8            320  java.util.HashMap$ValueIterator (java.base@17.0.2)
 357:             5            320  sun.security.provider.SHA2$SHA256 (java.base@17.0.2)
 358:            13            312  io.vertx.micrometer.Label
 359:             3            304  [Ljava.lang.ThreadLocal$ThreadLocalMap$Entry; (java.base@17.0.2)
 360:            19            304  java.util.jar.Attributes (java.base@17.0.2)
 361:             1            288  [Ljava.lang.invoke.LambdaForm$Kind; (java.base@17.0.2)
 362:             9            288  java.lang.WeakPairMap$Pair$Weak$1 (java.base@17.0.2)
 363:             9            288  java.lang.constant.PrimitiveClassDescImpl (java.base@17.0.2)
 364:            12            288  java.net.StandardSocketOptions$StdSocketOption (java.base@17.0.2)
 365:            18            288  java.util.Formatter$Flags (java.base@17.0.2)
 366:            12            288  sun.reflect.annotation.AnnotationInvocationHandler (java.base@17.0.2)
 367:            12            288  sun.reflect.annotation.AnnotationParser$1 (java.base@17.0.2)
 368:             7            280  [Ljava.lang.invoke.BoundMethodHandle$SpeciesData; (java.base@17.0.2)
 369:             7            280  java.util.EnumMap (java.base@17.0.2)
 370:             5            280  sun.util.calendar.ZoneInfo (java.base@17.0.2)
 371:             2            264  [Ljava.time.LocalDateTime; (java.base@17.0.2)
 372:            11            264  java.lang.NamedPackage (java.base@17.0.2)
 373:            11            264  java.lang.invoke.MethodHandleImpl$Intrinsic (java.base@17.0.2)
 374:            11            264  java.util.concurrent.locks.AbstractQueuedSynchronizer$ConditionObject (java.base@17.0.2)
 375:             5            256  [Ljava.util.Hashtable$Entry; (java.base@17.0.2)
 376:             8            256  java.lang.reflect.ProxyGenerator$PrimitiveTypeInfo (java.base@17.0.2)
 377:             4            256  java.security.SecureRandom (java.base@17.0.2)
 378:             8            256  java.util.Formatter (java.base@17.0.2)
 379:             8            256  java.util.Formatter$FixedString (java.base@17.0.2)
 380:             8            256  java.util.concurrent.ConcurrentHashMap$ReservationNode (java.base@17.0.2)
 381:             8            256  java.util.concurrent.atomic.AtomicReferenceFieldUpdater$AtomicReferenceFieldUpdaterImpl (java.base@17.0.2)
 382:             8            256  sun.reflect.generics.repository.ClassRepository (java.base@17.0.2)
 383:             5            240  [Ljava.lang.invoke.LambdaForm$NamedFunction; (java.base@17.0.2)
 384:            10            240  ch.qos.logback.core.util.CachingDateFormatter$CacheTuple
 385:             6            240  java.io.FilePermission (java.base@17.0.2)
 386:            10            240  java.lang.constant.MethodTypeDescImpl (java.base@17.0.2)
 387:            10            240  java.net.NetPermission (java.base@17.0.2)
 388:             5            240  java.net.URLPermission (java.base@17.0.2)
 389:            10            240  java.nio.charset.CoderResult (java.base@17.0.2)
 390:            10            240  java.nio.file.StandardOpenOption (java.base@17.0.2)
 391:             5            240  java.util.Hashtable (java.base@17.0.2)
 392:             6            240  java.util.stream.StreamOpFlag (java.base@17.0.2)
 393:             6            240  jdk.internal.loader.AbstractClassLoaderValue$Memoizer (java.base@17.0.2)
 394:            13            224  [Ljava.lang.constant.ConstantDesc; (java.base@17.0.2)
 395:             7            224  java.net.Inet6Address$Inet6AddressHolder (java.base@17.0.2)
 396:             4            224  java.net.SocketPermission (java.base@17.0.2)
 397:             7            224  java.util.Hashtable$Entry (java.base@17.0.2)
 398:             4            224  java.util.Properties (java.base@17.0.2)
 399:             7            224  java.util.regex.Pattern$Branch (java.base@17.0.2)
 400:             7            224  sun.util.locale.BaseLocale$Key (java.base@17.0.2)
 401:             9            216  io.netty.handler.codec.http.HttpMethod$EnumNameMap$Node
 402:             9            216  io.vertx.ext.web.impl.RouteState$Priority
 403:             3            216  java.util.concurrent.ThreadPoolExecutor (java.base@17.0.2)
 404:            13            208  java.lang.ThreadLocal (java.base@17.0.2)
 405:             5            200  sun.util.resources.Bundles$BundleReference (java.base@17.0.2)
 406:             6            192  io.netty.buffer.EmptyByteBuf
 407:             4            192  io.vertx.core.impl.VertxImpl$$Lambda$50/0x0000000800c86da8
 408:             6            192  java.lang.invoke.LambdaForm$BasicType (java.base@17.0.2)
 409:             8            192  java.math.RoundingMode (java.base@17.0.2)
 410:             3            192  java.nio.DirectByteBufferR (java.base@17.0.2)
 411:             6            192  java.security.MessageDigest$Delegate$CloneableDelegate (java.base@17.0.2)
 412:             8            192  java.time.ZonedDateTime (java.base@17.0.2)
 413:             8            192  java.time.format.DateTimePrintContext (java.base@17.0.2)
 414:             6            192  java.time.format.TextStyle (java.base@17.0.2)
 415:             6            192  java.util.Collections$UnmodifiableMap (java.base@17.0.2)
 416:             6            192  java.util.LinkedHashMap$LinkedEntryIterator (java.base@17.0.2)
 417:             6            192  java.util.LinkedHashMap$LinkedKeyIterator (java.base@17.0.2)
 418:             6            192  java.util.concurrent.ConcurrentHashMap$ForwardingNode (java.base@17.0.2)
 419:             4            192  java.util.concurrent.LinkedBlockingQueue (java.base@17.0.2)
 420:             8            192  sun.reflect.generics.tree.ClassSignature (java.base@17.0.2)
 421:             4            192  sun.security.provider.MoreDrbgParameters (java.base@17.0.2)
 422:             3            184  [Lio.vertx.micrometer.Label;
 423:             1            184  io.vertx.core.http.HttpServerOptions
 424:             3            176  [Ljava.nio.ByteBuffer; (java.base@17.0.2)
 425:            11            176  java.util.HashMap$Values (java.base@17.0.2)
 426:            11            176  jdk.internal.reflect.DelegatingMethodAccessorImpl (java.base@17.0.2)
 427:             7            168  [Ljava.util.regex.Pattern$Node; (java.base@17.0.2)
 428:             1            168  [[Ljava.math.BigInteger; (java.base@17.0.2)
 429:             7            168  ch.qos.logback.classic.Level
 430:             1            168  io.vertx.core.impl.VertxImpl
 431:             3            168  io.vertx.core.net.SSLOptions
 432:             1            168  io.vertx.micrometer.MetricsNaming
 433:             7            168  java.net.Inet6Address (java.base@17.0.2)
 434:             7            168  java.time.ZoneOffset (java.base@17.0.2)
 435:             7            168  java.util.regex.Pattern$Start (java.base@17.0.2)
 436:             4            160  [F (java.base@17.0.2)
 437:             2            160  [Ljava.lang.constant.DirectMethodHandleDesc$Kind; (java.base@17.0.2)
 438:             2            160  [Ljava.time.ZoneOffset; (java.base@17.0.2)
 439:             2            160  [Ljava.time.temporal.ChronoUnit; (java.base@17.0.2)
 440:             8            160  [Lsun.reflect.generics.tree.FormalTypeParameter; (java.base@17.0.2)
 441:             4            160  ch.qos.logback.core.status.InfoStatus
 442:             5            160  java.lang.invoke.VarHandle$AccessType (java.base@17.0.2)
 443:             4            160  java.lang.invoke.VarHandleInts$FieldInstanceReadWrite (java.base@17.0.2)
 444:             5            160  java.net.HostPortrange (java.base@17.0.2)
 445:            10            160  java.util.LinkedHashMap$LinkedKeySet (java.base@17.0.2)
 446:            10            160  java.util.LinkedHashMap$LinkedValues (java.base@17.0.2)
 447:             5            160  java.util.RegularEnumSet (java.base@17.0.2)
 448:             5            160  java.util.concurrent.atomic.AtomicIntegerFieldUpdater$AtomicIntegerFieldUpdaterImpl (java.base@17.0.2)
 449:             5            160  java.util.jar.Manifest$FastInputStream (java.base@17.0.2)
 450:             4            160  jdk.internal.ref.Cleaner (java.base@17.0.2)
 451:             5            160  sun.reflect.generics.reflectiveObjects.TypeVariableImpl (java.base@17.0.2)
 452:             5            160  sun.util.locale.provider.LocaleProviderAdapter$Type (java.base@17.0.2)
 453:             5            160  sun.util.resources.Bundles$CacheKey (java.base@17.0.2)
 454:             2            152  [[Ljava.lang.String; (java.base@17.0.2)
 455:             3            144  [Lio.netty.util.internal.PriorityQueueNode;
 456:             1            144  [Lio.vertx.core.http.HttpMethod;
 457:             2            144  [Ljava.math.BigDecimal; (java.base@17.0.2)
 458:             3            144  io.vertx.ext.web.impl.ParsableMIMEValue
 459:             6            144  java.lang.Class$AnnotationData (java.base@17.0.2)
 460:             3            144  java.lang.ThreadGroup (java.base@17.0.2)
 461:             6            144  java.net.InterfaceAddress (java.base@17.0.2)
 462:             3            144  java.time.temporal.JulianFields$Field (java.base@17.0.2)
 463:             6            144  java.util.Base64$Encoder (java.base@17.0.2)
 464:             6            144  java.util.regex.Pattern$Ques (java.base@17.0.2)
 465:             6            144  jdk.internal.perf.PerfCounter (java.base@17.0.2)
 466:             6            144  jdk.net.ExtendedSocketOptions$ExtSocketOption (jdk.net@17.0.2)
 467:             3            144  sun.nio.cs.UTF_8$Encoder (java.base@17.0.2)
 468:             1            144  sun.security.pkcs11.SunPKCS11 (jdk.crypto.cryptoki@17.0.2)
 469:             2            136  [Lio.netty.handler.codec.http.HttpMethod$EnumNameMap$Node;
 470:             2            136  [Lio.netty.util.concurrent.EventExecutor;
 471:             1            136  [Ljava.time.temporal.ChronoField; (java.base@17.0.2)
 472:             8            136  [Lsun.reflect.generics.tree.ClassTypeSignature; (java.base@17.0.2)
 473:             3            128  [Ljava.lang.Thread; (java.base@17.0.2)
 474:             2            128  com.sun.security.sasl.gsskerb.JdkSASL$ProviderService (jdk.security.jgss@17.0.2)
 475:             2            128  io.netty.buffer.PooledByteBufAllocator
 476:             8            128  io.netty.channel.$Proxy3
 477:             2            128  io.netty.util.concurrent.ScheduledFutureTask
 478:             2            128  io.vertx.core.impl.EventLoopContext
 479:             4            128  io.vertx.core.impl.future.Mapping
 480:             2            128  java.lang.module.ModuleDescriptor$Builder (java.base@17.0.2)
 481:             4            128  java.nio.DirectByteBuffer$Deallocator (java.base@17.0.2)
 482:             4            128  java.util.ImmutableCollections$MapN (java.base@17.0.2)
 483:             8            128  java.util.LinkedHashMap$LinkedEntrySet (java.base@17.0.2)
 484:             2            128  javax.naming.NameImpl (java.naming@17.0.2)
 485:             4            128  jdk.internal.loader.NativeLibraries (java.base@17.0.2)
 486:             4            128  sun.reflect.annotation.AnnotationType (java.base@17.0.2)
 487:             2            128  sun.security.jgss.SunProvider$ProviderService (java.security.jgss@17.0.2)
 488:             5            120  [Lio.netty.channel.socket.InternetProtocolFamily;
 489:             3            120  [Ljava.lang.invoke.LambdaForm$BasicType; (java.base@17.0.2)
 490:             3            120  [Ljava.lang.invoke.VarHandle$AccessType; (java.base@17.0.2)
 491:             5            120  [Lsun.reflect.generics.tree.FieldTypeSignature; (java.base@17.0.2)
 492:             5            120  io.vertx.core.impl.future.PromiseImpl
 493:             5            120  io.vertx.ext.web.handler.sockjs.Transport
 494:             5            120  java.io.ByteArrayOutputStream (java.base@17.0.2)
 495:             5            120  java.lang.PublicMethods (java.base@17.0.2)
 496:             3            120  java.lang.invoke.BoundMethodHandle$Species_LL (java.base@17.0.2)
 497:             5            120  java.lang.module.ModuleDescriptor$Opens (java.base@17.0.2)
 498:             5            120  java.net.InetSocketAddress$InetSocketAddressHolder (java.base@17.0.2)
 499:             3            120  java.time.format.DateTimeFormatterBuilder$FractionPrinterParser (java.base@17.0.2)
 500:             5            120  java.time.format.SignStyle (java.base@17.0.2)
 501:             5            120  java.util.stream.StreamOpFlag$Type (java.base@17.0.2)
 502:             5            120  jdk.internal.math.FloatingDecimal$PreparedASCIIToBinaryBuffer (java.base@17.0.2)
 503:             5            120  sun.nio.fs.WindowsPathType (java.base@17.0.2)
 504:             5            120  sun.reflect.generics.tree.FormalTypeParameter (java.base@17.0.2)
 505:             3            120  sun.util.locale.provider.LocaleResources$ResourceReference (java.base@17.0.2)
 506:             1            112  [Ljava.time.LocalTime; (java.base@17.0.2)
 507:             2            112  io.netty.channel.DefaultChannelHandlerContext
 508:             2            112  java.nio.DirectIntBufferRU (java.base@17.0.2)
 509:             2            112  java.nio.HeapCharBuffer (java.base@17.0.2)
 510:             2            112  java.util.concurrent.ConcurrentHashMap$EntryIterator (java.base@17.0.2)
 511:             2            112  java.util.concurrent.ConcurrentHashMap$ValueIterator (java.base@17.0.2)
 512:             7            112  java.util.regex.Pattern$BranchConn (java.base@17.0.2)
 513:             1            104  ch.qos.logback.classic.LoggerContext
 514:             1            104  com.sun.crypto.provider.SunJCE (java.base@17.0.2)
 515:             1            104  com.sun.security.sasl.Provider (java.security.sasl@17.0.2)
 516:             1            104  com.sun.security.sasl.gsskerb.JdkSASL (jdk.security.jgss@17.0.2)
 517:             1            104  io.netty.channel.socket.nio.NioServerSocketChannel
 518:             1            104  io.netty.resolver.dns.DnsNameResolverBuilder
 519:             1            104  io.vertx.core.http.impl.HttpServerImpl
 520:             1            104  io.vertx.core.net.NetServerOptions
 521:             1            104  jdk.internal.loader.ClassLoaders$AppClassLoader (java.base@17.0.2)
 522:             1            104  jdk.internal.loader.ClassLoaders$BootClassLoader (java.base@17.0.2)
 523:             1            104  jdk.internal.loader.ClassLoaders$PlatformClassLoader (java.base@17.0.2)
 524:             1            104  org.jcp.xml.dsig.internal.dom.XMLDSigRI (java.xml.crypto@17.0.2)
 525:             1            104  sun.security.ec.SunEC (jdk.crypto.ec@17.0.2)
 526:             1            104  sun.security.jca.ProviderList$1 (java.base@17.0.2)
 527:             1            104  sun.security.jgss.SunProvider (java.security.jgss@17.0.2)
 528:             1            104  sun.security.mscapi.SunMSCAPI (jdk.crypto.mscapi@17.0.2)
 529:             1            104  sun.security.provider.Sun (java.base@17.0.2)
 530:             1            104  sun.security.provider.certpath.ldap.JdkLDAP (java.naming@17.0.2)
 531:             1            104  sun.security.rsa.SunRsaSign (java.base@17.0.2)
 532:             1            104  sun.security.smartcardio.SunPCSC (java.smartcardio@17.0.2)
 533:             1            104  sun.security.ssl.SunJSSE (java.base@17.0.2)
 534:             4             96  [Lio.netty.handler.codec.dns.DnsRecordType;
 535:             5             96  [Ljava.lang.StackTraceElement; (java.base@17.0.2)
 536:             4             96  [Ljava.lang.reflect.Type; (java.base@17.0.2)
 537:             4             96  [Ljava.lang.reflect.TypeVariable; (java.base@17.0.2)
 538:             2             96  [Ljava.util.concurrent.TimeUnit; (java.base@17.0.2)
 539:             1             96  [Lsun.util.locale.BaseLocale; (java.base@17.0.2)
 540:             1             96  [[J (java.base@17.0.2)
 541:             4             96  io.netty.resolver.ResolvedAddressTypes
 542:             4             96  io.netty.util.ResourceLeakDetector$Level
 543:             4             96  io.vertx.core.impl.TaskQueue
 544:             4             96  io.vertx.ext.web.AllowForwardHeaders
 545:             3             96  java.lang.ClassValue$Entry (java.base@17.0.2)
 546:             3             96  java.lang.Runtime$Version (java.base@17.0.2)
 547:             6             96  java.lang.WeakPairMap$$Lambda$132/0x0000000800cf0f20 (java.base@17.0.2)
 548:             3             96  java.lang.constant.DynamicConstantDesc$AnonymousDynamicConstantDesc (java.base@17.0.2)
 549:             4             96  java.lang.module.ModuleDescriptor$Modifier (java.base@17.0.2)
 550:             4             96  java.lang.module.ModuleDescriptor$Requires$Modifier (java.base@17.0.2)
 551:             4             96  java.lang.reflect.Proxy$ProxyBuilder (java.base@17.0.2)
 552:             4             96  java.lang.reflect.Proxy$ProxyBuilder$1 (java.base@17.0.2)
 553:             4             96  java.time.format.DateTimeFormatterBuilder$OffsetIdPrinterParser (java.base@17.0.2)
 554:             4             96  java.time.format.DateTimeFormatterBuilder$SettingsParser (java.base@17.0.2)
 555:             4             96  java.util.Collections$SingletonList (java.base@17.0.2)
 556:             6             96  java.util.concurrent.ConcurrentHashMap$ValuesView (java.base@17.0.2)
 557:             4             96  java.util.concurrent.LinkedBlockingQueue$Node (java.base@17.0.2)
 558:             6             96  java.util.concurrent.atomic.AtomicBoolean (java.base@17.0.2)
 559:             4             96  java.util.concurrent.atomic.AtomicIntegerFieldUpdater$AtomicIntegerFieldUpdaterImpl$1 (java.base@17.0.2)
 560:             4             96  java.util.regex.Pattern$Dollar (java.base@17.0.2)
 561:             4             96  java.util.regex.Pattern$Qtype (java.base@17.0.2)
 562:             4             96  java.util.stream.StreamShape (java.base@17.0.2)
 563:             1             96  jdk.internal.jimage.ImageReader$SharedImageReader (java.base@17.0.2)
 564:             6             96  jdk.internal.loader.ClassLoaderValue (java.base@17.0.2)
 565:             3             96  sun.net.spi.DefaultProxySelector$NonProxyInfo (java.base@17.0.2)
 566:             2             96  sun.nio.cs.StreamEncoder (java.base@17.0.2)
 567:             3             96  sun.nio.fs.NativeBuffer (java.base@17.0.2)
 568:             4             96  sun.reflect.annotation.AnnotationType$1 (java.base@17.0.2)
 569:             4             96  sun.reflect.generics.reflectiveObjects.ParameterizedTypeImpl (java.base@17.0.2)
 570:             4             96  sun.security.provider.DRBG (java.base@17.0.2)
 571:             3             96  sun.util.locale.provider.LocaleResources (java.base@17.0.2)
 572:             1             88  [Lio.vertx.core.eventbus.MessageCodec;
 573:             4             88  [Ljava.util.Map$Entry; (java.base@17.0.2)
 574:             2             88  [Lsun.security.jca.ProviderConfig; (java.base@17.0.2)
 575:             1             88  sun.nio.ch.ServerSocketChannelImpl (java.base@17.0.2)
 576:             2             80  [Ljava.lang.OutOfMemoryError; (java.base@17.0.2)
 577:             2             80  [Ljava.util.stream.StreamOpFlag$Type; (java.base@17.0.2)
 578:             2             80  java.io.BufferedWriter (java.base@17.0.2)
 579:             2             80  java.io.PrintStream (java.base@17.0.2)
 580:             2             80  java.lang.ModuleLayer (java.base@17.0.2)
 581:             2             80  java.lang.invoke.MethodHandleImpl$AsVarargsCollector (java.base@17.0.2)
 582:             2             80  java.lang.invoke.VarHandleBooleans$FieldInstanceReadWrite (java.base@17.0.2)
 583:             2             80  java.lang.module.Configuration (java.base@17.0.2)
 584:             5             80  java.lang.reflect.Proxy$$Lambda$133/0x0000000800cf1160 (java.base@17.0.2)
 585:             5             80  java.net.InetSocketAddress (java.base@17.0.2)
 586:             5             80  java.net.URLPermission$Authority (java.base@17.0.2)
 587:             2             80  java.util.Collections$SingletonMap (java.base@17.0.2)
 588:             2             80  java.util.Locale$Category (java.base@17.0.2)
 589:             2             80  jdk.internal.math.FloatingDecimal$BinaryToASCIIBuffer (java.base@17.0.2)
 590:             1             80  sun.nio.ch.NioSocketImpl (java.base@17.0.2)
 591:             1             80  sun.util.cldr.CLDRLocaleProviderAdapter (java.base@17.0.2)
 592:             1             80  sun.util.locale.provider.JRELocaleProviderAdapter (java.base@17.0.2)
 593:             3             72  ch.qos.logback.classic.spi.Configurator$ExecutionStatus
 594:             3             72  ch.qos.logback.core.spi.FilterReply
 595:             3             72  io.netty.handler.ssl.ClientAuth
 596:             3             72  io.vertx.core.http.ClientAuth
 597:             3             72  io.vertx.core.http.HttpVersion
 598:             3             72  io.vertx.core.impl.future.SucceededFuture
 599:             3             72  io.vertx.core.tracing.TracingPolicy
 600:             1             72  io.vertx.ext.web.handler.impl.StaticHandlerImpl
 601:             3             72  io.vertx.ext.web.handler.sockjs.impl.BaseTransport$$Lambda$88/0x0000000800d12398
 602:             1             72  io.vertx.ext.web.handler.sockjs.impl.EventBusBridgeImpl
 603:             3             72  java.lang.ThreadLocal$ThreadLocalMap (java.base@17.0.2)
 604:             3             72  java.lang.WeakPairMap (java.base@17.0.2)
 605:             3             72  java.lang.annotation.RetentionPolicy (java.base@17.0.2)
 606:             3             72  java.lang.invoke.VarHandle$VarHandleDesc$Kind (java.base@17.0.2)
 607:             3             72  java.lang.invoke.VarHandleByteArrayAsInts$ArrayHandle (java.base@17.0.2)
 608:             3             72  java.lang.invoke.VarHandleByteArrayAsLongs$ArrayHandle (java.base@17.0.2)
 609:             3             72  java.net.Proxy$Type (java.base@17.0.2)
 610:             3             72  java.net.StandardProtocolFamily (java.base@17.0.2)
 611:             3             72  java.security.DrbgParameters$Capability (java.base@17.0.2)
 612:             3             72  java.time.format.ResolverStyle (java.base@17.0.2)
 613:             3             72  java.util.concurrent.atomic.AtomicReferenceFieldUpdater$AtomicReferenceFieldUpdaterImpl$1 (java.base@17.0.2)
 614:             3             72  java.util.stream.Collector$Characteristics (java.base@17.0.2)
 615:             3             72  jdk.internal.math.FloatingDecimal$ExceptionalBinaryToASCIIBuffer (java.base@17.0.2)
 616:             3             72  sun.nio.fs.NativeBuffer$Deallocator (java.base@17.0.2)
 617:             2             64  [Lio.vertx.core.http.ClientAuth;
 618:             2             64  [Ljava.lang.annotation.RetentionPolicy; (java.base@17.0.2)
 619:             1             64  [Ljava.lang.invoke.MethodHandleImpl$Intrinsic; (java.base@17.0.2)
 620:             2             64  [Ljava.nio.charset.CoderResult; (java.base@17.0.2)
 621:             2             64  [Ljava.util.stream.Collector$Characteristics; (java.base@17.0.2)
 622:             1             64  ch.qos.logback.core.ConsoleAppender
 623:             2             64  ch.qos.logback.core.joran.spi.ConsoleTarget
 624:             2             64  ch.qos.logback.core.util.COWArrayList
 625:             1             64  io.netty.channel.ChannelOutboundBuffer
 626:             1             64  io.netty.channel.DefaultChannelPipeline$HeadContext
 627:             2             64  io.netty.channel.nio.NioEventLoopGroup
 628:             2             64  io.netty.channel.socket.InternetProtocolFamily
 629:             1             64  io.netty.channel.socket.nio.NioServerSocketChannel$NioServerSocketChannelConfig
 630:             2             64  io.netty.resolver.dns.DefaultDnsCache
 631:             1             64  io.netty.util.concurrent.GlobalEventExecutor
 632:             4             64  io.netty.util.internal.SocketUtils$13
 633:             1             64  io.vertx.core.dns.AddressResolverOptions
 634:             2             64  io.vertx.core.http.impl.HttpServerImpl$HttpStreamHandler
 635:             1             64  io.vertx.core.http.impl.HttpServerWorker
 636:             2             64  io.vertx.core.impl.CloseFuture
 637:             1             64  io.vertx.core.impl.DeploymentManager$$Lambda$76/0x0000000800d04210
 638:             4             64  io.vertx.core.impl.TaskQueue$$Lambda$74/0x0000000800d032e0
 639:             2             64  io.vertx.core.impl.btc.ThreadInfo
 640:             2             64  io.vertx.core.impl.future.FixedMapping
 641:             1             64  io.vertx.core.net.impl.SSLHelper
 642:             1             64  io.vertx.ext.web.impl.LRUCache
 643:             2             64  java.io.BufferedOutputStream (java.base@17.0.2)
 644:             2             64  java.io.FileOutputStream (java.base@17.0.2)
 645:             2             64  java.lang.ref.ReferenceQueue$Null (java.base@17.0.2)
 646:             1             64  java.net.SocksSocketImpl (java.base@17.0.2)
 647:             2             64  java.time.format.DateTimeFormatterBuilder$TextPrinterParser (java.base@17.0.2)
 648:             2             64  java.time.temporal.IsoFields$Unit (java.base@17.0.2)
 649:             2             64  java.util.Collections$SynchronizedMap (java.base@17.0.2)
 650:             2             64  java.util.HexFormat (java.base@17.0.2)
 651:             4             64  java.util.IdentityHashMap$KeySet (java.base@17.0.2)
 652:             2             64  java.util.Vector (java.base@17.0.2)
 653:             4             64  java.util.concurrent.ConcurrentHashMap$EntrySetView (java.base@17.0.2)
 654:             2             64  java.util.stream.FindOps$FindOp (java.base@17.0.2)
 655:             1             64  java.util.stream.IntPipeline$1 (java.base@17.0.2)
 656:             1             64  java.util.stream.ReferencePipeline$2 (java.base@17.0.2)
 657:             1             64  java.util.stream.ReferencePipeline$3 (java.base@17.0.2)
 658:             4             64  jdk.internal.module.ServicesCatalog (java.base@17.0.2)
 659:             1             64  sun.security.provider.certpath.ldap.JdkLDAP$ProviderService (java.naming@17.0.2)
 660:             1             64  sun.security.smartcardio.SunPCSC$ProviderService (java.smartcardio@17.0.2)
 661:             2             56  [Lio.vertx.core.http.HttpVersion;
 662:             1             56  [Lio.vertx.ext.web.impl.RouteState$Priority;
 663:             1             56  [Ljava.lang.Runnable; (java.base@17.0.2)
 664:             1             56  [Ljava.nio.file.StandardOpenOption; (java.base@17.0.2)
 665:             1             56  [[I (java.base@17.0.2)
 666:             1             56  ch.qos.logback.classic.layout.TTLLLayout
 667:             1             56  io.netty.bootstrap.ServerBootstrap
 668:             1             56  io.netty.channel.DefaultChannelPipeline$TailContext
 669:             1             56  io.vertx.core.http.Http2Settings
 670:             1             56  io.vertx.core.impl.DeploymentManager$$Lambda$141/0x0000000800d5c000
 671:             1             56  io.vertx.core.impl.DeploymentManager$DeploymentImpl
 672:             1             56  io.vertx.core.impl.btc.BlockedThreadChecker$1
 673:             1             56  io.vertx.core.net.impl.SslContextProvider
 674:             1             56  java.lang.invoke.BoundMethodHandle$Specializer (java.base@17.0.2)
 675:             1             56  java.util.ServiceLoader (java.base@17.0.2)
 676:             1             56  java.util.stream.IntPipeline$Head (java.base@17.0.2)
 677:             1             56  java.util.stream.ReferencePipeline$Head (java.base@17.0.2)
 678:             1             56  sun.security.provider.MD5 (java.base@17.0.2)
 679:             2             48  [Lio.netty.channel.ChannelHandler;
 680:             2             48  [Lio.vertx.ext.web.handler.FileSystemAccess;
 681:             3             48  [Ljava.lang.annotation.Annotation; (java.base@17.0.2)
 682:             1             48  [Ljava.math.RoundingMode; (java.base@17.0.2)
 683:             1             48  ch.qos.logback.classic.pattern.ThrowableProxyConverter
 684:             1             48  ch.qos.logback.core.encoder.LayoutWrappingEncoder
 685:             3             48  ch.qos.logback.core.spi.LogbackLock
 686:             2             48  ch.qos.logback.core.util.CachingDateFormatter
 687:             1             48  com.sun.jndi.dns.ZoneNode (jdk.naming.dns@17.0.2)
 688:             1             48  io.netty.bootstrap.AbstractBootstrap$PendingRegistrationPromise
 689:             2             48  io.netty.buffer.PooledByteBufAllocator$PoolThreadLocalCache
 690:             2             48  io.netty.buffer.UnpooledByteBufAllocator
 691:             2             48  io.netty.buffer.UnpooledByteBufAllocator$UnpooledByteBufAllocatorMetric
 692:             1             48  io.netty.channel.AbstractChannel$CloseFuture
 693:             1             48  io.netty.channel.DefaultChannelPipeline
 694:             1             48  io.netty.channel.DefaultChannelPromise
 695:             2             48  io.netty.channel.VoidChannelPromise
 696:             2             48  io.netty.handler.logging.ByteBufFormat
 697:             2             48  io.netty.resolver.dns.DefaultDnsCache$1
 698:             2             48  io.netty.resolver.dns.DnsServerAddresses$1
 699:             1             48  io.netty.util.collection.IntObjectHashMap
 700:             3             48  io.netty.util.concurrent.PromiseTask$SentinelRunnable
 701:             2             48  io.netty.util.internal.DefaultPriorityQueue
 702:             2             48  io.netty.util.internal.ThreadExecutorMap$2
 703:             3             48  io.netty.util.internal.TypeParameterMatcher$ReflectiveMatcher
 704:             1             48  io.vertx.core.DeploymentOptions
 705:             1             48  io.vertx.core.buffer.impl.VertxUnsafeHeapByteBuf
 706:             1             48  io.vertx.core.eventbus.impl.CodecManager
 707:             1             48  io.vertx.core.eventbus.impl.EventBusImpl
 708:             1             48  io.vertx.core.impl.VertxImpl$InternalTimerHandler
 709:             2             48  io.vertx.core.impl.WorkerPool
 710:             2             48  io.vertx.core.impl.future.FutureImpl$3
 711:             1             48  io.vertx.core.net.impl.SslChannelProvider
 712:             1             48  io.vertx.core.net.impl.TCPServerBase$$Lambda$122/0x0000000800d40450
 713:             1             48  io.vertx.core.net.impl.TCPServerBase$$Lambda$137/0x0000000800d55d30
 714:             2             48  io.vertx.core.net.impl.VertxEventLoopGroup$EventLoopHolder
 715:             2             48  io.vertx.ext.web.handler.FileSystemAccess
 716:             1             48  io.vertx.ext.web.handler.impl.StaticHandlerImpl$FSTune
 717:             1             48  io.vertx.ext.web.handler.sockjs.SockJSBridgeOptions
 718:             1             48  io.vertx.ext.web.handler.sockjs.SockJSHandlerOptions
 719:             3             48  io.vertx.ext.web.impl.ParsableHeaderValue$$Lambda$105/0x0000000800d35a98
 720:             3             48  io.vertx.ext.web.impl.ParsableHeaderValue$$Lambda$106/0x0000000800d35cc8
 721:             3             48  io.vertx.ext.web.impl.ParsableHeaderValue$$Lambda$107/0x0000000800d35ef8
 722:             3             48  io.vertx.ext.web.impl.ParsableMIMEValue$$Lambda$109/0x0000000800d365b8
 723:             3             48  io.vertx.ext.web.impl.ParsableMIMEValue$$Lambda$110/0x0000000800d367e8
 724:             2             48  io.vertx.ext.web.impl.RouterImpl
 725:             1             48  java.io.BufferedReader (java.base@17.0.2)
 726:             2             48  java.io.File$PathStatus (java.base@17.0.2)
 727:             2             48  java.io.FilePermissionCollection (java.base@17.0.2)
 728:             2             48  java.io.OutputStreamWriter (java.base@17.0.2)
 729:             2             48  java.lang.Class$3 (java.base@17.0.2)
 730:             2             48  java.lang.ClassValue$Version (java.base@17.0.2)
 731:             1             48  java.lang.NullPointerException (java.base@17.0.2)
 732:             1             48  java.lang.ProcessEnvironment (java.base@17.0.2)
 733:             1             48  java.lang.ProcessHandleImpl (java.base@17.0.2)
 734:             1             48  java.lang.StackTraceElement (java.base@17.0.2)
 735:             1             48  java.lang.invoke.BoundMethodHandle$Specializer$Factory (java.base@17.0.2)
 736:             1             48  java.lang.invoke.BoundMethodHandle$Species_LLLLL (java.base@17.0.2)
 737:             2             48  java.lang.invoke.MethodHandles$Lookup$ClassOption (java.base@17.0.2)
 738:             2             48  java.lang.invoke.VarHandle$TypesAndInvokers (java.base@17.0.2)
 739:             2             48  java.lang.management.ManagementPermission (java.management@17.0.2)
 740:             2             48  java.lang.reflect.ReflectPermission (java.base@17.0.2)
 741:             3             48  java.nio.charset.CodingErrorAction (java.base@17.0.2)
 742:             2             48  java.security.DrbgParameters$Instantiation (java.base@17.0.2)
 743:             2             48  java.security.DrbgParameters$NextBytes (java.base@17.0.2)
 744:             2             48  java.time.format.DateTimeFormatterBuilder$1 (java.base@17.0.2)
 745:             2             48  java.time.format.DateTimeFormatterBuilder$ZoneIdPrinterParser (java.base@17.0.2)
 746:             2             48  java.time.format.DateTimeTextProvider$LocaleStore (java.base@17.0.2)
 747:             3             48  java.util.Base64$Decoder (java.base@17.0.2)
 748:             3             48  java.util.Optional (java.base@17.0.2)
 749:             3             48  java.util.ResourceBundle$NoFallbackControl (java.base@17.0.2)
 750:             1             48  java.util.concurrent.ConcurrentSkipListMap (java.base@17.0.2)
 751:             2             48  java.util.concurrent.ConcurrentSkipListMap$Node (java.base@17.0.2)
 752:             3             48  java.util.concurrent.atomic.AtomicReference (java.base@17.0.2)
 753:             1             48  java.util.regex.Pattern$GroupCurly (java.base@17.0.2)
 754:             2             48  java.util.regex.Pattern$Pos (java.base@17.0.2)
 755:             1             48  jdk.internal.jimage.ImageHeader (java.base@17.0.2)
 756:             2             48  jdk.internal.misc.Signal (java.base@17.0.2)
 757:             2             48  jdk.internal.misc.Signal$NativeHandler (java.base@17.0.2)
 758:             3             48  jdk.internal.util.Preconditions$1 (java.base@17.0.2)
 759:             3             48  org.slf4j.helpers.BasicMarkerFactory
 760:             1             48  sun.nio.ch.SelectionKeyImpl (java.base@17.0.2)
 761:             3             48  sun.nio.ch.SocketDispatcher (java.base@17.0.2)
 762:             2             48  sun.nio.ch.Util$BufferCache (java.base@17.0.2)
 763:             1             48  sun.nio.cs.StreamDecoder (java.base@17.0.2)
 764:             2             48  sun.security.jca.GetInstance$Instance (java.base@17.0.2)
 765:             2             48  sun.security.jca.ProviderList (java.base@17.0.2)
 766:             2             48  sun.security.jca.ProviderList$3 (java.base@17.0.2)
 767:             1             48  sun.util.resources.TimeZoneNames (java.base@17.0.2)
 768:             1             48  sun.util.resources.TimeZoneNames_en (java.base@17.0.2)
 769:             1             48  sun.util.resources.cldr.TimeZoneNames (java.base@17.0.2)
 770:             1             48  sun.util.resources.cldr.TimeZoneNames_en (java.base@17.0.2)
 771:             2             40  [Lch.qos.logback.core.Appender;
 772:             1             40  [Lio.vertx.ext.web.handler.sockjs.Transport;
 773:             1             40  [Ljava.nio.charset.Charset; (java.base@17.0.2)
 774:             1             40  [Ljava.time.format.SignStyle; (java.base@17.0.2)
 775:             1             40  [Ljava.time.format.TextStyle; (java.base@17.0.2)
 776:             1             40  [Ljava.util.stream.StreamOpFlag; (java.base@17.0.2)
 777:             1             40  [Lsun.nio.fs.WindowsPathType; (java.base@17.0.2)
 778:             1             40  [Lsun.util.locale.provider.LocaleProviderAdapter$Type; (java.base@17.0.2)
 779:             1             40  [[Ljava.lang.invoke.LambdaForm$Name; (java.base@17.0.2)
 780:             1             40  ch.qos.logback.core.BasicStatusManager
 781:             1             40  com.sun.management.internal.DiagnosticCommandImpl (jdk.management@17.0.2)
 782:             1             40  io.netty.bootstrap.ServerBootstrap$1
 783:             1             40  io.netty.bootstrap.ServerBootstrap$ServerBootstrapAcceptor
 784:             1             40  io.netty.channel.group.DefaultChannelGroup
 785:             1             40  io.netty.channel.nio.AbstractNioMessageChannel$NioMessageUnsafe
 786:             1             40  io.netty.resolver.DefaultHostsFileEntriesResolver
 787:             1             40  io.netty.util.ResourceLeakDetector
 788:             1             40  io.netty.util.concurrent.DefaultPromise$StacklessCancellationException
 789:             1             40  io.vertx.core.http.impl.HttpServerConnectionHandler
 790:             1             40  io.vertx.core.impl.resolver.DnsResolverProvider$2
 791:             1             40  io.vertx.core.shareddata.impl.SharedDataImpl
 792:             1             40  java.io.BufferedInputStream (java.base@17.0.2)
 793:             1             40  java.lang.ArithmeticException (java.base@17.0.2)
 794:             1             40  java.lang.UnsupportedOperationException (java.base@17.0.2)
 795:             1             40  java.lang.VirtualMachineError (java.base@17.0.2)
 796:             1             40  java.lang.invoke.BoundMethodHandle$Species_LJ (java.base@17.0.2)
 797:             1             40  java.lang.invoke.VarHandleLongs$FieldInstanceReadWrite (java.base@17.0.2)
 798:             1             40  java.net.InetAddress$CachedAddresses (java.base@17.0.2)
 799:             1             40  java.net.Socket (java.base@17.0.2)
 800:             1             40  java.time.format.DateTimeFormatterBuilder (java.base@17.0.2)
 801:             1             40  java.time.zone.ZoneRules (java.base@17.0.2)
 802:             1             40  java.util.HashMap$EntryIterator (java.base@17.0.2)
 803:             1             40  java.util.IdentityHashMap$KeyIterator (java.base@17.0.2)
 804:             1             40  java.util.ResourceBundle$2 (java.base@17.0.2)
 805:             1             40  java.util.ServiceLoader$LazyClassPathLookupIterator (java.base@17.0.2)
 806:             1             40  java.util.stream.Nodes$SpinedNodeBuilder (java.base@17.0.2)
 807:             1             40  jdk.internal.loader.URLClassPath (java.base@17.0.2)
 808:             1             40  jdk.internal.ref.CleanerImpl$CleanerCleanable (java.base@17.0.2)
 809:             1             40  sun.nio.ch.ServerSocketAdaptor (java.base@17.0.2)
 810:             1             40  sun.nio.cs.StandardCharsets$Aliases (java.base@17.0.2)
 811:             1             40  sun.nio.cs.StandardCharsets$Cache (java.base@17.0.2)
 812:             1             40  sun.nio.cs.StandardCharsets$Classes (java.base@17.0.2)
 813:             1             40  sun.nio.cs.US_ASCII$Decoder (java.base@17.0.2)
 814:             1             40  sun.util.resources.Bundles$1 (java.base@17.0.2)
 815:             1             32  [Lch.qos.logback.classic.spi.Configurator$ExecutionStatus;
 816:             1             32  [Lch.qos.logback.core.spi.FilterReply;
 817:             2             32  [Lio.netty.handler.codec.dns.DnsRecord;
 818:             1             32  [Lio.netty.handler.ssl.ClientAuth;
 819:             1             32  [Lio.netty.resolver.ResolvedAddressTypes;
 820:             1             32  [Lio.netty.util.ResourceLeakDetector$Level;
 821:             2             32  [Lio.vertx.core.Handler;
 822:             1             32  [Lio.vertx.core.tracing.TracingPolicy;
 823:             1             32  [Lio.vertx.ext.web.AllowForwardHeaders;
 824:             1             32  [Lio.vertx.ext.web.MIMEHeader;
 825:             1             32  [Ljava.io.File; (java.base@17.0.2)
 826:             1             32  [Ljava.lang.ThreadGroup; (java.base@17.0.2)
 827:             2             32  [Ljava.lang.Throwable; (java.base@17.0.2)
 828:             1             32  [Ljava.lang.invoke.LambdaFormEditor$Transform; (java.base@17.0.2)
 829:             1             32  [Ljava.lang.invoke.VarHandle$VarHandleDesc$Kind; (java.base@17.0.2)
 830:             1             32  [Ljava.lang.module.ModuleDescriptor$Modifier; (java.base@17.0.2)
 831:             1             32  [Ljava.lang.module.ModuleDescriptor$Requires$Modifier; (java.base@17.0.2)
 832:             1             32  [Ljava.net.Proxy$Type; (java.base@17.0.2)
 833:             1             32  [Ljava.net.StandardProtocolFamily; (java.base@17.0.2)
 834:             1             32  [Ljava.security.DrbgParameters$Capability; (java.base@17.0.2)
 835:             2             32  [Ljava.security.cert.Certificate; (java.base@17.0.2)
 836:             1             32  [Ljava.time.format.DateTimeFormatterBuilder$SettingsParser; (java.base@17.0.2)
 837:             1             32  [Ljava.time.format.ResolverStyle; (java.base@17.0.2)
 838:             1             32  [Ljava.time.temporal.IsoFields$Field; (java.base@17.0.2)
 839:             1             32  [Ljava.time.temporal.JulianFields$Field; (java.base@17.0.2)
 840:             1             32  [Ljava.util.regex.Pattern$Qtype; (java.base@17.0.2)
 841:             1             32  [Ljava.util.stream.StreamShape; (java.base@17.0.2)
 842:             1             32  [Ljdk.internal.module.ServicesCatalog; (java.base@17.0.2)
 843:             1             32  [Lsun.nio.fs.NativeBuffer; (java.base@17.0.2)
 844:             1             32  ch.qos.logback.classic.spi.LoggerContextVO
 845:             1             32  ch.qos.logback.core.helpers.CyclicBuffer
 846:             1             32  io.netty.bootstrap.AbstractBootstrap$1
 847:             1             32  io.netty.bootstrap.AbstractBootstrap$2
 848:             2             32  io.netty.buffer.PooledByteBufAllocator$1
 849:             2             32  io.netty.buffer.PooledByteBufAllocatorMetric
 850:             1             32  io.netty.channel.DefaultChannelId
 851:             2             32  io.netty.handler.codec.dns.DnsQueryEncoder
 852:             1             32  io.netty.util.concurrent.DefaultThreadFactory
 853:             2             32  io.netty.util.concurrent.FastThreadLocalRunnable
 854:             2             32  io.netty.util.concurrent.MultithreadEventExecutorGroup$1
 855:             2             32  io.netty.util.concurrent.SingleThreadEventExecutor$4
 856:             2             32  io.netty.util.concurrent.ThreadPerTaskExecutor
 857:             2             32  io.netty.util.internal.logging.Slf4JLoggerFactory
 858:             1             32  io.vertx.core.impl.DeploymentManager$VerticleHolder
 859:             1             32  io.vertx.core.impl.VerticleManager
 860:             1             32  io.vertx.core.impl.resolver.DnsResolverProvider
 861:             2             32  io.vertx.core.json.JsonObject
 862:             1             32  io.vertx.core.net.impl.SSLHelper$EngineConfig
 863:             1             32  io.vertx.core.net.impl.ServerChannelLoadBalancer
 864:             1             32  io.vertx.core.net.impl.SocketAddressImpl
 865:             1             32  io.vertx.core.net.impl.TCPServerBase$$Lambda$138/0x0000000800d567e0
 866:             1             32  io.vertx.ext.auth.PRNG
 867:             1             32  io.vertx.ext.auth.PRNG$$Lambda$89/0x0000000800d12a78
 868:             1             32  io.vertx.ext.bridge.PermittedOptions
 869:             1             32  io.vertx.ext.web.handler.impl.StaticHandlerImpl$FSPropsCache
 870:             1             32  io.vertx.ext.web.handler.sockjs.impl.EventSourceTransport
 871:             1             32  io.vertx.ext.web.handler.sockjs.impl.HtmlFileTransport
 872:             1             32  io.vertx.ext.web.handler.sockjs.impl.JsonPTransport
 873:             1             32  io.vertx.ext.web.handler.sockjs.impl.RawWebSocketTransport
 874:             1             32  io.vertx.ext.web.handler.sockjs.impl.WebSocketTransport
 875:             1             32  io.vertx.ext.web.handler.sockjs.impl.XhrTransport
 876:             1             32  java.io.FileInputStream (java.base@17.0.2)
 877:             1             32  java.io.WinNTFileSystem (java.base@17.0.2)
 878:             2             32  java.lang.Boolean (java.base@17.0.2)
 879:             2             32  java.lang.ClassValue$Identity (java.base@17.0.2)
 880:             1             32  java.lang.Module$ArchivedData (java.base@17.0.2)
 881:             2             32  java.lang.Shutdown$Lock (java.base@17.0.2)
 882:             1             32  java.lang.module.ModuleDescriptor$Version (java.base@17.0.2)
 883:             1             32  java.net.InetAddress$CachedLocalHost (java.base@17.0.2)
 884:             2             32  java.nio.ByteOrder (java.base@17.0.2)
 885:             2             32  java.nio.channels.spi.AbstractSelector$1 (java.base@17.0.2)
 886:             1             32  java.security.UnresolvedPermission (java.base@17.0.2)
 887:             2             32  java.time.format.DateTimeFormatterBuilder$StringLiteralPrinterParser (java.base@17.0.2)
 888:             1             32  java.util.AbstractList$Itr (java.base@17.0.2)
 889:             1             32  java.util.ArrayList$ArrayListSpliterator (java.base@17.0.2)
 890:             1             32  java.util.BitSet$1BitSetSpliterator (java.base@17.0.2)
 891:             2             32  java.util.ResourceBundle$SingleFormatControl (java.base@17.0.2)
 892:             1             32  java.util.ServiceLoader$ModuleServicesLookupIterator (java.base@17.0.2)
 893:             1             32  java.util.concurrent.SynchronousQueue (java.base@17.0.2)
 894:             1             32  java.util.concurrent.ThreadLocalRandom (java.base@17.0.2)
 895:             1             32  java.util.concurrent.atomic.AtomicLongFieldUpdater$CASUpdater (java.base@17.0.2)
 896:             1             32  java.util.concurrent.atomic.LongAdder (java.base@17.0.2)
 897:             1             32  java.util.regex.Pattern$BnM (java.base@17.0.2)
 898:             2             32  java.util.regex.Pattern$Caret (java.base@17.0.2)
 899:             1             32  java.util.stream.Collectors$CollectorImpl (java.base@17.0.2)
 900:             1             32  java.util.stream.ReduceOps$3 (java.base@17.0.2)
 901:             1             32  java.util.stream.ReduceOps$3ReducingSink (java.base@17.0.2)
 902:             1             32  java.util.zip.ZipCoder$UTF8ZipCoder (java.base@17.0.2)
 903:             2             32  javax.naming.CompositeName (java.naming@17.0.2)
 904:             1             32  jdk.internal.loader.ArchivedClassLoaders (java.base@17.0.2)
 905:             2             32  jdk.internal.module.ModuleResolution (java.base@17.0.2)
 906:             1             32  jdk.internal.org.objectweb.asm.ConstantDynamic (java.base@17.0.2)
 907:             1             32  jdk.internal.org.objectweb.asm.Handle (java.base@17.0.2)
 908:             1             32  jdk.internal.reflect.UnsafeQualifiedStaticObjectFieldAccessorImpl (java.base@17.0.2)
 909:             1             32  jdk.net.ExtendedSocketOptions$1 (jdk.net@17.0.2)
 910:             2             32  jdk.proxy1.$Proxy1 (jdk.proxy1)
 911:             2             32  org.slf4j.helpers.ThreadLocalMapOfStacks
 912:             1             32  sun.instrument.InstrumentationImpl (java.instrument@17.0.2)
 913:             1             32  sun.nio.ch.DummySocketImpl (java.base@17.0.2)
 914:             1             32  sun.security.provider.PolicyFile (java.base@17.0.2)
 915:             1             32  sun.security.provider.PolicyFile$PolicyInfo (java.base@17.0.2)
 916:             1             32  sun.security.util.KnownOIDs$1 (java.base@17.0.2)
 917:             1             32  sun.security.util.KnownOIDs$10 (java.base@17.0.2)
 918:             1             32  sun.security.util.KnownOIDs$2 (java.base@17.0.2)
 919:             1             32  sun.security.util.KnownOIDs$3 (java.base@17.0.2)
 920:             1             32  sun.security.util.KnownOIDs$4 (java.base@17.0.2)
 921:             1             32  sun.security.util.KnownOIDs$5 (java.base@17.0.2)
 922:             1             32  sun.security.util.KnownOIDs$6 (java.base@17.0.2)
 923:             1             32  sun.security.util.KnownOIDs$7 (java.base@17.0.2)
 924:             1             32  sun.security.util.KnownOIDs$8 (java.base@17.0.2)
 925:             1             32  sun.security.util.KnownOIDs$9 (java.base@17.0.2)
 926:             2             32  sun.util.resources.LocaleData (java.base@17.0.2)
 927:             1             24  [Lch.qos.logback.core.joran.spi.ConsoleTarget;
 928:             1             24  [Lio.netty.handler.logging.ByteBufFormat;
 929:             1             24  [Lio.netty.handler.ssl.SslContext;
 930:             1             24  [Lio.vertx.core.Verticle;
 931:             1             24  [Lio.vertx.core.eventbus.impl.DefaultSerializableChecker;
 932:             1             24  [Ljava.io.File$PathStatus; (java.base@17.0.2)
 933:             1             24  [Ljava.lang.ClassValue$Entry; (java.base@17.0.2)
 934:             1             24  [Ljava.net.URL; (java.base@17.0.2)
 935:             1             24  [Ljava.time.temporal.IsoFields$Unit; (java.base@17.0.2)
 936:             1             24  [Ljava.util.Locale$Category; (java.base@17.0.2)
 937:             1             24  [Ljava.util.Map; (java.base@17.0.2)
 938:             1             24  [Ljava.util.jar.Manifest; (java.base@17.0.2)
 939:             1             24  [Ljdk.internal.access.JavaSecurityAccess$ProtectionDomainCache; (java.base@17.0.2)
 940:             1             24  ch.qos.logback.classic.BasicConfigurator
 941:             1             24  ch.qos.logback.classic.spi.LogbackServiceProvider
 942:             1             24  ch.qos.logback.classic.spi.TurboFilterList
 943:             1             24  ch.qos.logback.classic.util.LogbackMDCAdapter
 944:             1             24  ch.qos.logback.core.spi.ContextAwareBase
 945:             1             24  com.hk.im.server.EventBusServer
 946:             1             24  com.sun.management.internal.PlatformMBeanProviderImpl$1 (jdk.management@17.0.2)
 947:             1             24  com.sun.management.internal.PlatformMBeanProviderImpl$2 (jdk.management@17.0.2)
 948:             1             24  com.sun.management.internal.PlatformMBeanProviderImpl$3 (jdk.management@17.0.2)
 949:             1             24  com.sun.management.internal.PlatformMBeanProviderImpl$4 (jdk.management@17.0.2)
 950:             1             24  com.sun.management.internal.PlatformMBeanProviderImpl$5 (jdk.management@17.0.2)
 951:             1             24  io.netty.bootstrap.ServerBootstrap$1$1
 952:             1             24  io.netty.bootstrap.ServerBootstrap$ServerBootstrapAcceptor$1
 953:             1             24  io.netty.channel.AbstractChannel$AbstractUnsafe$1
 954:             1             24  io.netty.channel.ChannelMetadata
 955:             1             24  io.netty.channel.ChannelOption$1
 956:             1             24  io.netty.channel.DefaultChannelPipeline$PendingHandlerAddedTask
 957:             1             24  io.netty.channel.ServerChannelRecvByteBufAllocator
 958:             1             24  io.netty.channel.SucceededChannelFuture
 959:             1             24  io.netty.channel.WriteBufferWaterMark
 960:             1             24  io.netty.handler.codec.dns.DatagramDnsQueryEncoder
 961:             1             24  io.netty.handler.codec.dns.DatagramDnsResponseDecoder$1
 962:             1             24  io.netty.handler.codec.dns.TcpDnsQueryEncoder
 963:             1             24  io.netty.handler.codec.http.HttpMethod$EnumNameMap
 964:             1             24  io.netty.resolver.HostsFileEntries
 965:             1             24  io.netty.resolver.HostsFileEntriesProvider
 966:             1             24  io.netty.resolver.dns.DnsNameResolver$1
 967:             1             24  io.netty.resolver.dns.DnsServerAddressStreamProviders$DefaultProviderHolder$1
 968:             1             24  io.netty.resolver.dns.UnixResolverOptions
 969:             1             24  io.netty.util.ResourceLeakDetectorFactory$DefaultResourceLeakDetectorFactory
 970:             1             24  io.netty.util.concurrent.DefaultEventExecutorChooserFactory$GenericEventExecutorChooser
 971:             1             24  io.netty.util.concurrent.DefaultEventExecutorChooserFactory$PowerOfTwoEventExecutorChooser
 972:             1             24  io.netty.util.concurrent.FailedFuture
 973:             1             24  io.netty.util.internal.ThreadExecutorMap$3
 974:             1             24  io.vertx.core.buffer.impl.VertxByteBufAllocator$1
 975:             1             24  io.vertx.core.buffer.impl.VertxByteBufAllocator$2
 976:             1             24  io.vertx.core.eventbus.impl.DefaultSerializableChecker
 977:             1             24  io.vertx.core.file.impl.FileCache
 978:             1             24  io.vertx.core.file.impl.FileResolverImpl
 979:             1             24  io.vertx.core.impl.AddressResolver
 980:             1             24  io.vertx.core.impl.DeploymentManager
 981:             1             24  io.vertx.core.impl.EventLoopContext$$Lambda$77/0x0000000800d04430
 982:             1             24  io.vertx.core.impl.btc.BlockedThreadChecker
 983:             1             24  io.vertx.core.impl.future.FutureBase$$Lambda$140/0x0000000800d57d10
 984:             1             24  io.vertx.core.impl.future.FutureImpl$2
 985:             1             24  io.vertx.core.impl.future.FutureImpl$ListenerArray
 986:             1             24  io.vertx.core.impl.resolver.DnsResolverProvider$1
 987:             1             24  io.vertx.core.net.impl.AsyncResolveConnectHelper$$Lambda$124/0x0000000800d47d10
 988:             1             24  io.vertx.core.net.impl.AsyncResolveConnectHelper$$Lambda$136/0x0000000800d556c8
 989:             1             24  io.vertx.core.net.impl.SSLHelper$$Lambda$119/0x0000000800d3cfc0
 990:             1             24  io.vertx.core.net.impl.SSLHelper$CachedProvider
 991:             1             24  io.vertx.core.net.impl.ServerChannelLoadBalancer$WorkerList
 992:             1             24  io.vertx.core.net.impl.ServerID
 993:             1             24  io.vertx.core.net.impl.SslContextUpdate
 994:             1             24  io.vertx.core.net.impl.TCPServerBase$$Lambda$139/0x0000000800d57590
 995:             1             24  io.vertx.core.net.impl.VertxEventLoopGroup
 996:             1             24  io.vertx.core.shareddata.impl.LocalMapImpl
 997:             1             24  io.vertx.ext.web.handler.sockjs.impl.BaseTransport$1
 998:             1             24  io.vertx.ext.web.handler.sockjs.impl.SockJSImpl
 999:             1             24  io.vertx.ext.web.handler.sockjs.impl.SockJSImpl$$Lambda$86/0x0000000800d10658
1000:             1             24  java.io.InputStreamReader (java.base@17.0.2)
1001:             1             24  java.lang.Double (java.base@17.0.2)
1002:             1             24  java.lang.ProcessHandleImpl$$Lambda$126/0x0000000800cea808 (java.base@17.0.2)
1003:             1             24  java.lang.invoke.MethodType$ConcurrentWeakInternSet (java.base@17.0.2)
1004:             1             24  java.lang.invoke.VarHandles$1 (java.base@17.0.2)
1005:             1             24  java.lang.management.DefaultPlatformMBeanProvider$1 (java.management@17.0.2)
1006:             1             24  java.lang.management.DefaultPlatformMBeanProvider$10 (java.management@17.0.2)
1007:             1             24  java.lang.management.DefaultPlatformMBeanProvider$11 (java.management@17.0.2)
1008:             1             24  java.lang.management.DefaultPlatformMBeanProvider$2 (java.management@17.0.2)
1009:             1             24  java.lang.management.DefaultPlatformMBeanProvider$3 (java.management@17.0.2)
1010:             1             24  java.lang.management.DefaultPlatformMBeanProvider$4 (java.management@17.0.2)
1011:             1             24  java.lang.management.DefaultPlatformMBeanProvider$5 (java.management@17.0.2)
1012:             1             24  java.lang.management.DefaultPlatformMBeanProvider$6 (java.management@17.0.2)
1013:             1             24  java.lang.management.DefaultPlatformMBeanProvider$7 (java.management@17.0.2)
1014:             1             24  java.lang.management.DefaultPlatformMBeanProvider$8 (java.management@17.0.2)
1015:             1             24  java.lang.management.DefaultPlatformMBeanProvider$9 (java.management@17.0.2)
1016:             1             24  java.lang.reflect.Proxy$1 (java.base@17.0.2)
1017:             1             24  java.net.Inet6AddressImpl (java.base@17.0.2)
1018:             1             24  java.net.Proxy (java.base@17.0.2)
1019:             1             24  java.net.Socket$SocketInputStream (java.base@17.0.2)
1020:             1             24  java.net.SocketPermissionCollection (java.base@17.0.2)
1021:             1             24  java.security.Policy$PolicyInfo (java.base@17.0.2)
1022:             1             24  java.security.Policy$UnsupportedEmptyCollection (java.base@17.0.2)
1023:             1             24  java.security.ProtectionDomain$JavaSecurityAccessImpl$1 (java.base@17.0.2)
1024:             1             24  java.time.ZoneRegion (java.base@17.0.2)
1025:             1             24  java.time.format.DecimalStyle (java.base@17.0.2)
1026:             1             24  java.time.temporal.IsoFields$Field$1 (java.base@17.0.2)
1027:             1             24  java.time.temporal.IsoFields$Field$2 (java.base@17.0.2)
1028:             1             24  java.time.temporal.IsoFields$Field$3 (java.base@17.0.2)
1029:             1             24  java.time.temporal.IsoFields$Field$4 (java.base@17.0.2)
1030:             1             24  java.time.zone.TzdbZoneRulesProvider (java.base@17.0.2)
1031:             1             24  java.util.Arrays$ArrayItr (java.base@17.0.2)
1032:             1             24  java.util.BitSet (java.base@17.0.2)
1033:             1             24  java.util.Collections$3 (java.base@17.0.2)
1034:             1             24  java.util.Collections$EmptyMap (java.base@17.0.2)
1035:             1             24  java.util.Collections$SynchronizedRandomAccessList (java.base@17.0.2)
1036:             1             24  java.util.Collections$SynchronizedSet (java.base@17.0.2)
1037:             1             24  java.util.Collections$UnmodifiableCollection$1 (java.base@17.0.2)
1038:             1             24  java.util.Locale$Cache (java.base@17.0.2)
1039:             1             24  java.util.PropertyPermissionCollection (java.base@17.0.2)
1040:             1             24  java.util.ResourceBundle$Control$CandidateListCache (java.base@17.0.2)
1041:             1             24  java.util.ServiceLoader$2 (java.base@17.0.2)
1042:             1             24  java.util.TaskQueue (java.base@17.0.2)
1043:             1             24  java.util.Timer (java.base@17.0.2)
1044:             1             24  java.util.Timer$ThreadReaper (java.base@17.0.2)
1045:             1             24  java.util.concurrent.ConcurrentSkipListMap$Index (java.base@17.0.2)
1046:             1             24  java.util.concurrent.CopyOnWriteArrayList$COWIterator (java.base@17.0.2)
1047:             1             24  java.util.concurrent.Executors$RunnableAdapter (java.base@17.0.2)
1048:             1             24  java.util.concurrent.atomic.AtomicLongFieldUpdater$CASUpdater$1 (java.base@17.0.2)
1049:             1             24  java.util.stream.IntPipeline$1$1 (java.base@17.0.2)
1050:             1             24  java.util.stream.ReferencePipeline$2$1 (java.base@17.0.2)
1051:             1             24  java.util.stream.ReferencePipeline$3$1 (java.base@17.0.2)
1052:             1             24  jdk.internal.jimage.ImageReader (java.base@17.0.2)
1053:             1             24  jdk.internal.loader.URLClassPath$FileLoader (java.base@17.0.2)
1054:             1             24  jdk.internal.module.ModuleBootstrap$SafeModuleFinder (java.base@17.0.2)
1055:             1             24  jdk.internal.module.ModuleHashes (java.base@17.0.2)
1056:             1             24  jdk.internal.ref.CleanerImpl (java.base@17.0.2)
1057:             1             24  jdk.management.jfr.internal.FlightRecorderMXBeanProvider$SingleMBeanComponent (jdk.management.jfr@17.0.2)
1058:             1             24  org.slf4j.helpers.BasicMDCAdapter
1059:             1             24  org.slf4j.helpers.BasicMDCAdapter$1
1060:             1             24  org.slf4j.helpers.NOP_FallbackServiceProvider
1061:             1             24  org.slf4j.helpers.SubstituteLoggerFactory
1062:             1             24  org.slf4j.helpers.SubstituteServiceProvider
1063:             1             24  sun.instrument.TransformerManager (java.instrument@17.0.2)
1064:             1             24  sun.management.RuntimeImpl (java.management@17.0.2)
1065:             1             24  sun.management.VMManagementImpl (java.management@17.0.2)
1066:             1             24  sun.nio.cs.GBK (java.base@17.0.2)
1067:             1             24  sun.nio.cs.ISO_8859_1 (java.base@17.0.2)
1068:             1             24  sun.nio.cs.StandardCharsets (java.base@17.0.2)
1069:             1             24  sun.nio.cs.US_ASCII (java.base@17.0.2)
1070:             1             24  sun.nio.cs.UTF_16 (java.base@17.0.2)
1071:             1             24  sun.nio.cs.UTF_16BE (java.base@17.0.2)
1072:             1             24  sun.nio.cs.UTF_16LE (java.base@17.0.2)
1073:             1             24  sun.nio.cs.UTF_8 (java.base@17.0.2)
1074:             1             24  sun.nio.fs.WindowsFileSystem (java.base@17.0.2)
1075:             1             24  sun.nio.fs.WindowsSecurityDescriptor (java.base@17.0.2)
1076:             1             24  sun.util.cldr.CLDRTimeZoneNameProviderImpl (java.base@17.0.2)
1077:             1             24  sun.util.locale.BaseLocale$Cache (java.base@17.0.2)
1078:             1             24  sun.util.locale.provider.LocaleServiceProviderPool (java.base@17.0.2)
1079:             1             24  sun.util.locale.provider.TimeZoneNameProviderImpl (java.base@17.0.2)
1080:             1             16  [Lch.qos.logback.core.filter.Filter;
1081:             1             16  [Lio.netty.util.AsciiString;
1082:             1             16  [Lio.netty.util.DefaultAttributeMap$DefaultAttribute;
1083:             1             16  [Ljava.lang.constant.Constable; (java.base@17.0.2)
1084:             1             16  [Ljava.nio.file.attribute.FileAttribute; (java.base@17.0.2)
1085:             1             16  [Ljava.security.Provider; (java.base@17.0.2)
1086:             1             16  [Ljava.security.cert.X509Certificate; (java.base@17.0.2)
1087:             1             16  [Ljava.time.zone.ZoneOffsetTransitionRule; (java.base@17.0.2)
1088:             1             16  [Ljavax.security.cert.X509Certificate; (java.base@17.0.2)
1089:             1             16  [Lsun.instrument.TransformerManager$TransformerInfo; (java.instrument@17.0.2)
1090:             1             16  ch.qos.logback.core.joran.spi.ConsoleTarget$1
1091:             1             16  ch.qos.logback.core.joran.spi.ConsoleTarget$2
1092:             1             16  ch.qos.logback.core.spi.AppenderAttachableImpl
1093:             1             16  ch.qos.logback.core.spi.FilterAttachableImpl
1094:             1             16  com.hk.im.server.EventBusServer$$Lambda$79/0x0000000800d05ce8
1095:             1             16  com.hk.im.server.EventBusServer$$Lambda$80/0x0000000800d05f00
1096:             1             16  com.hk.im.server.EventBusServer$$Lambda$84/0x0000000800d0af30
1097:             1             16  com.sun.jndi.dns.DnsContextFactory (jdk.naming.dns@17.0.2)
1098:             1             16  com.sun.jndi.dns.DnsNameParser (jdk.naming.dns@17.0.2)
1099:             1             16  com.sun.management.internal.PlatformMBeanProviderImpl (jdk.management@17.0.2)
1100:             1             16  com.sun.management.internal.PlatformMBeanProviderImpl$$Lambda$39/0x0000000800c7de48 (jdk.management@17.0.2)
1101:             1             16  com.sun.naming.internal.VersionHelper (java.naming@17.0.2)
1102:             1             16  com.sun.naming.internal.VersionHelper$$Lambda$56/0x0000000800cd3c38 (java.naming@17.0.2)
1103:             1             16  com.sun.naming.internal.VersionHelper$$Lambda$57/0x0000000800cd3e50 (java.naming@17.0.2)
1104:             1             16  com.sun.naming.internal.VersionHelper$$Lambda$58/0x0000000800cd4068 (java.naming@17.0.2)
1105:             1             16  io.netty.bootstrap.ServerBootstrapConfig
1106:             1             16  io.netty.buffer.AbstractReferenceCountedByteBuf$1
1107:             1             16  io.netty.buffer.ByteBufUtil$1
1108:             1             16  io.netty.buffer.ByteBufUtil$2
1109:             1             16  io.netty.channel.AbstractChannel$AbstractUnsafe$2
1110:             1             16  io.netty.channel.ChannelFutureListener$1
1111:             1             16  io.netty.channel.ChannelFutureListener$2
1112:             1             16  io.netty.channel.ChannelFutureListener$3
1113:             1             16  io.netty.channel.ChannelHandlerMask$1
1114:             1             16  io.netty.channel.ChannelOutboundBuffer$1
1115:             1             16  io.netty.channel.DefaultChannelPipeline$1
1116:             1             16  io.netty.channel.DefaultMessageSizeEstimator
1117:             1             16  io.netty.channel.DefaultMessageSizeEstimator$HandleImpl
1118:             1             16  io.netty.channel.DefaultSelectStrategy
1119:             1             16  io.netty.channel.DefaultSelectStrategyFactory
1120:             1             16  io.netty.channel.VoidChannelPromise$1
1121:             1             16  io.netty.channel.group.DefaultChannelGroup$1
1122:             1             16  io.netty.channel.group.VoidChannelGroupFuture
1123:             1             16  io.netty.channel.nio.AbstractNioChannel$1
1124:             1             16  io.netty.handler.codec.dns.DefaultDnsRecordDecoder
1125:             1             16  io.netty.handler.codec.dns.DefaultDnsRecordEncoder
1126:             1             16  io.netty.resolver.HostsFileEntriesProvider$ParserImpl
1127:             1             16  io.netty.resolver.dns.AuthoritativeDnsServerCacheAdapter
1128:             1             16  io.netty.resolver.dns.Cache$1
1129:             1             16  io.netty.resolver.dns.DefaultDnsServerAddressStreamProvider
1130:             1             16  io.netty.resolver.dns.NoopDnsQueryLifecycleObserverFactory
1131:             1             16  io.netty.util.AsciiString$1
1132:             1             16  io.netty.util.AsciiString$2
1133:             1             16  io.netty.util.NettyRuntime$AvailableProcessorsHolder
1134:             1             16  io.netty.util.collection.IntObjectHashMap$1
1135:             1             16  io.netty.util.collection.IntObjectHashMap$EntrySet
1136:             1             16  io.netty.util.collection.IntObjectHashMap$KeySet
1137:             1             16  io.netty.util.concurrent.AbstractScheduledEventExecutor$1
1138:             1             16  io.netty.util.concurrent.AbstractScheduledEventExecutor$2
1139:             1             16  io.netty.util.concurrent.DefaultEventExecutorChooserFactory
1140:             1             16  io.netty.util.concurrent.DefaultPromise$CauseHolder
1141:             1             16  io.netty.util.concurrent.FastThreadLocal
1142:             1             16  io.netty.util.concurrent.GlobalEventExecutor$1
1143:             1             16  io.netty.util.concurrent.GlobalEventExecutor$TaskRunner
1144:             1             16  io.netty.util.concurrent.RejectedExecutionHandlers$1
1145:             1             16  io.netty.util.concurrent.SingleThreadEventExecutor$1
1146:             1             16  io.netty.util.internal.CleanerJava9
1147:             1             16  io.netty.util.internal.PlatformDependent$1
1148:             1             16  io.netty.util.internal.PlatformDependent$2
1149:             1             16  io.netty.util.internal.SocketUtils$7
1150:             1             16  io.netty.util.internal.TypeParameterMatcher$1
1151:             1             16  io.vertx.core.buffer.impl.BufferImpl
1152:             1             16  io.vertx.core.eventbus.EventBus$$Lambda$69/0x0000000800cbba58
1153:             1             16  io.vertx.core.eventbus.impl.CodecManager$$Lambda$70/0x0000000800cbf598
1154:             1             16  io.vertx.core.eventbus.impl.CodecManager$$Lambda$71/0x0000000800cbf7d0
1155:             1             16  io.vertx.core.eventbus.impl.DefaultSerializableChecker$$Lambda$68/0x0000000800cbb630
1156:             1             16  io.vertx.core.eventbus.impl.codecs.BooleanMessageCodec
1157:             1             16  io.vertx.core.eventbus.impl.codecs.BufferMessageCodec
1158:             1             16  io.vertx.core.eventbus.impl.codecs.ByteArrayMessageCodec
1159:             1             16  io.vertx.core.eventbus.impl.codecs.ByteMessageCodec
1160:             1             16  io.vertx.core.eventbus.impl.codecs.CharMessageCodec
1161:             1             16  io.vertx.core.eventbus.impl.codecs.ClusterSerializableCodec
1162:             1             16  io.vertx.core.eventbus.impl.codecs.DoubleMessageCodec
1163:             1             16  io.vertx.core.eventbus.impl.codecs.FloatMessageCodec
1164:             1             16  io.vertx.core.eventbus.impl.codecs.IntMessageCodec
1165:             1             16  io.vertx.core.eventbus.impl.codecs.JsonArrayMessageCodec
1166:             1             16  io.vertx.core.eventbus.impl.codecs.JsonObjectMessageCodec
1167:             1             16  io.vertx.core.eventbus.impl.codecs.LongMessageCodec
1168:             1             16  io.vertx.core.eventbus.impl.codecs.NullMessageCodec
1169:             1             16  io.vertx.core.eventbus.impl.codecs.PingMessageCodec
1170:             1             16  io.vertx.core.eventbus.impl.codecs.ReplyExceptionMessageCodec
1171:             1             16  io.vertx.core.eventbus.impl.codecs.SerializableCodec
1172:             1             16  io.vertx.core.eventbus.impl.codecs.ShortMessageCodec
1173:             1             16  io.vertx.core.eventbus.impl.codecs.StringMessageCodec
1174:             1             16  io.vertx.core.file.CopyOptions
1175:             1             16  io.vertx.core.file.impl.FileCache$$Lambda$48/0x0000000800c33d58
1176:             1             16  io.vertx.core.file.impl.WindowsFileSystem
1177:             1             16  io.vertx.core.http.HttpServerRequest$$Lambda$115/0x0000000800d396c0
1178:             1             16  io.vertx.core.http.impl.HttpServerImpl$$Lambda$114/0x0000000800d381f0
1179:             1             16  io.vertx.core.http.impl.HttpServerImpl$$Lambda$116/0x0000000800d398d8
1180:             1             16  io.vertx.core.http.impl.HttpServerImpl$$Lambda$81/0x0000000800d0d0c0
1181:             1             16  io.vertx.core.impl.ConcurrentHashSet
1182:             1             16  io.vertx.core.impl.DeploymentManager$$Lambda$75/0x0000000800d03500
1183:             1             16  io.vertx.core.impl.DeploymentManager$$Lambda$78/0x0000000800d050c0
1184:             1             16  io.vertx.core.impl.JavaVerticleFactory
1185:             1             16  io.vertx.core.impl.LoaderManager
1186:             1             16  io.vertx.core.impl.btc.BlockedThreadChecker$$Lambda$49/0x0000000800c86b90
1187:             1             16  io.vertx.core.impl.resolver.DnsResolverProvider$$Lambda$65/0x0000000800ca7ab0
1188:             1             16  io.vertx.core.impl.resolver.DnsResolverProvider$$Lambda$66/0x0000000800cb9900
1189:             1             16  io.vertx.core.impl.resolver.DnsResolverProvider$$Lambda$67/0x0000000800cb9f28
1190:             1             16  io.vertx.core.impl.transports.JDKTransport
1191:             1             16  io.vertx.core.impl.transports.JDKTransport$$Lambda$123/0x0000000800d47ae0
1192:             1             16  io.vertx.core.json.impl.JsonUtil$$Lambda$28/0x0000000800c1f060
1193:             1             16  io.vertx.core.logging.SLF4JLogDelegateFactory
1194:             1             16  io.vertx.core.net.impl.SSLHelper$$Lambda$118/0x0000000800d3c6a0
1195:             1             16  io.vertx.core.net.impl.SSLHelper$$Lambda$120/0x0000000800d3fa70
1196:             1             16  io.vertx.core.net.impl.SSLHelper$$Lambda$121/0x0000000800d40218
1197:             1             16  io.vertx.core.net.impl.TCPServerBase$$Lambda$117/0x0000000800d39d50
1198:             1             16  io.vertx.core.net.impl.VertxEventLoopGroup$1
1199:             1             16  io.vertx.core.shareddata.impl.LocalAsyncLocks
1200:             1             16  io.vertx.core.shareddata.impl.SharedDataImpl$$Lambda$83/0x0000000800d0f910
1201:             1             16  io.vertx.core.spi.ExecutorServiceFactory$$Lambda$30/0x0000000800c21d18
1202:             1             16  io.vertx.core.spi.VertxThreadFactory$1
1203:             1             16  io.vertx.core.spi.tracing.VertxTracer$1
1204:             1             16  io.vertx.ext.web.handler.sockjs.impl.EventSourceTransport$$Lambda$93/0x0000000800d32530
1205:             1             16  io.vertx.ext.web.handler.sockjs.impl.HtmlFileTransport$$Lambda$95/0x0000000800d32980
1206:             1             16  io.vertx.ext.web.handler.sockjs.impl.JsonPTransport$$Lambda$96/0x0000000800d32dd0
1207:             1             16  io.vertx.ext.web.handler.sockjs.impl.JsonPTransport$$Lambda$97/0x0000000800d33000
1208:             1             16  io.vertx.ext.web.handler.sockjs.impl.RawWebSocketTransport$$Lambda$100/0x0000000800d33ab0
1209:             1             16  io.vertx.ext.web.handler.sockjs.impl.RawWebSocketTransport$$Lambda$101/0x0000000800d33ce0
1210:             1             16  io.vertx.ext.web.handler.sockjs.impl.SockJSImpl$$Lambda$85/0x0000000800d10230
1211:             1             16  io.vertx.ext.web.handler.sockjs.impl.SockJSImpl$1
1212:             1             16  io.vertx.ext.web.handler.sockjs.impl.WebSocketTransport$$Lambda$98/0x0000000800d33450
1213:             1             16  io.vertx.ext.web.handler.sockjs.impl.WebSocketTransport$$Lambda$99/0x0000000800d33680
1214:             1             16  io.vertx.ext.web.handler.sockjs.impl.XhrTransport$$Lambda$90/0x0000000800d31c80
1215:             1             16  io.vertx.ext.web.handler.sockjs.impl.XhrTransport$$Lambda$91/0x0000000800d31eb0
1216:             1             16  io.vertx.ext.web.handler.sockjs.impl.XhrTransport$$Lambda$92/0x0000000800d320e0
1217:             1             16  io.vertx.ext.web.impl.HeaderParser$$Lambda$108/0x0000000800d36328
1218:             1             16  io.vertx.ext.web.impl.RouteImpl$$Lambda$102/0x0000000800d33f08
1219:             1             16  io.vertx.ext.web.impl.RouteImpl$$Lambda$103/0x0000000800d34128
1220:             1             16  io.vertx.ext.web.impl.RouteImpl$$Lambda$104/0x0000000800d34348
1221:             1             16  io.vertx.ext.web.impl.RouterState$$Lambda$82/0x0000000800d0e6e8
1222:             1             16  java.io.FileDescriptor$1 (java.base@17.0.2)
1223:             1             16  java.io.FilePermission$1 (java.base@17.0.2)
1224:             1             16  java.io.RandomAccessFile$2 (java.base@17.0.2)
1225:             1             16  java.io.WinNTFileSystem$$Lambda$111/0x0000000800ce5440 (java.base@17.0.2)
1226:             1             16  java.io.WinNTFileSystem$$Lambda$112/0x0000000800ce5b50 (java.base@17.0.2)
1227:             1             16  java.io.WinNTFileSystem$$Lambda$113/0x0000000800ce5f90 (java.base@17.0.2)
1228:             1             16  java.lang.ApplicationShutdownHooks$1 (java.base@17.0.2)
1229:             1             16  java.lang.CharacterData00 (java.base@17.0.2)
1230:             1             16  java.lang.CharacterDataLatin1 (java.base@17.0.2)
1231:             1             16  java.lang.Float (java.base@17.0.2)
1232:             1             16  java.lang.Module$$Lambda$131/0x0000000800cf0cf8 (java.base@17.0.2)
1233:             1             16  java.lang.ProcessEnvironment$EntryComparator (java.base@17.0.2)
1234:             1             16  java.lang.ProcessEnvironment$NameComparator (java.base@17.0.2)
1235:             1             16  java.lang.ProcessHandleImpl$$Lambda$125/0x0000000800cea5f0 (java.base@17.0.2)
1236:             1             16  java.lang.Runtime (java.base@17.0.2)
1237:             1             16  java.lang.String$CaseInsensitiveComparator (java.base@17.0.2)
1238:             1             16  java.lang.System$2 (java.base@17.0.2)
1239:             1             16  java.lang.Terminator$1 (java.base@17.0.2)
1240:             1             16  java.lang.invoke.ClassSpecializer$1 (java.base@17.0.2)
1241:             1             16  java.lang.invoke.MemberName$Factory (java.base@17.0.2)
1242:             1             16  java.lang.invoke.MethodHandleImpl$1 (java.base@17.0.2)
1243:             1             16  java.lang.invoke.StringConcatFactory$1 (java.base@17.0.2)
1244:             1             16  java.lang.invoke.StringConcatFactory$2 (java.base@17.0.2)
1245:             1             16  java.lang.invoke.StringConcatFactory$3 (java.base@17.0.2)
1246:             1             16  java.lang.invoke.VarHandle$1 (java.base@17.0.2)
1247:             1             16  java.lang.invoke.VarHandleByteArrayAsInts$ArrayHandle$$Lambda$33/0x0000000800c73050 (java.base@17.0.2)
1248:             1             16  java.lang.invoke.VarHandleByteArrayAsLongs$ArrayHandle$$Lambda$34/0x0000000800c73998 (java.base@17.0.2)
1249:             1             16  java.lang.management.DefaultPlatformMBeanProvider (java.management@17.0.2)
1250:             1             16  java.lang.management.ManagementFactory$$Lambda$38/0x0000000800c7b0a0 (java.management@17.0.2)
1251:             1             16  java.lang.module.ModuleDescriptor$1 (java.base@17.0.2)
1252:             1             16  java.lang.module.ModuleDescriptor$Builder$$Lambda$34/0x80000003a (java.base@17.0.2)
1253:             1             16  java.lang.ref.Cleaner (java.base@17.0.2)
1254:             1             16  java.lang.ref.Cleaner$1 (java.base@17.0.2)
1255:             1             16  java.lang.ref.Reference$1 (java.base@17.0.2)
1256:             1             16  java.lang.reflect.Proxy$$Lambda$128/0x0000000800cefb48 (java.base@17.0.2)
1257:             1             16  java.lang.reflect.Proxy$ProxyBuilder$$Lambda$129/0x0000000800cf03c0 (java.base@17.0.2)
1258:             1             16  java.lang.reflect.ProxyGenerator$$Lambda$134/0x0000000800cf1898 (java.base@17.0.2)
1259:             1             16  java.lang.reflect.ProxyGenerator$$Lambda$135/0x0000000800cf1ad0 (java.base@17.0.2)
1260:             1             16  java.lang.reflect.ReflectAccess (java.base@17.0.2)
1261:             1             16  java.net.InetAddress$1 (java.base@17.0.2)
1262:             1             16  java.net.InetAddress$PlatformNameService (java.base@17.0.2)
1263:             1             16  java.net.SocketImpl$$Lambda$19/0x0000000800c4b4f0 (java.base@17.0.2)
1264:             1             16  java.net.URI$1 (java.base@17.0.2)
1265:             1             16  java.net.URL$3 (java.base@17.0.2)
1266:             1             16  java.net.URL$DefaultFactory (java.base@17.0.2)
1267:             1             16  java.nio.Bits$1 (java.base@17.0.2)
1268:             1             16  java.nio.Buffer$1 (java.base@17.0.2)
1269:             1             16  java.nio.channels.spi.SelectorProvider$Holder$$Lambda$51/0x0000000800cc1040 (java.base@17.0.2)
1270:             1             16  java.nio.file.Files$AcceptAllFilter (java.base@17.0.2)
1271:             1             16  java.security.AllPermission (java.base@17.0.2)
1272:             1             16  java.security.ProtectionDomain$JavaSecurityAccessImpl (java.base@17.0.2)
1273:             1             16  java.time.Clock$SystemClock (java.base@17.0.2)
1274:             1             16  java.time.chrono.IsoChronology (java.base@17.0.2)
1275:             1             16  java.time.format.DateTimeFormatter$$Lambda$49/0x800000057 (java.base@17.0.2)
1276:             1             16  java.time.format.DateTimeFormatter$$Lambda$50/0x800000058 (java.base@17.0.2)
1277:             1             16  java.time.format.DateTimeFormatterBuilder$$Lambda$48/0x800000056 (java.base@17.0.2)
1278:             1             16  java.time.format.DateTimeFormatterBuilder$InstantPrinterParser (java.base@17.0.2)
1279:             1             16  java.time.format.DateTimeTextProvider (java.base@17.0.2)
1280:             1             16  java.time.format.DateTimeTextProvider$1 (java.base@17.0.2)
1281:             1             16  java.time.temporal.TemporalQueries$1 (java.base@17.0.2)
1282:             1             16  java.time.temporal.TemporalQueries$2 (java.base@17.0.2)
1283:             1             16  java.time.temporal.TemporalQueries$3 (java.base@17.0.2)
1284:             1             16  java.time.temporal.TemporalQueries$4 (java.base@17.0.2)
1285:             1             16  java.time.temporal.TemporalQueries$5 (java.base@17.0.2)
1286:             1             16  java.time.temporal.TemporalQueries$6 (java.base@17.0.2)
1287:             1             16  java.time.temporal.TemporalQueries$7 (java.base@17.0.2)
1288:             1             16  java.util.Collections$EmptyEnumeration (java.base@17.0.2)
1289:             1             16  java.util.Collections$EmptyIterator (java.base@17.0.2)
1290:             1             16  java.util.Collections$EmptyList (java.base@17.0.2)
1291:             1             16  java.util.Collections$EmptySet (java.base@17.0.2)
1292:             1             16  java.util.Collections$UnmodifiableCollection (java.base@17.0.2)
1293:             1             16  java.util.EnumMap$1 (java.base@17.0.2)
1294:             1             16  java.util.Hashtable$KeySet (java.base@17.0.2)
1295:             1             16  java.util.ResourceBundle$1 (java.base@17.0.2)
1296:             1             16  java.util.ResourceBundle$Control (java.base@17.0.2)
1297:             1             16  java.util.Spliterators$EmptySpliterator$OfDouble (java.base@17.0.2)
1298:             1             16  java.util.Spliterators$EmptySpliterator$OfInt (java.base@17.0.2)
1299:             1             16  java.util.Spliterators$EmptySpliterator$OfLong (java.base@17.0.2)
1300:             1             16  java.util.Spliterators$EmptySpliterator$OfRef (java.base@17.0.2)
1301:             1             16  java.util.WeakHashMap$EntrySet (java.base@17.0.2)
1302:             1             16  java.util.concurrent.ConcurrentSkipListMap$KeySet (java.base@17.0.2)
1303:             1             16  java.util.concurrent.ConcurrentSkipListSet (java.base@17.0.2)
1304:             1             16  java.util.concurrent.SynchronousQueue$TransferStack (java.base@17.0.2)
1305:             1             16  java.util.concurrent.ThreadPoolExecutor$AbortPolicy (java.base@17.0.2)
1306:             1             16  java.util.jar.JavaUtilJarAccessImpl (java.base@17.0.2)
1307:             1             16  java.util.regex.CharPredicates$$Lambda$20/0x800000029 (java.base@17.0.2)
1308:             1             16  java.util.regex.CharPredicates$$Lambda$47/0x800000055 (java.base@17.0.2)
1309:             1             16  java.util.regex.Pattern$$Lambda$94/0x0000000800ce4b90 (java.base@17.0.2)
1310:             1             16  java.util.regex.Pattern$Begin (java.base@17.0.2)
1311:             1             16  java.util.regex.Pattern$LastNode (java.base@17.0.2)
1312:             1             16  java.util.regex.Pattern$Node (java.base@17.0.2)
1313:             1             16  java.util.stream.Collectors$$Lambda$44/0x0000000800c3c978 (java.base@17.0.2)
1314:             1             16  java.util.stream.Collectors$$Lambda$45/0x0000000800c3cb90 (java.base@17.0.2)
1315:             1             16  java.util.stream.Collectors$$Lambda$46/0x0000000800c3cdb8 (java.base@17.0.2)
1316:             1             16  java.util.stream.Collectors$$Lambda$5/0x800000010 (java.base@17.0.2)
1317:             1             16  java.util.stream.Collectors$$Lambda$6/0x800000011 (java.base@17.0.2)
1318:             1             16  java.util.stream.Collectors$$Lambda$7/0x800000016 (java.base@17.0.2)
1319:             1             16  java.util.stream.Collectors$$Lambda$8/0x800000017 (java.base@17.0.2)
1320:             1             16  java.util.stream.FindOps$FindSink$OfRef$$Lambda$11/0x80000001a (java.base@17.0.2)
1321:             1             16  java.util.stream.FindOps$FindSink$OfRef$$Lambda$12/0x80000001b (java.base@17.0.2)
1322:             1             16  java.util.stream.FindOps$FindSink$OfRef$$Lambda$13/0x80000001c (java.base@17.0.2)
1323:             1             16  java.util.stream.FindOps$FindSink$OfRef$$Lambda$14/0x80000001d (java.base@17.0.2)
1324:             1             16  java.util.stream.Nodes$EmptyNode$OfDouble (java.base@17.0.2)
1325:             1             16  java.util.stream.Nodes$EmptyNode$OfInt (java.base@17.0.2)
1326:             1             16  java.util.stream.Nodes$EmptyNode$OfLong (java.base@17.0.2)
1327:             1             16  java.util.stream.Nodes$EmptyNode$OfRef (java.base@17.0.2)
1328:             1             16  java.util.zip.ZipFile$1 (java.base@17.0.2)
1329:             1             16  javax.naming.spi.NamingManager$$Lambda$62/0x0000000800cd5cc8 (java.naming@17.0.2)
1330:             1             16  javax.naming.spi.NamingManager$$Lambda$64/0x0000000800cd9088 (java.naming@17.0.2)
1331:             1             16  jdk.internal.jimage.ImageReaderFactory$1 (java.base@17.0.2)
1332:             1             16  jdk.internal.jimage.ImageStringsReader (java.base@17.0.2)
1333:             1             16  jdk.internal.jimage.decompressor.Decompressor (java.base@17.0.2)
1334:             1             16  jdk.internal.math.FloatingDecimal$1 (java.base@17.0.2)
1335:             1             16  jdk.internal.misc.ScopedMemoryAccess (java.base@17.0.2)
1336:             1             16  jdk.internal.misc.TerminatingThreadLocal$1 (java.base@17.0.2)
1337:             1             16  jdk.internal.misc.Unsafe (java.base@17.0.2)
1338:             1             16  jdk.internal.module.DefaultRoots$$Lambda$1/0x800000002 (java.base@17.0.2)
1339:             1             16  jdk.internal.module.DefaultRoots$$Lambda$16/0x80000001f (java.base@17.0.2)
1340:             1             16  jdk.internal.module.DefaultRoots$$Lambda$2/0x800000004 (java.base@17.0.2)
1341:             1             16  jdk.internal.module.DefaultRoots$$Lambda$4/0x800000007 (java.base@17.0.2)
1342:             1             16  jdk.internal.module.ModulePatcher (java.base@17.0.2)
1343:             1             16  jdk.internal.module.ModuleTarget (java.base@17.0.2)
1344:             1             16  jdk.internal.perf.Perf (java.base@17.0.2)
1345:             1             16  jdk.internal.reflect.ReflectionFactory (java.base@17.0.2)
1346:             1             16  jdk.net.ExtendedSocketOptions$PlatformSocketOptions (jdk.net@17.0.2)
1347:             1             16  jdk.proxy1.$Proxy0 (jdk.proxy1)
1348:             1             16  jdk.proxy2.$Proxy2 (jdk.proxy2)
1349:             1             16  org.slf4j.helpers.NOPLoggerFactory
1350:             1             16  org.slf4j.helpers.NOPMDCAdapter
1351:             1             16  sun.misc.Unsafe (jdk.unsupported@17.0.2)
1352:             1             16  sun.net.dns.OptionsImpl (java.base@17.0.2)
1353:             1             16  sun.net.dns.ResolverConfigurationImpl (java.base@17.0.2)
1354:             1             16  sun.net.spi.DefaultProxySelector (java.base@17.0.2)
1355:             1             16  sun.net.www.protocol.file.Handler (java.base@17.0.2)
1356:             1             16  sun.net.www.protocol.jar.Handler (java.base@17.0.2)
1357:             1             16  sun.net.www.protocol.jar.JarFileFactory (java.base@17.0.2)
1358:             1             16  sun.net.www.protocol.jrt.Handler (java.base@17.0.2)
1359:             1             16  sun.nio.ch.DefaultSelectorProvider$$Lambda$52/0x0000000800cc18f8 (java.base@17.0.2)
1360:             1             16  sun.nio.ch.Net$1 (java.base@17.0.2)
1361:             1             16  sun.nio.ch.NioSocketImpl$$Lambda$20/0x0000000800c4ec70 (java.base@17.0.2)
1362:             1             16  sun.nio.ch.NioSocketImpl$1 (java.base@17.0.2)
1363:             1             16  sun.nio.ch.ServerSocketAdaptor$$Lambda$127/0x0000000800ced470 (java.base@17.0.2)
1364:             1             16  sun.nio.ch.UnixDomainSocketsUtil$$Lambda$53/0x0000000800cc71c0 (java.base@17.0.2)
1365:             1             16  sun.nio.ch.Util$1 (java.base@17.0.2)
1366:             1             16  sun.nio.ch.WEPollSelectorProvider (java.base@17.0.2)
1367:             1             16  sun.nio.fs.NativeBuffers$1 (java.base@17.0.2)
1368:             1             16  sun.nio.fs.WindowsChannelFactory$1 (java.base@17.0.2)
1369:             1             16  sun.nio.fs.WindowsFileSystemProvider (java.base@17.0.2)
1370:             1             16  sun.security.action.GetBooleanAction (java.base@17.0.2)
1371:             1             16  sun.security.jca.ProviderConfig$ProviderLoader (java.base@17.0.2)
1372:             1             16  sun.security.provider.AbstractDrbg$$Lambda$32/0x0000000800c6ffc0 (java.base@17.0.2)
1373:             1             16  sun.security.provider.AbstractDrbg$SeederHolder$$Lambda$35/0x0000000800c785c8 (java.base@17.0.2)
1374:             1             16  sun.security.provider.DRBG$$Lambda$31/0x0000000800c6eab0 (java.base@17.0.2)
1375:             1             16  sun.security.provider.NativeSeedGenerator (java.base@17.0.2)
1376:             1             16  sun.security.util.ByteArrayLexOrder (java.base@17.0.2)
1377:             1             16  sun.security.util.ByteArrayTagOrder (java.base@17.0.2)
1378:             1             16  sun.util.calendar.Gregorian (java.base@17.0.2)
1379:             1             16  sun.util.cldr.CLDRBaseLocaleDataMetaInfo (java.base@17.0.2)
1380:             1             16  sun.util.cldr.CLDRLocaleProviderAdapter$$Lambda$51/0x800000059 (java.base@17.0.2)
1381:             1             16  sun.util.locale.InternalLocaleBuilder$CaseInsensitiveChar (java.base@17.0.2)
1382:             1             16  sun.util.locale.provider.TimeZoneNameUtility$TimeZoneNameGetter (java.base@17.0.2)
1383:             1             16  sun.util.resources.LocaleData$LocaleDataStrategy (java.base@17.0.2)
1384:             1             16  sun.util.resources.cldr.provider.CLDRLocaleDataMetaInfo (jdk.localedata@17.0.2)
Total        183807       15891816
