 num     #instances         #bytes  class name (module)
-------------------------------------------------------
   1:         19995        2288552  [B (java.base@17.0.2)
   2:         18424         442176  java.lang.String (java.base@17.0.2)
   3:          2999         402656  [Ljava.lang.Object; (java.base@17.0.2)
   4:          3116         376288  java.lang.Class (java.base@17.0.2)
   5:          1732         341632  [I (java.base@17.0.2)
   6:          3744         269568  io.netty.buffer.PoolSubpage
   7:          8141         260512  java.util.concurrent.ConcurrentHashMap$Node (java.base@17.0.2)
   8:           355         182096  [C (java.base@17.0.2)
   9:          4710         150720  java.util.HashMap$Node (java.base@17.0.2)
  10:          3955         126560  java.util.concurrent.locks.ReentrantLock$NonfairSync (java.base@17.0.2)
  11:            26         102824  [Ljava.nio.channels.SelectionKey; (java.base@17.0.2)
  12:           654          87456  [Ljava.util.HashMap$Node; (java.base@17.0.2)
  13:           894          78672  java.lang.reflect.Method (java.base@17.0.2)
  14:           153          70544  [Ljava.util.concurrent.ConcurrentHashMap$Node; (java.base@17.0.2)
  15:          3955          63280  java.util.concurrent.locks.ReentrantLock (java.base@17.0.2)
  16:          1570          62800  java.util.LinkedHashMap$Entry (java.base@17.0.2)
  17:          2731          43696  java.lang.Object (java.base@17.0.2)
  18:          1536          42320  [Ljava.lang.Class; (java.base@17.0.2)
  19:           694          33312  java.util.HashMap (java.base@17.0.2)
  20:           787          31664  [Ljava.lang.String; (java.base@17.0.2)
  21:            50          28800  io.netty.util.internal.shaded.org.jctools.queues.MpscUnboundedArrayQueue
  22:           591          28368  java.lang.invoke.MemberName (java.base@17.0.2)
  23:           576          27648  io.netty.buffer.PoolChunkList
  24:          1065          25560  java.util.LinkedList$Node (java.base@17.0.2)
  25:           622          24880  java.lang.invoke.MethodType (java.base@17.0.2)
  26:           302          22952  [Ljava.lang.ref.SoftReference; (java.base@17.0.2)
  27:           709          22688  java.lang.invoke.MethodType$ConcurrentWeakInternSet$WeakEntry (java.base@17.0.2)
  28:           589          18848  java.util.LinkedList (java.base@17.0.2)
  29:           426          17040  java.math.BigInteger (java.base@17.0.2)
  30:           707          16968  java.security.Provider$ServiceKey (java.base@17.0.2)
  31:            96          16896  [Lio.netty.buffer.PoolSubpage;
  32:           245          15680  java.security.Provider$Service (java.base@17.0.2)
  33:           234          14976  java.util.concurrent.ConcurrentHashMap (java.base@17.0.2)
  34:           621          14904  java.util.ArrayList (java.base@17.0.2)
  35:           205          14760  java.lang.reflect.Field (java.base@17.0.2)
  36:           330          13200  java.lang.ref.SoftReference (java.base@17.0.2)
  37:           388          12416  io.netty.util.internal.LongAdderCounter
  38:           365          11680  java.lang.invoke.LambdaForm$Name (java.base@17.0.2)
  39:           470          11280  java.lang.invoke.ResolvedMethodName (java.base@17.0.2)
  40:            41          10896  [Z (java.base@17.0.2)
  41:           170          10880  java.lang.Class$ReflectionData (java.base@17.0.2)
  42:           372           8928  java.lang.module.ModuleDescriptor$Exports (java.base@17.0.2)
  43:           119           8568  java.lang.reflect.Constructor (java.base@17.0.2)
  44:           262           8384  sun.security.util.KnownOIDs (java.base@17.0.2)
  45:           123           7872  java.net.URL (java.base@17.0.2)
  46:            35           7672  [Ljava.lang.invoke.MethodHandle; (java.base@17.0.2)
  47:            48           7296  io.netty.buffer.PoolArena$DirectArena
  48:            48           7296  io.netty.buffer.PoolArena$HeapArena
  49:           263           6312  java.util.jar.Attributes$Name (java.base@17.0.2)
  50:           259           6216  java.security.Provider$UString (java.base@17.0.2)
  51:           256           6144  java.lang.Long (java.base@17.0.2)
  52:           378           6048  java.lang.Integer (java.base@17.0.2)
  53:           150           6000  sun.nio.fs.WindowsPath (java.base@17.0.2)
  54:           186           5952  java.lang.invoke.MethodTypeForm (java.base@17.0.2)
  55:           128           5904  [Ljava.lang.invoke.LambdaForm$Name; (java.base@17.0.2)
  56:           123           5904  java.lang.invoke.LambdaForm (java.base@17.0.2)
  57:           240           5760  java.util.ImmutableCollections$Set12 (java.base@17.0.2)
  58:            71           5680  java.net.URI (java.base@17.0.2)
  59:            50           5600  sun.nio.ch.SocketChannelImpl (java.base@17.0.2)
  60:           170           5440  java.lang.module.ModuleDescriptor$Requires (java.base@17.0.2)
  61:           161           5152  sun.security.pkcs11.SunPKCS11$Descriptor (jdk.crypto.cryptoki@17.0.2)
  62:           104           4992  ch.qos.logback.classic.Logger
  63:           102           4896  jdk.internal.ref.CleanerImpl$PhantomCleanableRef (java.base@17.0.2)
  64:           300           4800  java.util.HashSet (java.base@17.0.2)
  65:            73           4672  java.lang.module.ModuleDescriptor (java.base@17.0.2)
  66:           192           4608  jdk.internal.module.ServicesCatalog$ServiceProvider (java.base@17.0.2)
  67:            80           4480  java.util.LinkedHashMap (java.base@17.0.2)
  68:            43           4472  java.util.jar.JarFile$JarFileEntry (java.base@17.0.2)
  69:            56           4456  [Ljava.util.WeakHashMap$Entry; (java.base@17.0.2)
  70:            51           4440  [Ljava.lang.reflect.Method; (java.base@17.0.2)
  71:            12           4416  java.lang.Thread (java.base@17.0.2)
  72:           132           4224  java.lang.invoke.DirectMethodHandle (java.base@17.0.2)
  73:            71           3976  java.lang.Module (java.base@17.0.2)
  74:            71           3976  jdk.internal.module.ModuleReferenceImpl (java.base@17.0.2)
  75:            98           3920  java.io.FileDescriptor (java.base@17.0.2)
  76:            98           3920  java.lang.ref.Finalizer (java.base@17.0.2)
  77:            25           3800  io.netty.channel.nio.NioEventLoop
  78:            94           3760  java.lang.Package$VersionInfo (java.base@17.0.2)
  79:            93           3720  java.util.TreeMap$Entry (java.base@17.0.2)
  80:            56           3584  java.util.zip.Inflater (java.base@17.0.2)
  81:           148           3552  java.util.ImmutableCollections$List12 (java.base@17.0.2)
  82:           104           3512  [[C (java.base@17.0.2)
  83:           145           3480  java.lang.invoke.LambdaForm$NamedFunction (java.base@17.0.2)
  84:            43           3440  java.util.zip.ZipFile$Source (java.base@17.0.2)
  85:            35           3336  [J (java.base@17.0.2)
  86:           101           3232  jdk.internal.reflect.NativeConstructorAccessorImpl (java.base@17.0.2)
  87:            80           3200  java.lang.invoke.DirectMethodHandle$Constructor (java.base@17.0.2)
  88:           130           3120  java.util.ImmutableCollections$SetN (java.base@17.0.2)
  89:            95           3040  java.lang.Package (java.base@17.0.2)
  90:           182           2912  java.util.HashMap$EntrySet (java.base@17.0.2)
  91:           119           2856  java.util.Collections$UnmodifiableRandomAccessList (java.base@17.0.2)
  92:           116           2784  java.util.concurrent.CopyOnWriteArrayList (java.base@17.0.2)
  93:            43           2752  sun.nio.fs.WindowsFileAttributes (java.base@17.0.2)
  94:            56           2688  java.util.WeakHashMap (java.base@17.0.2)
  95:           102           2464  [Ljava.lang.reflect.Constructor; (java.base@17.0.2)
  96:            61           2440  java.security.CodeSource (java.base@17.0.2)
  97:            43           2408  java.io.FileCleanable (java.base@17.0.2)
  98:            43           2408  java.util.jar.JarFile (java.base@17.0.2)
  99:            25           2400  sun.nio.ch.WEPollSelectorImpl (java.base@17.0.2)
 100:            72           2304  java.lang.ref.ReferenceQueue (java.base@17.0.2)
 101:            95           2280  java.util.ArrayDeque (java.base@17.0.2)
 102:            70           2240  java.lang.invoke.BoundMethodHandle$Species_L (java.base@17.0.2)
 103:            46           2208  java.net.NetworkInterface (java.base@17.0.2)
 104:            25           2200  java.util.regex.Pattern (java.base@17.0.2)
 105:            68           2176  java.lang.invoke.LambdaForm$Kind (java.base@17.0.2)
 106:            53           2120  sun.security.util.NamedCurve (java.base@17.0.2)
 107:            43           2064  jdk.internal.loader.URLClassPath$JarLoader (java.base@17.0.2)
 108:           128           2048  java.lang.Character (java.base@17.0.2)
 109:            62           1984  jdk.internal.loader.BuiltinClassLoader$LoadedModule (java.base@17.0.2)
 110:           123           1968  java.util.concurrent.atomic.AtomicInteger (java.base@17.0.2)
 111:            49           1960  java.io.ObjectStreamField (java.base@17.0.2)
 112:            23           1840  io.vertx.ext.web.impl.RouteState
 113:            75           1800  java.lang.RuntimePermission (java.base@17.0.2)
 114:            71           1704  jdk.internal.module.SystemModuleFinders$2 (java.base@17.0.2)
 115:            53           1696  java.security.spec.EllipticCurve (java.base@17.0.2)
 116:            53           1696  sun.security.util.ObjectIdentifier (java.base@17.0.2)
 117:           101           1616  java.net.UnixDomainSocketAddress (java.base@17.0.2)
 118:           101           1616  jdk.internal.reflect.DelegatingConstructorAccessorImpl (java.base@17.0.2)
 119:            33           1584  java.time.temporal.ValueRange (java.base@17.0.2)
 120:            64           1536  java.lang.module.ModuleDescriptor$Provides (java.base@17.0.2)
 121:             1           1528  [[B (java.base@17.0.2)
 122:            63           1512  java.lang.module.ResolvedModule (java.base@17.0.2)
 123:            63           1512  jdk.internal.module.SystemModuleFinders$SystemModuleReader (java.base@17.0.2)
 124:            46           1472  java.io.File (java.base@17.0.2)
 125:            10           1440  [Ljava.lang.invoke.MemberName; (java.base@17.0.2)
 126:            60           1440  java.time.LocalDateTime (java.base@17.0.2)
 127:            22           1408  sun.security.ec.SunEC$ProviderServiceA (jdk.crypto.ec@17.0.2)
 128:            25           1400  sun.nio.ch.SinkChannelImpl (java.base@17.0.2)
 129:            25           1400  sun.nio.ch.SourceChannelImpl (java.base@17.0.2)
 130:            43           1376  java.io.RandomAccessFile (java.base@17.0.2)
 131:            43           1376  java.util.zip.ZipFile$CleanableResource (java.base@17.0.2)
 132:            56           1344  java.util.zip.Inflater$InflaterZStreamRef (java.base@17.0.2)
 133:            33           1320  java.security.ProtectionDomain (java.base@17.0.2)
 134:            33           1320  java.util.WeakHashMap$Entry (java.base@17.0.2)
 135:            54           1296  java.security.spec.ECPoint (java.base@17.0.2)
 136:            39           1280  [Ljava.math.BigInteger; (java.base@17.0.2)
 137:            20           1280  sun.security.ec.SunEC$ProviderService (jdk.crypto.ec@17.0.2)
 138:            39           1248  java.util.PropertyPermission (java.base@17.0.2)
 139:            51           1224  java.util.Collections$SetFromMap (java.base@17.0.2)
 140:            30           1200  java.time.temporal.ChronoField (java.base@17.0.2)
 141:            74           1184  java.lang.ref.ReferenceQueue$Lock (java.base@17.0.2)
 142:            18           1136  [Ljava.lang.reflect.Field; (java.base@17.0.2)
 143:            28           1120  java.math.BigDecimal (java.base@17.0.2)
 144:             1           1104  [Lsun.security.util.KnownOIDs; (java.base@17.0.2)
 145:             2           1088  [Ljava.lang.Integer; (java.base@17.0.2)
 146:            27           1080  java.lang.invoke.DirectMethodHandle$Special (java.base@17.0.2)
 147:            67           1072  java.util.HashMap$KeySet (java.base@17.0.2)
 148:            67           1072  jdk.internal.module.SystemModuleFinders$3 (java.base@17.0.2)
 149:             1           1040  [Ljava.lang.Long; (java.base@17.0.2)
 150:             2           1040  io.vertx.core.impl.VertxThread
 151:            43           1032  java.util.concurrent.atomic.AtomicLong (java.base@17.0.2)
 152:            43           1032  java.util.zip.ZipFile$Source$Key (java.base@17.0.2)
 153:            32           1024  io.netty.util.AsciiString
 154:            42           1008  io.netty.util.internal.logging.LocationAwareSlf4JLogger
 155:            31            992  io.netty.channel.ChannelOption
 156:            31            992  java.lang.invoke.VarHandle$AccessMode (java.base@17.0.2)
 157:            41            984  java.time.LocalDate (java.base@17.0.2)
 158:            29            968  [Ljava.time.format.DateTimeFormatterBuilder$DateTimePrinterParser; (java.base@17.0.2)
 159:            40            960  io.netty.handler.codec.dns.DnsRecordType
 160:            30            960  java.security.Provider$EngineDescription (java.base@17.0.2)
 161:            38            912  java.util.regex.Pattern$BmpCharProperty (java.base@17.0.2)
 162:            27            864  io.netty.util.concurrent.DefaultPromise
 163:             7            856  [D (java.base@17.0.2)
 164:            26            832  java.util.Locale (java.base@17.0.2)
 165:            13            832  org.jcp.xml.dsig.internal.dom.XMLDSigRI$ProviderService (java.xml.crypto@17.0.2)
 166:            26            832  sun.util.locale.BaseLocale (java.base@17.0.2)
 167:            47            808  [Ljava.net.InetAddress; (java.base@17.0.2)
 168:            50            800  java.nio.channels.spi.AbstractInterruptibleChannel$1 (java.base@17.0.2)
 169:            20            800  java.security.AccessControlContext (java.base@17.0.2)
 170:            25            800  java.time.format.DateTimeFormatterBuilder$NumberPrinterParser (java.base@17.0.2)
 171:            25            800  java.util.concurrent.CountDownLatch$Sync (java.base@17.0.2)
 172:            46            776  [Ljava.net.InterfaceAddress; (java.base@17.0.2)
 173:            24            768  java.net.InetAddress$InetAddressHolder (java.base@17.0.2)
 174:            31            744  java.security.Permissions (java.base@17.0.2)
 175:            46            736  [Ljava.net.NetworkInterface; (java.base@17.0.2)
 176:            30            720  java.util.concurrent.ConcurrentHashMap$KeySetView (java.base@17.0.2)
 177:            44            704  java.util.Collections$UnmodifiableSet (java.base@17.0.2)
 178:            44            704  java.util.WeakHashMap$KeySet (java.base@17.0.2)
 179:            29            696  java.time.format.DateTimeFormatterBuilder$CompositePrinterParser (java.base@17.0.2)
 180:            29            696  sun.security.provider.PolicyFile$PolicyEntry (java.base@17.0.2)
 181:            29            696  sun.security.util.LazyCodeSourcePermissionCollection (java.base@17.0.2)
 182:            17            680  java.lang.invoke.DirectMethodHandle$Accessor (java.base@17.0.2)
 183:            17            680  java.time.format.DateTimeFormatter (java.base@17.0.2)
 184:            28            672  java.util.ImmutableCollections$ListN (java.base@17.0.2)
 185:            28            672  java.util.regex.Pattern$CharPropertyGreedy (java.base@17.0.2)
 186:            28            672  java.util.regex.Pattern$GroupTail (java.base@17.0.2)
 187:            27            648  java.util.regex.Pattern$GroupHead (java.base@17.0.2)
 188:            40            640  java.util.Collections$SingletonSet (java.base@17.0.2)
 189:            40            640  java.util.regex.Pattern$BitClass (java.base@17.0.2)
 190:            10            640  sun.security.mscapi.SunMSCAPI$ProviderService (jdk.crypto.mscapi@17.0.2)
 191:             3            624  [Ljava.lang.invoke.LambdaForm; (java.base@17.0.2)
 192:            26            624  java.security.spec.ECFieldF2m (java.base@17.0.2)
 193:            26            624  java.time.LocalTime (java.base@17.0.2)
 194:            26            624  jdk.internal.util.jar.JarIndex (java.base@17.0.2)
 195:            38            608  java.lang.constant.ReferenceClassDescImpl (java.base@17.0.2)
 196:            25            600  io.netty.channel.nio.SelectedSelectionKeySet
 197:            25            600  io.netty.channel.nio.SelectedSelectionKeySetSelector
 198:            25            600  io.netty.util.internal.ThreadExecutorMap$1
 199:            25            600  sun.nio.ch.PipeImpl (java.base@17.0.2)
 200:            14            592  [Ljava.lang.invoke.MethodType; (java.base@17.0.2)
 201:             9            576  java.nio.DirectByteBuffer (java.base@17.0.2)
 202:             9            576  sun.security.mscapi.SunMSCAPI$ProviderServiceA (jdk.crypto.mscapi@17.0.2)
 203:            35            560  java.util.LinkedHashSet (java.base@17.0.2)
 204:             7            560  java.util.concurrent.TimeUnit (java.base@17.0.2)
 205:            10            560  sun.invoke.util.Wrapper (java.base@17.0.2)
 206:             5            560  sun.security.provider.HashDrbg (java.base@17.0.2)
 207:            14            560  sun.util.locale.LocaleObjectCache$CacheEntry (java.base@17.0.2)
 208:            23            552  io.vertx.ext.web.impl.RouteImpl
 209:            23            552  java.security.SecurityPermission (java.base@17.0.2)
 210:            19            544  [Ljava.io.ObjectStreamField; (java.base@17.0.2)
 211:             1            528  [Ljava.lang.Character; (java.base@17.0.2)
 212:            33            528  [Ljava.security.Principal; (java.base@17.0.2)
 213:             1            528  [Ljava.util.TimerTask; (java.base@17.0.2)
 214:            33            528  java.security.ProtectionDomain$Key (java.base@17.0.2)
 215:             8            512  com.sun.security.sasl.Provider$ProviderService (java.security.sasl@17.0.2)
 216:            16            512  java.time.temporal.ChronoUnit (java.base@17.0.2)
 217:            21            504  java.lang.invoke.Invokers (java.base@17.0.2)
 218:            21            504  java.security.BasicPermissionCollection (java.base@17.0.2)
 219:            21            504  java.util.AbstractMap$SimpleImmutableEntry (java.base@17.0.2)
 220:            21            504  java.util.regex.Pattern$Slice (java.base@17.0.2)
 221:             7            496  [Lsun.invoke.util.Wrapper; (java.base@17.0.2)
 222:            31            496  io.netty.handler.codec.http.HttpMethod
 223:            31            496  io.vertx.core.http.HttpMethod
 224:            31            496  java.util.regex.Pattern$$Lambda$19/0x800000025 (java.base@17.0.2)
 225:            12            480  java.lang.OutOfMemoryError (java.base@17.0.2)
 226:            10            480  java.lang.invoke.LambdaFormEditor$Transform (java.base@17.0.2)
 227:            29            464  java.security.SecureClassLoader$CodeSourceKey (java.base@17.0.2)
 228:            29            464  java.util.regex.Pattern$CharPredicate$$Lambda$23/0x80000002d (java.base@17.0.2)
 229:            19            456  java.time.Duration (java.base@17.0.2)
 230:            19            456  java.util.jar.Manifest (java.base@17.0.2)
 231:            19            456  java.util.regex.Pattern$BmpCharPropertyGreedy (java.base@17.0.2)
 232:            19            456  sun.reflect.generics.tree.SimpleClassTypeSignature (java.base@17.0.2)
 233:             4            448  [Lio.netty.buffer.PoolArena;
 234:            11            440  java.lang.invoke.VarHandle$AccessDescriptor (java.base@17.0.2)
 235:             1            432  [[[C (java.base@17.0.2)
 236:            27            432  java.security.spec.ECFieldFp (java.base@17.0.2)
 237:             6            416  [S (java.base@17.0.2)
 238:            13            416  sun.security.jca.ProviderConfig (java.base@17.0.2)
 239:            17            408  java.net.Inet4Address (java.base@17.0.2)
 240:            12            400  [Ljava.lang.constant.ClassDesc; (java.base@17.0.2)
 241:            25            400  io.netty.channel.nio.NioEventLoop$1
 242:            10            400  java.lang.invoke.DirectMethodHandle$Interface (java.base@17.0.2)
 243:            10            400  java.lang.invoke.VarHandleReferences$FieldInstanceReadWrite (java.base@17.0.2)
 244:            25            400  java.util.concurrent.CountDownLatch (java.base@17.0.2)
 245:            16            384  java.util.regex.Pattern$StartS (java.base@17.0.2)
 246:             1            376  com.intellij.rt.execution.application.AppMainV2$1
 247:             1            376  java.lang.ref.Finalizer$FinalizerThread (java.base@17.0.2)
 248:             1            376  java.util.TimerThread (java.base@17.0.2)
 249:             1            376  jdk.internal.misc.InnocuousThread (java.base@17.0.2)
 250:             1            368  java.lang.ref.Reference$ReferenceHandler (java.base@17.0.2)
 251:            23            368  java.time.format.DateTimeFormatterBuilder$CharLiteralPrinterParser (java.base@17.0.2)
 252:             1            368  sun.net.dns.ResolverConfigurationImpl$AddressChangeListener (java.base@17.0.2)
 253:            15            360  java.util.regex.Pattern$$Lambda$21/0x80000002a (java.base@17.0.2)
 254:             9            360  jdk.internal.loader.NativeLibraries$NativeLibraryImpl (java.base@17.0.2)
 255:            22            352  io.vertx.core.impl.logging.LoggerAdapter
 256:            22            352  io.vertx.core.logging.Logger
 257:            22            352  io.vertx.core.logging.SLF4JLogDelegate
 258:            11            352  java.lang.constant.DirectMethodHandleDesc$Kind (java.base@17.0.2)
 259:            11            352  jdk.internal.reflect.NativeMethodAccessorImpl (java.base@17.0.2)
 260:            19            336  [Lsun.reflect.generics.tree.TypeArgument; (java.base@17.0.2)
 261:             7            336  java.lang.invoke.BoundMethodHandle$SpeciesData (java.base@17.0.2)
 262:             6            336  java.nio.DirectLongBufferU (java.base@17.0.2)
 263:            14            336  java.util.regex.Pattern$BmpCharPredicate$$Lambda$22/0x80000002b (java.base@17.0.2)
 264:            10            320  java.lang.constant.DirectMethodHandleDescImpl (java.base@17.0.2)
 265:            10            320  java.lang.invoke.VarForm (java.base@17.0.2)
 266:             5            320  sun.security.provider.SHA2$SHA256 (java.base@17.0.2)
 267:            13            312  io.vertx.micrometer.Label
 268:            19            304  java.util.jar.Attributes (java.base@17.0.2)
 269:            19            304  sun.reflect.generics.tree.ClassTypeSignature (java.base@17.0.2)
 270:             1            288  [Ljava.lang.invoke.LambdaForm$Kind; (java.base@17.0.2)
 271:             9            288  java.lang.constant.PrimitiveClassDescImpl (java.base@17.0.2)
 272:             9            288  java.lang.ref.WeakReference (java.base@17.0.2)
 273:            12            288  java.net.StandardSocketOptions$StdSocketOption (java.base@17.0.2)
 274:             9            288  jdk.internal.org.objectweb.asm.Type (java.base@17.0.2)
 275:             7            280  [Ljava.lang.invoke.BoundMethodHandle$SpeciesData; (java.base@17.0.2)
 276:             7            280  java.lang.WeakPairMap$Pair$Weak (java.base@17.0.2)
 277:             7            280  java.util.EnumMap (java.base@17.0.2)
 278:             7            280  java.util.IdentityHashMap (java.base@17.0.2)
 279:             5            280  sun.util.calendar.ZoneInfo (java.base@17.0.2)
 280:             2            264  [Ljava.time.LocalDateTime; (java.base@17.0.2)
 281:            11            264  java.lang.NamedPackage (java.base@17.0.2)
 282:            11            264  java.lang.invoke.MethodHandleImpl$Intrinsic (java.base@17.0.2)
 283:            11            264  java.util.concurrent.locks.AbstractQueuedSynchronizer$ConditionObject (java.base@17.0.2)
 284:             5            256  [Ljava.util.Hashtable$Entry; (java.base@17.0.2)
 285:             2            256  io.netty.util.internal.InternalThreadLocalMap
 286:             8            256  java.lang.reflect.ProxyGenerator$PrimitiveTypeInfo (java.base@17.0.2)
 287:             4            256  java.security.SecureRandom (java.base@17.0.2)
 288:             8            256  java.util.concurrent.atomic.AtomicReferenceFieldUpdater$AtomicReferenceFieldUpdaterImpl (java.base@17.0.2)
 289:             8            256  sun.reflect.generics.repository.ClassRepository (java.base@17.0.2)
 290:             5            240  [Ljava.lang.invoke.LambdaForm$NamedFunction; (java.base@17.0.2)
 291:             6            240  java.io.FilePermission (java.base@17.0.2)
 292:            10            240  java.lang.constant.MethodTypeDescImpl (java.base@17.0.2)
 293:            10            240  java.net.NetPermission (java.base@17.0.2)
 294:             5            240  java.net.URLPermission (java.base@17.0.2)
 295:            10            240  java.nio.charset.CoderResult (java.base@17.0.2)
 296:            10            240  java.nio.file.StandardOpenOption (java.base@17.0.2)
 297:             5            240  java.util.Hashtable (java.base@17.0.2)
 298:             6            240  java.util.stream.StreamOpFlag (java.base@17.0.2)
 299:            13            224  [Ljava.lang.constant.ConstantDesc; (java.base@17.0.2)
 300:             7            224  java.lang.WeakPairMap$Pair$Weak$1 (java.base@17.0.2)
 301:             7            224  java.net.Inet6Address$Inet6AddressHolder (java.base@17.0.2)
 302:             4            224  java.net.SocketPermission (java.base@17.0.2)
 303:             4            224  java.nio.HeapByteBuffer (java.base@17.0.2)
 304:             7            224  java.util.Hashtable$Entry (java.base@17.0.2)
 305:             4            224  java.util.Properties (java.base@17.0.2)
 306:             7            224  java.util.regex.Pattern$Branch (java.base@17.0.2)
 307:             7            224  sun.util.locale.BaseLocale$Key (java.base@17.0.2)
 308:             8            216  [Ljava.security.ProtectionDomain; (java.base@17.0.2)
 309:             9            216  io.netty.handler.codec.http.HttpMethod$EnumNameMap$Node
 310:             9            216  io.vertx.ext.web.impl.RouteState$Priority
 311:             3            216  java.util.concurrent.ThreadPoolExecutor (java.base@17.0.2)
 312:             9            216  jdk.internal.loader.AbstractClassLoaderValue$Sub (java.base@17.0.2)
 313:             9            216  sun.reflect.annotation.AnnotationInvocationHandler (java.base@17.0.2)
 314:            13            208  java.lang.ThreadLocal (java.base@17.0.2)
 315:             5            200  sun.util.resources.Bundles$BundleReference (java.base@17.0.2)
 316:             6            192  io.netty.buffer.EmptyByteBuf
 317:             4            192  io.vertx.core.impl.VertxImpl$$Lambda$45/0x0000000800c86738
 318:             6            192  java.lang.invoke.LambdaForm$BasicType (java.base@17.0.2)
 319:             8            192  java.math.RoundingMode (java.base@17.0.2)
 320:             3            192  java.nio.DirectByteBufferR (java.base@17.0.2)
 321:             6            192  java.time.format.TextStyle (java.base@17.0.2)
 322:             6            192  java.util.Collections$UnmodifiableMap (java.base@17.0.2)
 323:             4            192  java.util.concurrent.LinkedBlockingQueue (java.base@17.0.2)
 324:             8            192  sun.reflect.generics.tree.ClassSignature (java.base@17.0.2)
 325:             4            192  sun.security.provider.MoreDrbgParameters (java.base@17.0.2)
 326:             3            184  [Lio.vertx.micrometer.Label;
 327:             1            184  io.vertx.core.http.HttpServerOptions
 328:            11            176  jdk.internal.reflect.DelegatingMethodAccessorImpl (java.base@17.0.2)
 329:             7            168  [Ljava.util.regex.Pattern$Node; (java.base@17.0.2)
 330:             1            168  [[Ljava.math.BigInteger; (java.base@17.0.2)
 331:             7            168  ch.qos.logback.classic.Level
 332:             1            168  io.vertx.core.impl.VertxImpl
 333:             1            168  io.vertx.micrometer.MetricsNaming
 334:             7            168  java.net.Inet6Address (java.base@17.0.2)
 335:             7            168  java.time.ZoneOffset (java.base@17.0.2)
 336:             7            168  java.util.Arrays$ArrayList (java.base@17.0.2)
 337:             7            168  java.util.regex.Pattern$Start (java.base@17.0.2)
 338:             7            168  sun.reflect.generics.factory.CoreReflectionFactory (java.base@17.0.2)
 339:             7            168  sun.reflect.generics.scope.ClassScope (java.base@17.0.2)
 340:             2            160  [Ljava.lang.ThreadLocal$ThreadLocalMap$Entry; (java.base@17.0.2)
 341:             2            160  [Ljava.lang.constant.DirectMethodHandleDesc$Kind; (java.base@17.0.2)
 342:             2            160  [Ljava.time.ZoneOffset; (java.base@17.0.2)
 343:             8            160  [Lsun.reflect.generics.tree.FormalTypeParameter; (java.base@17.0.2)
 344:             4            160  ch.qos.logback.core.status.InfoStatus
 345:             5            160  java.lang.ThreadLocal$ThreadLocalMap$Entry (java.base@17.0.2)
 346:             5            160  java.lang.invoke.VarHandle$AccessType (java.base@17.0.2)
 347:             4            160  java.lang.invoke.VarHandleInts$FieldInstanceReadWrite (java.base@17.0.2)
 348:             5            160  java.net.HostPortrange (java.base@17.0.2)
 349:             5            160  java.security.MessageDigest$Delegate$CloneableDelegate (java.base@17.0.2)
 350:            10            160  java.util.Formatter$Flags (java.base@17.0.2)
 351:             5            160  java.util.RegularEnumSet (java.base@17.0.2)
 352:             5            160  java.util.concurrent.atomic.AtomicIntegerFieldUpdater$AtomicIntegerFieldUpdaterImpl (java.base@17.0.2)
 353:             5            160  sun.reflect.generics.reflectiveObjects.TypeVariableImpl (java.base@17.0.2)
 354:             5            160  sun.util.locale.provider.LocaleProviderAdapter$Type (java.base@17.0.2)
 355:             5            160  sun.util.resources.Bundles$CacheKey (java.base@17.0.2)
 356:             2            152  [[Ljava.lang.String; (java.base@17.0.2)
 357:             3            144  [F (java.base@17.0.2)
 358:             3            144  [Lio.netty.util.internal.PriorityQueueNode;
 359:             1            144  [Lio.vertx.core.http.HttpMethod;
 360:             1            144  [Ljava.lang.invoke.VarHandle$AccessMode; (java.base@17.0.2)
 361:             2            144  [Ljava.math.BigDecimal; (java.base@17.0.2)
 362:             3            144  io.vertx.ext.web.impl.ParsableMIMEValue
 363:             6            144  java.lang.Class$AnnotationData (java.base@17.0.2)
 364:             3            144  java.lang.ThreadGroup (java.base@17.0.2)
 365:             6            144  java.net.InterfaceAddress (java.base@17.0.2)
 366:             3            144  java.time.temporal.JulianFields$Field (java.base@17.0.2)
 367:             6            144  java.util.Base64$Encoder (java.base@17.0.2)
 368:             3            144  java.util.TreeMap (java.base@17.0.2)
 369:             6            144  jdk.internal.perf.PerfCounter (java.base@17.0.2)
 370:             6            144  jdk.net.ExtendedSocketOptions$ExtSocketOption (jdk.net@17.0.2)
 371:             3            144  sun.nio.cs.UTF_8$Encoder (java.base@17.0.2)
 372:             1            144  sun.security.pkcs11.SunPKCS11 (jdk.crypto.cryptoki@17.0.2)
 373:             2            136  [Lio.netty.util.concurrent.EventExecutor;
 374:             1            136  [Ljava.time.temporal.ChronoField; (java.base@17.0.2)
 375:             8            136  [Lsun.reflect.generics.tree.ClassTypeSignature; (java.base@17.0.2)
 376:             3            128  [Ljava.lang.Thread; (java.base@17.0.2)
 377:             2            128  com.sun.security.sasl.gsskerb.JdkSASL$ProviderService (jdk.security.jgss@17.0.2)
 378:             2            128  io.netty.buffer.PooledByteBufAllocator
 379:             8            128  io.netty.channel.$Proxy3
 380:             2            128  io.netty.util.concurrent.ScheduledFutureTask
 381:             4            128  java.lang.invoke.MethodHandles$Lookup (java.base@17.0.2)
 382:             4            128  java.util.ImmutableCollections$MapN (java.base@17.0.2)
 383:             2            128  javax.naming.NameImpl (java.naming@17.0.2)
 384:             4            128  jdk.internal.loader.NativeLibraries (java.base@17.0.2)
 385:             4            128  sun.reflect.annotation.AnnotationType (java.base@17.0.2)
 386:             2            128  sun.security.jgss.SunProvider$ProviderService (java.security.jgss@17.0.2)
 387:             5            120  [Lio.netty.channel.socket.InternetProtocolFamily;
 388:             3            120  [Ljava.lang.invoke.LambdaForm$BasicType; (java.base@17.0.2)
 389:             5            120  [Lsun.reflect.generics.tree.FieldTypeSignature; (java.base@17.0.2)
 390:             5            120  io.vertx.ext.web.handler.sockjs.Transport
 391:             3            120  java.lang.invoke.BoundMethodHandle$Species_LL (java.base@17.0.2)
 392:             3            120  java.lang.invoke.MethodHandleImpl$IntrinsicMethodHandle (java.base@17.0.2)
 393:             5            120  java.lang.module.ModuleDescriptor$Opens (java.base@17.0.2)
 394:             3            120  java.lang.reflect.ProxyGenerator$ProxyMethod (java.base@17.0.2)
 395:             3            120  java.time.format.DateTimeFormatterBuilder$FractionPrinterParser (java.base@17.0.2)
 396:             5            120  java.time.format.SignStyle (java.base@17.0.2)
 397:             5            120  java.util.stream.StreamOpFlag$Type (java.base@17.0.2)
 398:             5            120  jdk.internal.math.FloatingDecimal$PreparedASCIIToBinaryBuffer (java.base@17.0.2)
 399:             5            120  sun.nio.fs.WindowsPathType (java.base@17.0.2)
 400:             5            120  sun.reflect.generics.tree.FormalTypeParameter (java.base@17.0.2)
 401:             3            120  sun.util.locale.provider.LocaleResources$ResourceReference (java.base@17.0.2)
 402:             1            112  [Ljava.time.LocalTime; (java.base@17.0.2)
 403:             2            112  io.vertx.core.net.SSLOptions
 404:             2            112  java.nio.DirectIntBufferRU (java.base@17.0.2)
 405:             7            112  java.util.LinkedHashMap$LinkedKeySet (java.base@17.0.2)
 406:             7            112  java.util.regex.Pattern$BranchConn (java.base@17.0.2)
 407:             1            104  ch.qos.logback.classic.LoggerContext
 408:             1            104  com.sun.crypto.provider.SunJCE (java.base@17.0.2)
 409:             1            104  com.sun.security.sasl.Provider (java.security.sasl@17.0.2)
 410:             1            104  com.sun.security.sasl.gsskerb.JdkSASL (jdk.security.jgss@17.0.2)
 411:             1            104  io.netty.channel.socket.nio.NioServerSocketChannel
 412:             1            104  io.netty.resolver.dns.DnsNameResolverBuilder
 413:             1            104  io.vertx.core.http.impl.HttpServerImpl
 414:             1            104  io.vertx.core.net.NetServerOptions
 415:             1            104  jdk.internal.loader.ClassLoaders$AppClassLoader (java.base@17.0.2)
 416:             1            104  jdk.internal.loader.ClassLoaders$BootClassLoader (java.base@17.0.2)
 417:             1            104  jdk.internal.loader.ClassLoaders$PlatformClassLoader (java.base@17.0.2)
 418:             1            104  org.jcp.xml.dsig.internal.dom.XMLDSigRI (java.xml.crypto@17.0.2)
 419:             1            104  sun.security.ec.SunEC (jdk.crypto.ec@17.0.2)
 420:             1            104  sun.security.jca.ProviderList$1 (java.base@17.0.2)
 421:             1            104  sun.security.jgss.SunProvider (java.security.jgss@17.0.2)
 422:             1            104  sun.security.mscapi.SunMSCAPI (jdk.crypto.mscapi@17.0.2)
 423:             1            104  sun.security.provider.Sun (java.base@17.0.2)
 424:             1            104  sun.security.provider.certpath.ldap.JdkLDAP (java.naming@17.0.2)
 425:             1            104  sun.security.rsa.SunRsaSign (java.base@17.0.2)
 426:             1            104  sun.security.smartcardio.SunPCSC (java.smartcardio@17.0.2)
 427:             1            104  sun.security.ssl.SunJSSE (java.base@17.0.2)
 428:             4             96  [Lio.netty.handler.codec.dns.DnsRecordType;
 429:             5             96  [Ljava.lang.StackTraceElement; (java.base@17.0.2)
 430:             4             96  [Ljava.lang.reflect.Type; (java.base@17.0.2)
 431:             4             96  [Ljava.lang.reflect.TypeVariable; (java.base@17.0.2)
 432:             2             96  [Ljava.nio.ByteBuffer; (java.base@17.0.2)
 433:             1             96  [Lsun.util.locale.BaseLocale; (java.base@17.0.2)
 434:             1             96  [[J (java.base@17.0.2)
 435:             4             96  io.netty.resolver.ResolvedAddressTypes
 436:             4             96  io.netty.util.ResourceLeakDetector$Level
 437:             4             96  io.vertx.ext.web.AllowForwardHeaders
 438:             3             96  java.lang.ClassValue$Entry (java.base@17.0.2)
 439:             3             96  java.lang.Runtime$Version (java.base@17.0.2)
 440:             3             96  java.lang.constant.DynamicConstantDesc$AnonymousDynamicConstantDesc (java.base@17.0.2)
 441:             3             96  java.lang.invoke.SimpleMethodHandle (java.base@17.0.2)
 442:             4             96  java.lang.module.ModuleDescriptor$Modifier (java.base@17.0.2)
 443:             4             96  java.lang.module.ModuleDescriptor$Requires$Modifier (java.base@17.0.2)
 444:             4             96  java.net.InetSocketAddress$InetSocketAddressHolder (java.base@17.0.2)
 445:             4             96  java.time.format.DateTimeFormatterBuilder$OffsetIdPrinterParser (java.base@17.0.2)
 446:             4             96  java.time.format.DateTimeFormatterBuilder$SettingsParser (java.base@17.0.2)
 447:             6             96  java.util.concurrent.ConcurrentHashMap$ValuesView (java.base@17.0.2)
 448:             4             96  java.util.concurrent.LinkedBlockingQueue$Node (java.base@17.0.2)
 449:             4             96  java.util.regex.Pattern$Dollar (java.base@17.0.2)
 450:             4             96  java.util.regex.Pattern$Qtype (java.base@17.0.2)
 451:             4             96  java.util.stream.StreamShape (java.base@17.0.2)
 452:             1             96  jdk.internal.jimage.ImageReader$SharedImageReader (java.base@17.0.2)
 453:             6             96  jdk.internal.loader.ClassLoaderValue (java.base@17.0.2)
 454:             3             96  sun.net.spi.DefaultProxySelector$NonProxyInfo (java.base@17.0.2)
 455:             2             96  sun.nio.cs.StreamEncoder (java.base@17.0.2)
 456:             4             96  sun.reflect.generics.reflectiveObjects.ParameterizedTypeImpl (java.base@17.0.2)
 457:             4             96  sun.security.provider.DRBG (java.base@17.0.2)
 458:             3             96  sun.util.locale.provider.LocaleResources (java.base@17.0.2)
 459:             1             88  [Lio.vertx.core.eventbus.MessageCodec;
 460:             2             88  [Lsun.security.jca.ProviderConfig; (java.base@17.0.2)
 461:             1             88  sun.nio.ch.ServerSocketChannelImpl (java.base@17.0.2)
 462:             1             80  [Lio.netty.handler.codec.http.HttpMethod$EnumNameMap$Node;
 463:             2             80  [Ljava.lang.OutOfMemoryError; (java.base@17.0.2)
 464:             1             80  [Ljava.time.temporal.ChronoUnit; (java.base@17.0.2)
 465:             2             80  [Ljava.util.stream.StreamOpFlag$Type; (java.base@17.0.2)
 466:             2             80  io.vertx.ext.web.impl.RouterState
 467:             2             80  java.io.BufferedWriter (java.base@17.0.2)
 468:             2             80  java.io.PrintStream (java.base@17.0.2)
 469:             2             80  java.lang.ModuleLayer (java.base@17.0.2)
 470:             2             80  java.lang.invoke.MethodHandleImpl$AsVarargsCollector (java.base@17.0.2)
 471:             2             80  java.lang.invoke.VarHandleBooleans$FieldInstanceReadWrite (java.base@17.0.2)
 472:             2             80  java.lang.module.Configuration (java.base@17.0.2)
 473:             5             80  java.net.URLPermission$Authority (java.base@17.0.2)
 474:             2             80  java.util.Collections$SingletonMap (java.base@17.0.2)
 475:             2             80  java.util.Locale$Category (java.base@17.0.2)
 476:             5             80  java.util.concurrent.atomic.AtomicBoolean (java.base@17.0.2)
 477:             2             80  jdk.internal.math.FloatingDecimal$BinaryToASCIIBuffer (java.base@17.0.2)
 478:             2             80  jdk.internal.ref.Cleaner (java.base@17.0.2)
 479:             1             80  sun.nio.ch.NioSocketImpl (java.base@17.0.2)
 480:             1             80  sun.util.cldr.CLDRLocaleProviderAdapter (java.base@17.0.2)
 481:             1             80  sun.util.locale.provider.JRELocaleProviderAdapter (java.base@17.0.2)
 482:             3             72  ch.qos.logback.classic.spi.Configurator$ExecutionStatus
 483:             3             72  ch.qos.logback.core.spi.FilterReply
 484:             3             72  io.netty.handler.ssl.ClientAuth
 485:             3             72  io.vertx.core.http.ClientAuth
 486:             3             72  io.vertx.core.http.HttpVersion
 487:             3             72  io.vertx.core.impl.future.PromiseImpl
 488:             3             72  io.vertx.core.tracing.TracingPolicy
 489:             1             72  io.vertx.ext.web.handler.impl.StaticHandlerImpl
 490:             3             72  io.vertx.ext.web.handler.sockjs.impl.BaseTransport$$Lambda$80/0x0000000800d11d10
 491:             1             72  io.vertx.ext.web.handler.sockjs.impl.EventBusBridgeImpl
 492:             3             72  java.lang.WeakPairMap (java.base@17.0.2)
 493:             3             72  java.lang.annotation.RetentionPolicy (java.base@17.0.2)
 494:             3             72  java.lang.invoke.VarHandle$VarHandleDesc$Kind (java.base@17.0.2)
 495:             3             72  java.net.Proxy$Type (java.base@17.0.2)
 496:             3             72  java.net.StandardProtocolFamily (java.base@17.0.2)
 497:             3             72  java.security.DrbgParameters$Capability (java.base@17.0.2)
 498:             3             72  java.time.Instant (java.base@17.0.2)
 499:             3             72  java.time.format.ResolverStyle (java.base@17.0.2)
 500:             3             72  java.util.stream.Collector$Characteristics (java.base@17.0.2)
 501:             3             72  jdk.internal.math.FloatingDecimal$ExceptionalBinaryToASCIIBuffer (java.base@17.0.2)
 502:             2             64  [Lio.vertx.core.http.ClientAuth;
 503:             2             64  [Ljava.lang.annotation.RetentionPolicy; (java.base@17.0.2)
 504:             1             64  [Ljava.lang.invoke.MethodHandleImpl$Intrinsic; (java.base@17.0.2)
 505:             2             64  [Ljava.nio.charset.CoderResult; (java.base@17.0.2)
 506:             3             64  [Ljava.util.Map$Entry; (java.base@17.0.2)
 507:             2             64  [Ljava.util.stream.Collector$Characteristics; (java.base@17.0.2)
 508:             1             64  ch.qos.logback.core.ConsoleAppender
 509:             2             64  ch.qos.logback.core.joran.spi.ConsoleTarget
 510:             2             64  ch.qos.logback.core.util.COWArrayList
 511:             1             64  io.netty.channel.ChannelOutboundBuffer
 512:             1             64  io.netty.channel.DefaultChannelPipeline$HeadContext
 513:             2             64  io.netty.channel.nio.NioEventLoopGroup
 514:             2             64  io.netty.channel.socket.InternetProtocolFamily
 515:             1             64  io.netty.channel.socket.nio.NioServerSocketChannel$NioServerSocketChannelConfig
 516:             2             64  io.netty.resolver.dns.DefaultDnsCache
 517:             1             64  io.netty.util.concurrent.GlobalEventExecutor
 518:             1             64  io.vertx.core.dns.AddressResolverOptions
 519:             2             64  io.vertx.core.http.impl.HttpServerImpl$HttpStreamHandler
 520:             1             64  io.vertx.core.http.impl.HttpServerWorker
 521:             2             64  io.vertx.core.impl.CloseFuture
 522:             1             64  io.vertx.core.impl.EventLoopContext
 523:             2             64  io.vertx.core.impl.btc.ThreadInfo
 524:             2             64  io.vertx.core.impl.future.Mapping
 525:             1             64  io.vertx.core.net.impl.SSLHelper
 526:             1             64  io.vertx.ext.web.impl.LRUCache
 527:             2             64  java.io.BufferedOutputStream (java.base@17.0.2)
 528:             2             64  java.io.FileOutputStream (java.base@17.0.2)
 529:             2             64  java.lang.ref.ReferenceQueue$Null (java.base@17.0.2)
 530:             4             64  java.net.InetSocketAddress (java.base@17.0.2)
 531:             1             64  java.net.SocksSocketImpl (java.base@17.0.2)
 532:             2             64  java.nio.DirectByteBuffer$Deallocator (java.base@17.0.2)
 533:             2             64  java.time.format.DateTimeFormatterBuilder$TextPrinterParser (java.base@17.0.2)
 534:             2             64  java.time.temporal.IsoFields$Unit (java.base@17.0.2)
 535:             2             64  java.util.Collections$SynchronizedMap (java.base@17.0.2)
 536:             2             64  java.util.HexFormat (java.base@17.0.2)
 537:             2             64  java.util.Vector (java.base@17.0.2)
 538:             2             64  java.util.stream.FindOps$FindOp (java.base@17.0.2)
 539:             4             64  jdk.internal.module.ServicesCatalog (java.base@17.0.2)
 540:             1             64  sun.security.provider.certpath.ldap.JdkLDAP$ProviderService (java.naming@17.0.2)
 541:             1             64  sun.security.smartcardio.SunPCSC$ProviderService (java.smartcardio@17.0.2)
 542:             2             56  [Lio.vertx.core.http.HttpVersion;
 543:             1             56  [Lio.vertx.ext.web.impl.RouteState$Priority;
 544:             1             56  [Ljava.lang.Runnable; (java.base@17.0.2)
 545:             1             56  [Ljava.nio.file.StandardOpenOption; (java.base@17.0.2)
 546:             1             56  [[I (java.base@17.0.2)
 547:             1             56  ch.qos.logback.classic.layout.TTLLLayout
 548:             1             56  io.netty.channel.DefaultChannelHandlerContext
 549:             1             56  io.netty.channel.DefaultChannelPipeline$TailContext
 550:             1             56  io.vertx.core.http.Http2Settings
 551:             1             56  io.vertx.core.impl.DeploymentManager$DeploymentImpl
 552:             1             56  io.vertx.core.impl.btc.BlockedThreadChecker$1
 553:             1             56  io.vertx.core.net.impl.SslContextProvider
 554:             1             56  java.lang.invoke.BoundMethodHandle$Specializer (java.base@17.0.2)
 555:             1             56  java.nio.HeapCharBuffer (java.base@17.0.2)
 556:             1             56  java.util.ServiceLoader (java.base@17.0.2)
 557:             1             56  jdk.internal.org.objectweb.asm.Label (java.base@17.0.2)
 558:             3             48  [Ljava.lang.annotation.Annotation; (java.base@17.0.2)
 559:             1             48  [Ljava.math.RoundingMode; (java.base@17.0.2)
 560:             1             48  [Ljava.util.concurrent.TimeUnit; (java.base@17.0.2)
 561:             1             48  ch.qos.logback.classic.pattern.ThrowableProxyConverter
 562:             1             48  ch.qos.logback.core.encoder.LayoutWrappingEncoder
 563:             3             48  ch.qos.logback.core.spi.LogbackLock
 564:             2             48  ch.qos.logback.core.util.CachingDateFormatter
 565:             2             48  ch.qos.logback.core.util.CachingDateFormatter$CacheTuple
 566:             1             48  com.sun.jndi.dns.ZoneNode (jdk.naming.dns@17.0.2)
 567:             2             48  io.netty.buffer.PooledByteBufAllocator$PoolThreadLocalCache
 568:             2             48  io.netty.buffer.UnpooledByteBufAllocator
 569:             2             48  io.netty.buffer.UnpooledByteBufAllocator$UnpooledByteBufAllocatorMetric
 570:             1             48  io.netty.channel.AbstractChannel$CloseFuture
 571:             1             48  io.netty.channel.DefaultChannelPipeline
 572:             2             48  io.netty.channel.VoidChannelPromise
 573:             2             48  io.netty.handler.logging.ByteBufFormat
 574:             2             48  io.netty.resolver.dns.DefaultDnsCache$1
 575:             2             48  io.netty.resolver.dns.DnsServerAddresses$1
 576:             1             48  io.netty.util.collection.IntObjectHashMap
 577:             3             48  io.netty.util.concurrent.PromiseTask$SentinelRunnable
 578:             2             48  io.netty.util.internal.DefaultPriorityQueue
 579:             2             48  io.netty.util.internal.ThreadExecutorMap$2
 580:             3             48  io.netty.util.internal.TypeParameterMatcher$ReflectiveMatcher
 581:             1             48  io.vertx.core.DeploymentOptions
 582:             1             48  io.vertx.core.buffer.impl.VertxUnsafeHeapByteBuf
 583:             1             48  io.vertx.core.eventbus.impl.CodecManager
 584:             1             48  io.vertx.core.eventbus.impl.EventBusImpl
 585:             2             48  io.vertx.core.impl.TaskQueue
 586:             1             48  io.vertx.core.impl.VertxImpl$InternalTimerHandler
 587:             2             48  io.vertx.core.impl.WorkerPool
 588:             1             48  io.vertx.core.net.impl.SslChannelProvider
 589:             2             48  io.vertx.ext.web.handler.FileSystemAccess
 590:             1             48  io.vertx.ext.web.handler.impl.StaticHandlerImpl$FSTune
 591:             1             48  io.vertx.ext.web.handler.sockjs.SockJSHandlerOptions
 592:             2             48  io.vertx.ext.web.impl.RouterImpl
 593:             1             48  java.io.BufferedReader (java.base@17.0.2)
 594:             2             48  java.io.File$PathStatus (java.base@17.0.2)
 595:             2             48  java.io.FilePermissionCollection (java.base@17.0.2)
 596:             2             48  java.io.OutputStreamWriter (java.base@17.0.2)
 597:             2             48  java.lang.ClassValue$Version (java.base@17.0.2)
 598:             1             48  java.lang.NullPointerException (java.base@17.0.2)
 599:             1             48  java.lang.ProcessEnvironment (java.base@17.0.2)
 600:             1             48  java.lang.ProcessHandleImpl (java.base@17.0.2)
 601:             1             48  java.lang.StackTraceElement (java.base@17.0.2)
 602:             2             48  java.lang.ThreadLocal$ThreadLocalMap (java.base@17.0.2)
 603:             1             48  java.lang.invoke.BoundMethodHandle$Specializer$Factory (java.base@17.0.2)
 604:             1             48  java.lang.invoke.BoundMethodHandle$Species_LLLLL (java.base@17.0.2)
 605:             2             48  java.lang.invoke.MethodHandles$Lookup$ClassOption (java.base@17.0.2)
 606:             2             48  java.lang.invoke.VarHandle$TypesAndInvokers (java.base@17.0.2)
 607:             2             48  java.lang.invoke.VarHandleByteArrayAsInts$ArrayHandle (java.base@17.0.2)
 608:             2             48  java.lang.invoke.VarHandleByteArrayAsLongs$ArrayHandle (java.base@17.0.2)
 609:             2             48  java.lang.management.ManagementPermission (java.management@17.0.2)
 610:             2             48  java.lang.reflect.ReflectPermission (java.base@17.0.2)
 611:             3             48  java.nio.charset.CodingErrorAction (java.base@17.0.2)
 612:             2             48  java.time.format.DateTimeFormatterBuilder$1 (java.base@17.0.2)
 613:             2             48  java.time.format.DateTimeFormatterBuilder$ZoneIdPrinterParser (java.base@17.0.2)
 614:             2             48  java.time.format.DateTimeTextProvider$LocaleStore (java.base@17.0.2)
 615:             3             48  java.util.Base64$Decoder (java.base@17.0.2)
 616:             3             48  java.util.HashMap$Values (java.base@17.0.2)
 617:             3             48  java.util.IdentityHashMap$KeySet (java.base@17.0.2)
 618:             3             48  java.util.LinkedHashMap$LinkedEntrySet (java.base@17.0.2)
 619:             3             48  java.util.Optional (java.base@17.0.2)
 620:             3             48  java.util.ResourceBundle$NoFallbackControl (java.base@17.0.2)
 621:             1             48  java.util.concurrent.ConcurrentSkipListMap (java.base@17.0.2)
 622:             2             48  java.util.concurrent.ConcurrentSkipListMap$Node (java.base@17.0.2)
 623:             3             48  java.util.concurrent.atomic.AtomicReference (java.base@17.0.2)
 624:             2             48  java.util.regex.Pattern$CharProperty (java.base@17.0.2)
 625:             1             48  java.util.regex.Pattern$GroupCurly (java.base@17.0.2)
 626:             2             48  java.util.regex.Pattern$Pos (java.base@17.0.2)
 627:             1             48  jdk.internal.jimage.ImageHeader (java.base@17.0.2)
 628:             2             48  jdk.internal.misc.Signal (java.base@17.0.2)
 629:             2             48  jdk.internal.misc.Signal$NativeHandler (java.base@17.0.2)
 630:             3             48  jdk.internal.util.Preconditions$1 (java.base@17.0.2)
 631:             3             48  org.slf4j.helpers.BasicMarkerFactory
 632:             1             48  sun.nio.ch.SelectionKeyImpl (java.base@17.0.2)
 633:             3             48  sun.nio.ch.SocketDispatcher (java.base@17.0.2)
 634:             1             48  sun.nio.cs.StreamDecoder (java.base@17.0.2)
 635:             2             48  sun.security.jca.ProviderList (java.base@17.0.2)
 636:             2             48  sun.security.jca.ProviderList$3 (java.base@17.0.2)
 637:             1             48  sun.util.resources.TimeZoneNames (java.base@17.0.2)
 638:             1             48  sun.util.resources.TimeZoneNames_en (java.base@17.0.2)
 639:             1             48  sun.util.resources.cldr.TimeZoneNames (java.base@17.0.2)
 640:             1             48  sun.util.resources.cldr.TimeZoneNames_en (java.base@17.0.2)
 641:             2             40  [Lch.qos.logback.core.Appender;
 642:             1             40  [Lio.vertx.ext.web.handler.sockjs.Transport;
 643:             1             40  [Ljava.lang.invoke.VarHandle$AccessType; (java.base@17.0.2)
 644:             1             40  [Ljava.nio.charset.Charset; (java.base@17.0.2)
 645:             1             40  [Ljava.time.format.SignStyle; (java.base@17.0.2)
 646:             1             40  [Ljava.time.format.TextStyle; (java.base@17.0.2)
 647:             1             40  [Ljava.util.stream.StreamOpFlag; (java.base@17.0.2)
 648:             1             40  [Lsun.nio.fs.WindowsPathType; (java.base@17.0.2)
 649:             1             40  [Lsun.util.locale.provider.LocaleProviderAdapter$Type; (java.base@17.0.2)
 650:             1             40  [[Ljava.lang.invoke.LambdaForm$Name; (java.base@17.0.2)
 651:             1             40  ch.qos.logback.core.BasicStatusManager
 652:             1             40  com.sun.management.internal.DiagnosticCommandImpl (jdk.management@17.0.2)
 653:             1             40  io.netty.bootstrap.ServerBootstrap$ServerBootstrapAcceptor
 654:             1             40  io.netty.channel.group.DefaultChannelGroup
 655:             1             40  io.netty.channel.nio.AbstractNioMessageChannel$NioMessageUnsafe
 656:             1             40  io.netty.resolver.DefaultHostsFileEntriesResolver
 657:             1             40  io.netty.util.ResourceLeakDetector
 658:             1             40  io.netty.util.concurrent.DefaultPromise$StacklessCancellationException
 659:             1             40  io.vertx.core.http.impl.HttpServerConnectionHandler
 660:             1             40  io.vertx.core.impl.resolver.DnsResolverProvider$2
 661:             1             40  io.vertx.core.shareddata.impl.SharedDataImpl
 662:             1             40  java.io.BufferedInputStream (java.base@17.0.2)
 663:             1             40  java.lang.ArithmeticException (java.base@17.0.2)
 664:             1             40  java.lang.UnsupportedOperationException (java.base@17.0.2)
 665:             1             40  java.lang.VirtualMachineError (java.base@17.0.2)
 666:             1             40  java.lang.invoke.BoundMethodHandle$Species_LJ (java.base@17.0.2)
 667:             1             40  java.lang.invoke.VarHandleLongs$FieldInstanceReadWrite (java.base@17.0.2)
 668:             1             40  java.net.InetAddress$CachedAddresses (java.base@17.0.2)
 669:             1             40  java.net.Socket (java.base@17.0.2)
 670:             1             40  java.time.format.DateTimeFormatterBuilder (java.base@17.0.2)
 671:             1             40  java.time.zone.ZoneRules (java.base@17.0.2)
 672:             1             40  java.util.ResourceBundle$2 (java.base@17.0.2)
 673:             1             40  java.util.ServiceLoader$LazyClassPathLookupIterator (java.base@17.0.2)
 674:             1             40  jdk.internal.loader.URLClassPath (java.base@17.0.2)
 675:             1             40  jdk.internal.ref.CleanerImpl$CleanerCleanable (java.base@17.0.2)
 676:             1             40  sun.nio.ch.ServerSocketAdaptor (java.base@17.0.2)
 677:             1             40  sun.nio.cs.StandardCharsets$Aliases (java.base@17.0.2)
 678:             1             40  sun.nio.cs.StandardCharsets$Cache (java.base@17.0.2)
 679:             1             40  sun.nio.cs.StandardCharsets$Classes (java.base@17.0.2)
 680:             1             40  sun.nio.cs.US_ASCII$Decoder (java.base@17.0.2)
 681:             1             40  sun.util.resources.Bundles$1 (java.base@17.0.2)
 682:             1             32  [Lch.qos.logback.classic.spi.Configurator$ExecutionStatus;
 683:             1             32  [Lch.qos.logback.core.spi.FilterReply;
 684:             2             32  [Lio.netty.handler.codec.dns.DnsRecord;
 685:             1             32  [Lio.netty.handler.ssl.ClientAuth;
 686:             1             32  [Lio.netty.resolver.ResolvedAddressTypes;
 687:             1             32  [Lio.netty.util.ResourceLeakDetector$Level;
 688:             2             32  [Lio.vertx.core.Handler;
 689:             1             32  [Lio.vertx.core.tracing.TracingPolicy;
 690:             1             32  [Lio.vertx.ext.web.AllowForwardHeaders;
 691:             1             32  [Lio.vertx.ext.web.MIMEHeader;
 692:             1             32  [Ljava.lang.ThreadGroup; (java.base@17.0.2)
 693:             2             32  [Ljava.lang.Throwable; (java.base@17.0.2)
 694:             1             32  [Ljava.lang.invoke.LambdaFormEditor$Transform; (java.base@17.0.2)
 695:             1             32  [Ljava.lang.invoke.VarHandle$VarHandleDesc$Kind; (java.base@17.0.2)
 696:             1             32  [Ljava.lang.module.ModuleDescriptor$Modifier; (java.base@17.0.2)
 697:             1             32  [Ljava.lang.module.ModuleDescriptor$Requires$Modifier; (java.base@17.0.2)
 698:             1             32  [Ljava.net.Proxy$Type; (java.base@17.0.2)
 699:             1             32  [Ljava.net.StandardProtocolFamily; (java.base@17.0.2)
 700:             1             32  [Ljava.security.DrbgParameters$Capability; (java.base@17.0.2)
 701:             2             32  [Ljava.security.cert.Certificate; (java.base@17.0.2)
 702:             1             32  [Ljava.time.format.DateTimeFormatterBuilder$SettingsParser; (java.base@17.0.2)
 703:             1             32  [Ljava.time.format.ResolverStyle; (java.base@17.0.2)
 704:             1             32  [Ljava.time.temporal.IsoFields$Field; (java.base@17.0.2)
 705:             1             32  [Ljava.time.temporal.JulianFields$Field; (java.base@17.0.2)
 706:             1             32  [Ljava.util.regex.Pattern$Qtype; (java.base@17.0.2)
 707:             1             32  [Ljava.util.stream.StreamShape; (java.base@17.0.2)
 708:             1             32  [Ljdk.internal.module.ServicesCatalog; (java.base@17.0.2)
 709:             1             32  ch.qos.logback.classic.spi.LoggerContextVO
 710:             1             32  ch.qos.logback.core.helpers.CyclicBuffer
 711:             2             32  io.netty.buffer.PooledByteBufAllocator$1
 712:             2             32  io.netty.buffer.PooledByteBufAllocatorMetric
 713:             1             32  io.netty.channel.DefaultChannelId
 714:             2             32  io.netty.handler.codec.dns.DnsQueryEncoder
 715:             1             32  io.netty.util.concurrent.DefaultThreadFactory
 716:             2             32  io.netty.util.concurrent.FastThreadLocalRunnable
 717:             2             32  io.netty.util.concurrent.MultithreadEventExecutorGroup$1
 718:             2             32  io.netty.util.concurrent.SingleThreadEventExecutor$4
 719:             2             32  io.netty.util.concurrent.ThreadPerTaskExecutor
 720:             2             32  io.netty.util.internal.logging.Slf4JLoggerFactory
 721:             1             32  io.vertx.core.impl.DeploymentManager$VerticleHolder
 722:             2             32  io.vertx.core.impl.TaskQueue$$Lambda$69/0x0000000800d032e0
 723:             1             32  io.vertx.core.impl.VerticleManager
 724:             1             32  io.vertx.core.impl.resolver.DnsResolverProvider
 725:             1             32  io.vertx.core.net.impl.ServerChannelLoadBalancer
 726:             1             32  io.vertx.ext.auth.PRNG
 727:             1             32  io.vertx.ext.auth.PRNG$$Lambda$81/0x0000000800d123f0
 728:             1             32  io.vertx.ext.bridge.PermittedOptions
 729:             1             32  io.vertx.ext.web.handler.impl.StaticHandlerImpl$FSPropsCache
 730:             1             32  io.vertx.ext.web.handler.sockjs.impl.EventSourceTransport
 731:             1             32  io.vertx.ext.web.handler.sockjs.impl.HtmlFileTransport
 732:             1             32  io.vertx.ext.web.handler.sockjs.impl.JsonPTransport
 733:             1             32  io.vertx.ext.web.handler.sockjs.impl.RawWebSocketTransport
 734:             1             32  io.vertx.ext.web.handler.sockjs.impl.WebSocketTransport
 735:             1             32  io.vertx.ext.web.handler.sockjs.impl.XhrTransport
 736:             1             32  java.io.FileInputStream (java.base@17.0.2)
 737:             1             32  java.io.WinNTFileSystem (java.base@17.0.2)
 738:             2             32  java.lang.Boolean (java.base@17.0.2)
 739:             2             32  java.lang.ClassValue$Identity (java.base@17.0.2)
 740:             1             32  java.lang.Module$ArchivedData (java.base@17.0.2)
 741:             2             32  java.lang.Shutdown$Lock (java.base@17.0.2)
 742:             1             32  java.lang.module.ModuleDescriptor$Version (java.base@17.0.2)
 743:             1             32  java.net.InetAddress$CachedLocalHost (java.base@17.0.2)
 744:             2             32  java.nio.ByteOrder (java.base@17.0.2)
 745:             2             32  java.nio.channels.spi.AbstractSelector$1 (java.base@17.0.2)
 746:             1             32  java.security.UnresolvedPermission (java.base@17.0.2)
 747:             2             32  java.time.format.DateTimeFormatterBuilder$StringLiteralPrinterParser (java.base@17.0.2)
 748:             2             32  java.util.ResourceBundle$SingleFormatControl (java.base@17.0.2)
 749:             1             32  java.util.ServiceLoader$ModuleServicesLookupIterator (java.base@17.0.2)
 750:             2             32  java.util.TreeSet (java.base@17.0.2)
 751:             2             32  java.util.concurrent.ConcurrentHashMap$EntrySetView (java.base@17.0.2)
 752:             1             32  java.util.concurrent.SynchronousQueue (java.base@17.0.2)
 753:             1             32  java.util.concurrent.ThreadLocalRandom (java.base@17.0.2)
 754:             1             32  java.util.concurrent.atomic.AtomicLongFieldUpdater$CASUpdater (java.base@17.0.2)
 755:             1             32  java.util.concurrent.atomic.LongAdder (java.base@17.0.2)
 756:             1             32  java.util.regex.Pattern$BnM (java.base@17.0.2)
 757:             2             32  java.util.regex.Pattern$Caret (java.base@17.0.2)
 758:             1             32  java.util.zip.ZipCoder$UTF8ZipCoder (java.base@17.0.2)
 759:             2             32  javax.naming.CompositeName (java.naming@17.0.2)
 760:             1             32  jdk.internal.loader.ArchivedClassLoaders (java.base@17.0.2)
 761:             2             32  jdk.internal.module.ModuleResolution (java.base@17.0.2)
 762:             1             32  jdk.internal.org.objectweb.asm.ConstantDynamic (java.base@17.0.2)
 763:             1             32  jdk.internal.org.objectweb.asm.Handle (java.base@17.0.2)
 764:             1             32  jdk.internal.reflect.UnsafeQualifiedStaticObjectFieldAccessorImpl (java.base@17.0.2)
 765:             1             32  jdk.net.ExtendedSocketOptions$1 (jdk.net@17.0.2)
 766:             2             32  org.slf4j.helpers.ThreadLocalMapOfStacks
 767:             1             32  sun.instrument.InstrumentationImpl (java.instrument@17.0.2)
 768:             1             32  sun.nio.ch.DummySocketImpl (java.base@17.0.2)
 769:             1             32  sun.security.provider.PolicyFile (java.base@17.0.2)
 770:             1             32  sun.security.provider.PolicyFile$PolicyInfo (java.base@17.0.2)
 771:             1             32  sun.security.util.KnownOIDs$1 (java.base@17.0.2)
 772:             1             32  sun.security.util.KnownOIDs$10 (java.base@17.0.2)
 773:             1             32  sun.security.util.KnownOIDs$2 (java.base@17.0.2)
 774:             1             32  sun.security.util.KnownOIDs$3 (java.base@17.0.2)
 775:             1             32  sun.security.util.KnownOIDs$4 (java.base@17.0.2)
 776:             1             32  sun.security.util.KnownOIDs$5 (java.base@17.0.2)
 777:             1             32  sun.security.util.KnownOIDs$6 (java.base@17.0.2)
 778:             1             32  sun.security.util.KnownOIDs$7 (java.base@17.0.2)
 779:             1             32  sun.security.util.KnownOIDs$8 (java.base@17.0.2)
 780:             1             32  sun.security.util.KnownOIDs$9 (java.base@17.0.2)
 781:             2             32  sun.util.resources.LocaleData (java.base@17.0.2)
 782:             1             24  [Lch.qos.logback.core.joran.spi.ConsoleTarget;
 783:             1             24  [Lio.netty.handler.logging.ByteBufFormat;
 784:             1             24  [Lio.netty.handler.ssl.SslContext;
 785:             1             24  [Lio.vertx.core.eventbus.impl.DefaultSerializableChecker;
 786:             1             24  [Lio.vertx.ext.web.handler.FileSystemAccess;
 787:             1             24  [Ljava.io.File$PathStatus; (java.base@17.0.2)
 788:             1             24  [Ljava.lang.ClassValue$Entry; (java.base@17.0.2)
 789:             1             24  [Ljava.lang.invoke.MethodHandles$Lookup$ClassOption; (java.base@17.0.2)
 790:             1             24  [Ljava.net.URL; (java.base@17.0.2)
 791:             1             24  [Ljava.time.temporal.IsoFields$Unit; (java.base@17.0.2)
 792:             1             24  [Ljava.util.Locale$Category; (java.base@17.0.2)
 793:             1             24  [Ljava.util.Map; (java.base@17.0.2)
 794:             1             24  [Ljava.util.jar.Manifest; (java.base@17.0.2)
 795:             1             24  [Ljdk.internal.access.JavaSecurityAccess$ProtectionDomainCache; (java.base@17.0.2)
 796:             1             24  ch.qos.logback.classic.BasicConfigurator
 797:             1             24  ch.qos.logback.classic.spi.LogbackServiceProvider
 798:             1             24  ch.qos.logback.classic.spi.TurboFilterList
 799:             1             24  ch.qos.logback.classic.util.LogbackMDCAdapter
 800:             1             24  ch.qos.logback.core.spi.ContextAwareBase
 801:             1             24  com.hk.im.server.EventBusServer
 802:             1             24  com.sun.management.internal.PlatformMBeanProviderImpl$1 (jdk.management@17.0.2)
 803:             1             24  com.sun.management.internal.PlatformMBeanProviderImpl$2 (jdk.management@17.0.2)
 804:             1             24  com.sun.management.internal.PlatformMBeanProviderImpl$3 (jdk.management@17.0.2)
 805:             1             24  com.sun.management.internal.PlatformMBeanProviderImpl$4 (jdk.management@17.0.2)
 806:             1             24  com.sun.management.internal.PlatformMBeanProviderImpl$5 (jdk.management@17.0.2)
 807:             1             24  io.netty.bootstrap.ServerBootstrap$ServerBootstrapAcceptor$1
 808:             1             24  io.netty.channel.ChannelMetadata
 809:             1             24  io.netty.channel.ChannelOption$1
 810:             1             24  io.netty.channel.ServerChannelRecvByteBufAllocator
 811:             1             24  io.netty.channel.SucceededChannelFuture
 812:             1             24  io.netty.channel.WriteBufferWaterMark
 813:             1             24  io.netty.handler.codec.dns.DatagramDnsQueryEncoder
 814:             1             24  io.netty.handler.codec.dns.DatagramDnsResponseDecoder$1
 815:             1             24  io.netty.handler.codec.dns.TcpDnsQueryEncoder
 816:             1             24  io.netty.handler.codec.http.HttpMethod$EnumNameMap
 817:             1             24  io.netty.resolver.HostsFileEntries
 818:             1             24  io.netty.resolver.HostsFileEntriesProvider
 819:             1             24  io.netty.resolver.dns.DnsNameResolver$1
 820:             1             24  io.netty.resolver.dns.DnsServerAddressStreamProviders$DefaultProviderHolder$1
 821:             1             24  io.netty.resolver.dns.UnixResolverOptions
 822:             1             24  io.netty.util.ResourceLeakDetectorFactory$DefaultResourceLeakDetectorFactory
 823:             1             24  io.netty.util.concurrent.DefaultEventExecutorChooserFactory$GenericEventExecutorChooser
 824:             1             24  io.netty.util.concurrent.DefaultEventExecutorChooserFactory$PowerOfTwoEventExecutorChooser
 825:             1             24  io.netty.util.concurrent.FailedFuture
 826:             1             24  io.netty.util.internal.ThreadExecutorMap$3
 827:             1             24  io.vertx.core.buffer.impl.VertxByteBufAllocator$1
 828:             1             24  io.vertx.core.buffer.impl.VertxByteBufAllocator$2
 829:             1             24  io.vertx.core.eventbus.impl.DefaultSerializableChecker
 830:             1             24  io.vertx.core.file.impl.FileCache
 831:             1             24  io.vertx.core.file.impl.FileResolverImpl
 832:             1             24  io.vertx.core.impl.AddressResolver
 833:             1             24  io.vertx.core.impl.DeploymentManager
 834:             1             24  io.vertx.core.impl.btc.BlockedThreadChecker
 835:             1             24  io.vertx.core.impl.future.SucceededFuture
 836:             1             24  io.vertx.core.impl.resolver.DnsResolverProvider$1
 837:             1             24  io.vertx.core.net.impl.SSLHelper$CachedProvider
 838:             1             24  io.vertx.core.net.impl.ServerChannelLoadBalancer$WorkerList
 839:             1             24  io.vertx.core.net.impl.ServerID
 840:             1             24  io.vertx.core.net.impl.SslContextUpdate
 841:             1             24  io.vertx.core.net.impl.TCPServerBase$$Lambda$136/0x0000000800d57068
 842:             1             24  io.vertx.core.net.impl.VertxEventLoopGroup
 843:             1             24  io.vertx.core.net.impl.VertxEventLoopGroup$EventLoopHolder
 844:             1             24  io.vertx.core.shareddata.impl.LocalMapImpl
 845:             1             24  io.vertx.ext.web.handler.sockjs.impl.BaseTransport$1
 846:             1             24  io.vertx.ext.web.handler.sockjs.impl.SockJSImpl
 847:             1             24  io.vertx.ext.web.handler.sockjs.impl.SockJSImpl$$Lambda$79/0x0000000800d10200
 848:             1             24  java.io.InputStreamReader (java.base@17.0.2)
 849:             1             24  java.lang.Double (java.base@17.0.2)
 850:             1             24  java.lang.ProcessHandleImpl$$Lambda$123/0x0000000800ce9d20 (java.base@17.0.2)
 851:             1             24  java.lang.StringBuilder (java.base@17.0.2)
 852:             1             24  java.lang.invoke.MethodType$ConcurrentWeakInternSet (java.base@17.0.2)
 853:             1             24  java.lang.invoke.VarHandles$1 (java.base@17.0.2)
 854:             1             24  java.lang.management.DefaultPlatformMBeanProvider$1 (java.management@17.0.2)
 855:             1             24  java.lang.management.DefaultPlatformMBeanProvider$10 (java.management@17.0.2)
 856:             1             24  java.lang.management.DefaultPlatformMBeanProvider$11 (java.management@17.0.2)
 857:             1             24  java.lang.management.DefaultPlatformMBeanProvider$2 (java.management@17.0.2)
 858:             1             24  java.lang.management.DefaultPlatformMBeanProvider$3 (java.management@17.0.2)
 859:             1             24  java.lang.management.DefaultPlatformMBeanProvider$4 (java.management@17.0.2)
 860:             1             24  java.lang.management.DefaultPlatformMBeanProvider$5 (java.management@17.0.2)
 861:             1             24  java.lang.management.DefaultPlatformMBeanProvider$6 (java.management@17.0.2)
 862:             1             24  java.lang.management.DefaultPlatformMBeanProvider$7 (java.management@17.0.2)
 863:             1             24  java.lang.management.DefaultPlatformMBeanProvider$8 (java.management@17.0.2)
 864:             1             24  java.lang.management.DefaultPlatformMBeanProvider$9 (java.management@17.0.2)
 865:             1             24  java.lang.reflect.Proxy$1 (java.base@17.0.2)
 866:             1             24  java.net.Inet6AddressImpl (java.base@17.0.2)
 867:             1             24  java.net.Proxy (java.base@17.0.2)
 868:             1             24  java.net.Socket$SocketInputStream (java.base@17.0.2)
 869:             1             24  java.net.SocketPermissionCollection (java.base@17.0.2)
 870:             1             24  java.security.Policy$PolicyInfo (java.base@17.0.2)
 871:             1             24  java.security.Policy$UnsupportedEmptyCollection (java.base@17.0.2)
 872:             1             24  java.security.ProtectionDomain$JavaSecurityAccessImpl$1 (java.base@17.0.2)
 873:             1             24  java.time.ZoneRegion (java.base@17.0.2)
 874:             1             24  java.time.format.DecimalStyle (java.base@17.0.2)
 875:             1             24  java.time.temporal.IsoFields$Field$1 (java.base@17.0.2)
 876:             1             24  java.time.temporal.IsoFields$Field$2 (java.base@17.0.2)
 877:             1             24  java.time.temporal.IsoFields$Field$3 (java.base@17.0.2)
 878:             1             24  java.time.temporal.IsoFields$Field$4 (java.base@17.0.2)
 879:             1             24  java.time.zone.TzdbZoneRulesProvider (java.base@17.0.2)
 880:             1             24  java.util.Collections$3 (java.base@17.0.2)
 881:             1             24  java.util.Collections$EmptyMap (java.base@17.0.2)
 882:             1             24  java.util.Collections$SynchronizedRandomAccessList (java.base@17.0.2)
 883:             1             24  java.util.Collections$SynchronizedSet (java.base@17.0.2)
 884:             1             24  java.util.Locale$Cache (java.base@17.0.2)
 885:             1             24  java.util.PropertyPermissionCollection (java.base@17.0.2)
 886:             1             24  java.util.ResourceBundle$Control$CandidateListCache (java.base@17.0.2)
 887:             1             24  java.util.ServiceLoader$2 (java.base@17.0.2)
 888:             1             24  java.util.TaskQueue (java.base@17.0.2)
 889:             1             24  java.util.Timer (java.base@17.0.2)
 890:             1             24  java.util.Timer$ThreadReaper (java.base@17.0.2)
 891:             1             24  java.util.concurrent.ConcurrentSkipListMap$Index (java.base@17.0.2)
 892:             1             24  java.util.concurrent.CopyOnWriteArrayList$COWIterator (java.base@17.0.2)
 893:             1             24  java.util.concurrent.Executors$RunnableAdapter (java.base@17.0.2)
 894:             1             24  java.util.regex.Pattern$Ques (java.base@17.0.2)
 895:             1             24  jdk.internal.jimage.ImageReader (java.base@17.0.2)
 896:             1             24  jdk.internal.loader.URLClassPath$FileLoader (java.base@17.0.2)
 897:             1             24  jdk.internal.module.ModuleBootstrap$SafeModuleFinder (java.base@17.0.2)
 898:             1             24  jdk.internal.module.ModuleHashes (java.base@17.0.2)
 899:             1             24  jdk.internal.ref.CleanerImpl (java.base@17.0.2)
 900:             1             24  jdk.management.jfr.internal.FlightRecorderMXBeanProvider$SingleMBeanComponent (jdk.management.jfr@17.0.2)
 901:             1             24  org.slf4j.helpers.BasicMDCAdapter
 902:             1             24  org.slf4j.helpers.BasicMDCAdapter$1
 903:             1             24  org.slf4j.helpers.FormattingTuple
 904:             1             24  org.slf4j.helpers.NOP_FallbackServiceProvider
 905:             1             24  org.slf4j.helpers.SubstituteLoggerFactory
 906:             1             24  org.slf4j.helpers.SubstituteServiceProvider
 907:             1             24  sun.instrument.TransformerManager (java.instrument@17.0.2)
 908:             1             24  sun.management.RuntimeImpl (java.management@17.0.2)
 909:             1             24  sun.management.VMManagementImpl (java.management@17.0.2)
 910:             1             24  sun.nio.ch.Util$BufferCache (java.base@17.0.2)
 911:             1             24  sun.nio.cs.GBK (java.base@17.0.2)
 912:             1             24  sun.nio.cs.ISO_8859_1 (java.base@17.0.2)
 913:             1             24  sun.nio.cs.StandardCharsets (java.base@17.0.2)
 914:             1             24  sun.nio.cs.US_ASCII (java.base@17.0.2)
 915:             1             24  sun.nio.cs.UTF_16 (java.base@17.0.2)
 916:             1             24  sun.nio.cs.UTF_16BE (java.base@17.0.2)
 917:             1             24  sun.nio.cs.UTF_16LE (java.base@17.0.2)
 918:             1             24  sun.nio.cs.UTF_8 (java.base@17.0.2)
 919:             1             24  sun.nio.fs.WindowsFileSystem (java.base@17.0.2)
 920:             1             24  sun.nio.fs.WindowsSecurityDescriptor (java.base@17.0.2)
 921:             1             24  sun.util.cldr.CLDRTimeZoneNameProviderImpl (java.base@17.0.2)
 922:             1             24  sun.util.locale.BaseLocale$Cache (java.base@17.0.2)
 923:             1             24  sun.util.locale.provider.LocaleServiceProviderPool (java.base@17.0.2)
 924:             1             24  sun.util.locale.provider.TimeZoneNameProviderImpl (java.base@17.0.2)
 925:             1             16  [Lch.qos.logback.core.filter.Filter;
 926:             1             16  [Lio.netty.util.AsciiString;
 927:             1             16  [Lio.netty.util.DefaultAttributeMap$DefaultAttribute;
 928:             1             16  [Ljava.lang.constant.Constable; (java.base@17.0.2)
 929:             1             16  [Ljava.nio.file.attribute.FileAttribute; (java.base@17.0.2)
 930:             1             16  [Ljava.security.Provider; (java.base@17.0.2)
 931:             1             16  [Ljava.security.cert.X509Certificate; (java.base@17.0.2)
 932:             1             16  [Ljava.time.zone.ZoneOffsetTransitionRule; (java.base@17.0.2)
 933:             1             16  [Ljavax.security.cert.X509Certificate; (java.base@17.0.2)
 934:             1             16  [Lsun.instrument.TransformerManager$TransformerInfo; (java.instrument@17.0.2)
 935:             1             16  ch.qos.logback.core.joran.spi.ConsoleTarget$1
 936:             1             16  ch.qos.logback.core.joran.spi.ConsoleTarget$2
 937:             1             16  ch.qos.logback.core.spi.AppenderAttachableImpl
 938:             1             16  ch.qos.logback.core.spi.FilterAttachableImpl
 939:             1             16  com.hk.im.server.EventBusServer$$Lambda$77/0x0000000800d0aa90
 940:             1             16  com.sun.jndi.dns.DnsContextFactory (jdk.naming.dns@17.0.2)
 941:             1             16  com.sun.jndi.dns.DnsNameParser (jdk.naming.dns@17.0.2)
 942:             1             16  com.sun.management.internal.PlatformMBeanProviderImpl (jdk.management@17.0.2)
 943:             1             16  com.sun.management.internal.PlatformMBeanProviderImpl$$Lambda$34/0x0000000800c7b550 (jdk.management@17.0.2)
 944:             1             16  com.sun.naming.internal.VersionHelper (java.naming@17.0.2)
 945:             1             16  com.sun.naming.internal.VersionHelper$$Lambda$51/0x0000000800cd11d8 (java.naming@17.0.2)
 946:             1             16  com.sun.naming.internal.VersionHelper$$Lambda$52/0x0000000800cd13f0 (java.naming@17.0.2)
 947:             1             16  com.sun.naming.internal.VersionHelper$$Lambda$53/0x0000000800cd1608 (java.naming@17.0.2)
 948:             1             16  io.netty.buffer.AbstractReferenceCountedByteBuf$1
 949:             1             16  io.netty.buffer.ByteBufUtil$1
 950:             1             16  io.netty.buffer.ByteBufUtil$2
 951:             1             16  io.netty.channel.ChannelFutureListener$1
 952:             1             16  io.netty.channel.ChannelFutureListener$2
 953:             1             16  io.netty.channel.ChannelFutureListener$3
 954:             1             16  io.netty.channel.ChannelHandlerMask$1
 955:             1             16  io.netty.channel.ChannelOutboundBuffer$1
 956:             1             16  io.netty.channel.DefaultChannelPipeline$1
 957:             1             16  io.netty.channel.DefaultMessageSizeEstimator
 958:             1             16  io.netty.channel.DefaultMessageSizeEstimator$HandleImpl
 959:             1             16  io.netty.channel.DefaultSelectStrategy
 960:             1             16  io.netty.channel.DefaultSelectStrategyFactory
 961:             1             16  io.netty.channel.VoidChannelPromise$1
 962:             1             16  io.netty.channel.group.DefaultChannelGroup$1
 963:             1             16  io.netty.channel.group.VoidChannelGroupFuture
 964:             1             16  io.netty.channel.nio.AbstractNioChannel$1
 965:             1             16  io.netty.handler.codec.dns.DefaultDnsRecordDecoder
 966:             1             16  io.netty.handler.codec.dns.DefaultDnsRecordEncoder
 967:             1             16  io.netty.resolver.HostsFileEntriesProvider$ParserImpl
 968:             1             16  io.netty.resolver.dns.AuthoritativeDnsServerCacheAdapter
 969:             1             16  io.netty.resolver.dns.Cache$1
 970:             1             16  io.netty.resolver.dns.DefaultDnsServerAddressStreamProvider
 971:             1             16  io.netty.resolver.dns.NoopDnsQueryLifecycleObserverFactory
 972:             1             16  io.netty.util.AsciiString$1
 973:             1             16  io.netty.util.AsciiString$2
 974:             1             16  io.netty.util.NettyRuntime$AvailableProcessorsHolder
 975:             1             16  io.netty.util.collection.IntObjectHashMap$1
 976:             1             16  io.netty.util.collection.IntObjectHashMap$EntrySet
 977:             1             16  io.netty.util.collection.IntObjectHashMap$KeySet
 978:             1             16  io.netty.util.concurrent.AbstractScheduledEventExecutor$1
 979:             1             16  io.netty.util.concurrent.AbstractScheduledEventExecutor$2
 980:             1             16  io.netty.util.concurrent.DefaultEventExecutorChooserFactory
 981:             1             16  io.netty.util.concurrent.DefaultPromise$CauseHolder
 982:             1             16  io.netty.util.concurrent.FastThreadLocal
 983:             1             16  io.netty.util.concurrent.GlobalEventExecutor$1
 984:             1             16  io.netty.util.concurrent.GlobalEventExecutor$TaskRunner
 985:             1             16  io.netty.util.concurrent.RejectedExecutionHandlers$1
 986:             1             16  io.netty.util.concurrent.SingleThreadEventExecutor$1
 987:             1             16  io.netty.util.internal.CleanerJava9
 988:             1             16  io.netty.util.internal.PlatformDependent$1
 989:             1             16  io.netty.util.internal.PlatformDependent$2
 990:             1             16  io.netty.util.internal.TypeParameterMatcher$1
 991:             1             16  io.vertx.core.buffer.impl.BufferImpl
 992:             1             16  io.vertx.core.eventbus.EventBus$$Lambda$64/0x0000000800cbb9f8
 993:             1             16  io.vertx.core.eventbus.impl.CodecManager$$Lambda$65/0x0000000800cbf538
 994:             1             16  io.vertx.core.eventbus.impl.CodecManager$$Lambda$66/0x0000000800cbf770
 995:             1             16  io.vertx.core.eventbus.impl.DefaultSerializableChecker$$Lambda$63/0x0000000800cbb5d0
 996:             1             16  io.vertx.core.eventbus.impl.codecs.BooleanMessageCodec
 997:             1             16  io.vertx.core.eventbus.impl.codecs.BufferMessageCodec
 998:             1             16  io.vertx.core.eventbus.impl.codecs.ByteArrayMessageCodec
 999:             1             16  io.vertx.core.eventbus.impl.codecs.ByteMessageCodec
1000:             1             16  io.vertx.core.eventbus.impl.codecs.CharMessageCodec
1001:             1             16  io.vertx.core.eventbus.impl.codecs.ClusterSerializableCodec
1002:             1             16  io.vertx.core.eventbus.impl.codecs.DoubleMessageCodec
1003:             1             16  io.vertx.core.eventbus.impl.codecs.FloatMessageCodec
1004:             1             16  io.vertx.core.eventbus.impl.codecs.IntMessageCodec
1005:             1             16  io.vertx.core.eventbus.impl.codecs.JsonArrayMessageCodec
1006:             1             16  io.vertx.core.eventbus.impl.codecs.JsonObjectMessageCodec
1007:             1             16  io.vertx.core.eventbus.impl.codecs.LongMessageCodec
1008:             1             16  io.vertx.core.eventbus.impl.codecs.NullMessageCodec
1009:             1             16  io.vertx.core.eventbus.impl.codecs.PingMessageCodec
1010:             1             16  io.vertx.core.eventbus.impl.codecs.ReplyExceptionMessageCodec
1011:             1             16  io.vertx.core.eventbus.impl.codecs.SerializableCodec
1012:             1             16  io.vertx.core.eventbus.impl.codecs.ShortMessageCodec
1013:             1             16  io.vertx.core.eventbus.impl.codecs.StringMessageCodec
1014:             1             16  io.vertx.core.file.CopyOptions
1015:             1             16  io.vertx.core.file.impl.FileCache$$Lambda$43/0x0000000800c335d0
1016:             1             16  io.vertx.core.file.impl.WindowsFileSystem
1017:             1             16  io.vertx.core.http.HttpServerRequest$$Lambda$107/0x0000000800d39900
1018:             1             16  io.vertx.core.http.impl.HttpServerImpl$$Lambda$106/0x0000000800d38430
1019:             1             16  io.vertx.core.http.impl.HttpServerImpl$$Lambda$108/0x0000000800d39b18
1020:             1             16  io.vertx.core.http.impl.HttpServerImpl$$Lambda$74/0x0000000800d0cc08
1021:             1             16  io.vertx.core.impl.ConcurrentHashSet
1022:             1             16  io.vertx.core.impl.DeploymentManager$$Lambda$70/0x0000000800d03500
1023:             1             16  io.vertx.core.impl.DeploymentManager$$Lambda$73/0x0000000800d050c0
1024:             1             16  io.vertx.core.impl.JavaVerticleFactory
1025:             1             16  io.vertx.core.impl.LoaderManager
1026:             1             16  io.vertx.core.impl.btc.BlockedThreadChecker$$Lambda$44/0x0000000800c86520
1027:             1             16  io.vertx.core.impl.resolver.DnsResolverProvider$$Lambda$60/0x0000000800ca78b8
1028:             1             16  io.vertx.core.impl.resolver.DnsResolverProvider$$Lambda$61/0x0000000800cb98a0
1029:             1             16  io.vertx.core.impl.resolver.DnsResolverProvider$$Lambda$62/0x0000000800cb9ec8
1030:             1             16  io.vertx.core.impl.transports.JDKTransport
1031:             1             16  io.vertx.core.impl.transports.JDKTransport$$Lambda$116/0x0000000800d47cd8
1032:             1             16  io.vertx.core.json.JsonObject
1033:             1             16  io.vertx.core.json.impl.JsonUtil$$Lambda$23/0x0000000800c1e928
1034:             1             16  io.vertx.core.logging.SLF4JLogDelegateFactory
1035:             1             16  io.vertx.core.net.impl.SSLHelper$$Lambda$110/0x0000000800d3c8e0
1036:             1             16  io.vertx.core.net.impl.SSLHelper$$Lambda$112/0x0000000800d3fcb0
1037:             1             16  io.vertx.core.net.impl.SSLHelper$$Lambda$113/0x0000000800d40420
1038:             1             16  io.vertx.core.net.impl.TCPServerBase$$Lambda$109/0x0000000800d39f90
1039:             1             16  io.vertx.core.net.impl.VertxEventLoopGroup$1
1040:             1             16  io.vertx.core.shareddata.impl.LocalAsyncLocks
1041:             1             16  io.vertx.core.spi.ExecutorServiceFactory$$Lambda$25/0x0000000800c25760
1042:             1             16  io.vertx.core.spi.VertxThreadFactory$1
1043:             1             16  io.vertx.core.spi.tracing.VertxTracer$1
1044:             1             16  io.vertx.ext.web.handler.sockjs.impl.EventSourceTransport$$Lambda$85/0x0000000800d31a70
1045:             1             16  io.vertx.ext.web.handler.sockjs.impl.HtmlFileTransport$$Lambda$87/0x0000000800d31ec0
1046:             1             16  io.vertx.ext.web.handler.sockjs.impl.JsonPTransport$$Lambda$88/0x0000000800d32310
1047:             1             16  io.vertx.ext.web.handler.sockjs.impl.JsonPTransport$$Lambda$89/0x0000000800d32540
1048:             1             16  io.vertx.ext.web.handler.sockjs.impl.RawWebSocketTransport$$Lambda$92/0x0000000800d32ff0
1049:             1             16  io.vertx.ext.web.handler.sockjs.impl.RawWebSocketTransport$$Lambda$93/0x0000000800d33220
1050:             1             16  io.vertx.ext.web.handler.sockjs.impl.SockJSImpl$$Lambda$78/0x0000000800d09c28
1051:             1             16  io.vertx.ext.web.handler.sockjs.impl.SockJSImpl$1
1052:             1             16  io.vertx.ext.web.handler.sockjs.impl.WebSocketTransport$$Lambda$90/0x0000000800d32990
1053:             1             16  io.vertx.ext.web.handler.sockjs.impl.WebSocketTransport$$Lambda$91/0x0000000800d32bc0
1054:             1             16  io.vertx.ext.web.handler.sockjs.impl.XhrTransport$$Lambda$82/0x0000000800d311c0
1055:             1             16  io.vertx.ext.web.handler.sockjs.impl.XhrTransport$$Lambda$83/0x0000000800d313f0
1056:             1             16  io.vertx.ext.web.handler.sockjs.impl.XhrTransport$$Lambda$84/0x0000000800d31620
1057:             1             16  io.vertx.ext.web.impl.HeaderParser$$Lambda$100/0x0000000800d379d0
1058:             1             16  io.vertx.ext.web.impl.RouteImpl$$Lambda$94/0x0000000800d33448
1059:             1             16  io.vertx.ext.web.impl.RouteImpl$$Lambda$95/0x0000000800d33668
1060:             1             16  io.vertx.ext.web.impl.RouteImpl$$Lambda$96/0x0000000800d33888
1061:             1             16  io.vertx.ext.web.impl.RouterState$$Lambda$75/0x0000000800d0e230
1062:             1             16  java.io.FileDescriptor$1 (java.base@17.0.2)
1063:             1             16  java.io.FilePermission$1 (java.base@17.0.2)
1064:             1             16  java.io.RandomAccessFile$2 (java.base@17.0.2)
1065:             1             16  java.io.WinNTFileSystem$$Lambda$105/0x0000000800ce2a60 (java.base@17.0.2)
1066:             1             16  java.lang.ApplicationShutdownHooks$1 (java.base@17.0.2)
1067:             1             16  java.lang.CharacterData00 (java.base@17.0.2)
1068:             1             16  java.lang.CharacterDataLatin1 (java.base@17.0.2)
1069:             1             16  java.lang.Float (java.base@17.0.2)
1070:             1             16  java.lang.Module$$Lambda$128/0x0000000800cf0210 (java.base@17.0.2)
1071:             1             16  java.lang.ProcessEnvironment$EntryComparator (java.base@17.0.2)
1072:             1             16  java.lang.ProcessEnvironment$NameComparator (java.base@17.0.2)
1073:             1             16  java.lang.ProcessHandleImpl$$Lambda$122/0x0000000800ce9b08 (java.base@17.0.2)
1074:             1             16  java.lang.Runtime (java.base@17.0.2)
1075:             1             16  java.lang.String$CaseInsensitiveComparator (java.base@17.0.2)
1076:             1             16  java.lang.System$2 (java.base@17.0.2)
1077:             1             16  java.lang.Terminator$1 (java.base@17.0.2)
1078:             1             16  java.lang.invoke.ClassSpecializer$1 (java.base@17.0.2)
1079:             1             16  java.lang.invoke.MemberName$Factory (java.base@17.0.2)
1080:             1             16  java.lang.invoke.MethodHandleImpl$1 (java.base@17.0.2)
1081:             1             16  java.lang.invoke.StringConcatFactory$1 (java.base@17.0.2)
1082:             1             16  java.lang.invoke.StringConcatFactory$2 (java.base@17.0.2)
1083:             1             16  java.lang.invoke.StringConcatFactory$3 (java.base@17.0.2)
1084:             1             16  java.lang.invoke.VarHandle$1 (java.base@17.0.2)
1085:             1             16  java.lang.invoke.VarHandleByteArrayAsInts$ArrayHandle$$Lambda$28/0x0000000800c70358 (java.base@17.0.2)
1086:             1             16  java.lang.invoke.VarHandleByteArrayAsLongs$ArrayHandle$$Lambda$29/0x0000000800c70ca0 (java.base@17.0.2)
1087:             1             16  java.lang.management.DefaultPlatformMBeanProvider (java.management@17.0.2)
1088:             1             16  java.lang.management.ManagementFactory$$Lambda$33/0x0000000800c783a8 (java.management@17.0.2)
1089:             1             16  java.lang.module.ModuleDescriptor$1 (java.base@17.0.2)
1090:             1             16  java.lang.module.ModuleDescriptor$Builder$$Lambda$34/0x80000003a (java.base@17.0.2)
1091:             1             16  java.lang.ref.Cleaner (java.base@17.0.2)
1092:             1             16  java.lang.ref.Cleaner$1 (java.base@17.0.2)
1093:             1             16  java.lang.ref.Reference$1 (java.base@17.0.2)
1094:             1             16  java.lang.reflect.Proxy$$Lambda$125/0x0000000800cef060 (java.base@17.0.2)
1095:             1             16  java.lang.reflect.Proxy$ProxyBuilder$$Lambda$126/0x0000000800cef8d8 (java.base@17.0.2)
1096:             1             16  java.lang.reflect.ProxyGenerator$$Lambda$131/0x0000000800cf0db0 (java.base@17.0.2)
1097:             1             16  java.lang.reflect.ProxyGenerator$$Lambda$132/0x0000000800cf0fe8 (java.base@17.0.2)
1098:             1             16  java.lang.reflect.ReflectAccess (java.base@17.0.2)
1099:             1             16  java.net.InetAddress$1 (java.base@17.0.2)
1100:             1             16  java.net.InetAddress$PlatformNameService (java.base@17.0.2)
1101:             1             16  java.net.SocketImpl$$Lambda$14/0x0000000800c478f8 (java.base@17.0.2)
1102:             1             16  java.net.URI$1 (java.base@17.0.2)
1103:             1             16  java.net.URL$3 (java.base@17.0.2)
1104:             1             16  java.net.URL$DefaultFactory (java.base@17.0.2)
1105:             1             16  java.nio.Bits$1 (java.base@17.0.2)
1106:             1             16  java.nio.Buffer$1 (java.base@17.0.2)
1107:             1             16  java.nio.channels.spi.SelectorProvider$Holder$$Lambda$46/0x0000000800c3e180 (java.base@17.0.2)
1108:             1             16  java.nio.file.Files$AcceptAllFilter (java.base@17.0.2)
1109:             1             16  java.security.AllPermission (java.base@17.0.2)
1110:             1             16  java.security.ProtectionDomain$JavaSecurityAccessImpl (java.base@17.0.2)
1111:             1             16  java.time.Clock$SystemClock (java.base@17.0.2)
1112:             1             16  java.time.chrono.IsoChronology (java.base@17.0.2)
1113:             1             16  java.time.format.DateTimeFormatter$$Lambda$49/0x800000057 (java.base@17.0.2)
1114:             1             16  java.time.format.DateTimeFormatter$$Lambda$50/0x800000058 (java.base@17.0.2)
1115:             1             16  java.time.format.DateTimeFormatterBuilder$$Lambda$48/0x800000056 (java.base@17.0.2)
1116:             1             16  java.time.format.DateTimeFormatterBuilder$InstantPrinterParser (java.base@17.0.2)
1117:             1             16  java.time.format.DateTimeTextProvider (java.base@17.0.2)
1118:             1             16  java.time.format.DateTimeTextProvider$1 (java.base@17.0.2)
1119:             1             16  java.time.temporal.TemporalQueries$1 (java.base@17.0.2)
1120:             1             16  java.time.temporal.TemporalQueries$2 (java.base@17.0.2)
1121:             1             16  java.time.temporal.TemporalQueries$3 (java.base@17.0.2)
1122:             1             16  java.time.temporal.TemporalQueries$4 (java.base@17.0.2)
1123:             1             16  java.time.temporal.TemporalQueries$5 (java.base@17.0.2)
1124:             1             16  java.time.temporal.TemporalQueries$6 (java.base@17.0.2)
1125:             1             16  java.time.temporal.TemporalQueries$7 (java.base@17.0.2)
1126:             1             16  java.util.Collections$EmptyEnumeration (java.base@17.0.2)
1127:             1             16  java.util.Collections$EmptyIterator (java.base@17.0.2)
1128:             1             16  java.util.Collections$EmptyList (java.base@17.0.2)
1129:             1             16  java.util.Collections$EmptySet (java.base@17.0.2)
1130:             1             16  java.util.Collections$UnmodifiableCollection (java.base@17.0.2)
1131:             1             16  java.util.EnumMap$1 (java.base@17.0.2)
1132:             1             16  java.util.Hashtable$KeySet (java.base@17.0.2)
1133:             1             16  java.util.LinkedHashMap$LinkedValues (java.base@17.0.2)
1134:             1             16  java.util.ResourceBundle$1 (java.base@17.0.2)
1135:             1             16  java.util.ResourceBundle$Control (java.base@17.0.2)
1136:             1             16  java.util.Spliterators$EmptySpliterator$OfDouble (java.base@17.0.2)
1137:             1             16  java.util.Spliterators$EmptySpliterator$OfInt (java.base@17.0.2)
1138:             1             16  java.util.Spliterators$EmptySpliterator$OfLong (java.base@17.0.2)
1139:             1             16  java.util.Spliterators$EmptySpliterator$OfRef (java.base@17.0.2)
1140:             1             16  java.util.TreeMap$KeySet (java.base@17.0.2)
1141:             1             16  java.util.WeakHashMap$EntrySet (java.base@17.0.2)
1142:             1             16  java.util.concurrent.ConcurrentSkipListMap$KeySet (java.base@17.0.2)
1143:             1             16  java.util.concurrent.ConcurrentSkipListSet (java.base@17.0.2)
1144:             1             16  java.util.concurrent.SynchronousQueue$TransferStack (java.base@17.0.2)
1145:             1             16  java.util.concurrent.ThreadPoolExecutor$AbortPolicy (java.base@17.0.2)
1146:             1             16  java.util.jar.JavaUtilJarAccessImpl (java.base@17.0.2)
1147:             1             16  java.util.regex.CharPredicates$$Lambda$20/0x800000029 (java.base@17.0.2)
1148:             1             16  java.util.regex.CharPredicates$$Lambda$47/0x800000055 (java.base@17.0.2)
1149:             1             16  java.util.regex.Pattern$$Lambda$86/0x0000000800ce1660 (java.base@17.0.2)
1150:             1             16  java.util.regex.Pattern$Begin (java.base@17.0.2)
1151:             1             16  java.util.regex.Pattern$LastNode (java.base@17.0.2)
1152:             1             16  java.util.regex.Pattern$Node (java.base@17.0.2)
1153:             1             16  java.util.stream.Collectors$$Lambda$39/0x0000000800c39be0 (java.base@17.0.2)
1154:             1             16  java.util.stream.Collectors$$Lambda$40/0x0000000800c39df8 (java.base@17.0.2)
1155:             1             16  java.util.stream.Collectors$$Lambda$41/0x0000000800c3a020 (java.base@17.0.2)
1156:             1             16  java.util.stream.Collectors$$Lambda$5/0x800000010 (java.base@17.0.2)
1157:             1             16  java.util.stream.Collectors$$Lambda$6/0x800000011 (java.base@17.0.2)
1158:             1             16  java.util.stream.Collectors$$Lambda$7/0x800000016 (java.base@17.0.2)
1159:             1             16  java.util.stream.Collectors$$Lambda$8/0x800000017 (java.base@17.0.2)
1160:             1             16  java.util.stream.FindOps$FindSink$OfRef$$Lambda$11/0x80000001a (java.base@17.0.2)
1161:             1             16  java.util.stream.FindOps$FindSink$OfRef$$Lambda$12/0x80000001b (java.base@17.0.2)
1162:             1             16  java.util.stream.FindOps$FindSink$OfRef$$Lambda$13/0x80000001c (java.base@17.0.2)
1163:             1             16  java.util.stream.FindOps$FindSink$OfRef$$Lambda$14/0x80000001d (java.base@17.0.2)
1164:             1             16  java.util.stream.Nodes$EmptyNode$OfDouble (java.base@17.0.2)
1165:             1             16  java.util.stream.Nodes$EmptyNode$OfInt (java.base@17.0.2)
1166:             1             16  java.util.stream.Nodes$EmptyNode$OfLong (java.base@17.0.2)
1167:             1             16  java.util.stream.Nodes$EmptyNode$OfRef (java.base@17.0.2)
1168:             1             16  java.util.zip.ZipFile$1 (java.base@17.0.2)
1169:             1             16  javax.naming.spi.NamingManager$$Lambda$57/0x0000000800cd3268 (java.naming@17.0.2)
1170:             1             16  javax.naming.spi.NamingManager$$Lambda$59/0x0000000800cd6628 (java.naming@17.0.2)
1171:             1             16  jdk.internal.jimage.ImageReaderFactory$1 (java.base@17.0.2)
1172:             1             16  jdk.internal.jimage.ImageStringsReader (java.base@17.0.2)
1173:             1             16  jdk.internal.jimage.decompressor.Decompressor (java.base@17.0.2)
1174:             1             16  jdk.internal.math.FloatingDecimal$1 (java.base@17.0.2)
1175:             1             16  jdk.internal.misc.ScopedMemoryAccess (java.base@17.0.2)
1176:             1             16  jdk.internal.misc.TerminatingThreadLocal$1 (java.base@17.0.2)
1177:             1             16  jdk.internal.misc.Unsafe (java.base@17.0.2)
1178:             1             16  jdk.internal.module.DefaultRoots$$Lambda$1/0x800000002 (java.base@17.0.2)
1179:             1             16  jdk.internal.module.DefaultRoots$$Lambda$16/0x80000001f (java.base@17.0.2)
1180:             1             16  jdk.internal.module.DefaultRoots$$Lambda$2/0x800000004 (java.base@17.0.2)
1181:             1             16  jdk.internal.module.DefaultRoots$$Lambda$4/0x800000007 (java.base@17.0.2)
1182:             1             16  jdk.internal.module.ModulePatcher (java.base@17.0.2)
1183:             1             16  jdk.internal.module.ModuleTarget (java.base@17.0.2)
1184:             1             16  jdk.internal.perf.Perf (java.base@17.0.2)
1185:             1             16  jdk.internal.reflect.ReflectionFactory (java.base@17.0.2)
1186:             1             16  jdk.net.ExtendedSocketOptions$PlatformSocketOptions (jdk.net@17.0.2)
1187:             1             16  jdk.proxy2.$Proxy2 (jdk.proxy2)
1188:             1             16  org.slf4j.helpers.NOPLoggerFactory
1189:             1             16  org.slf4j.helpers.NOPMDCAdapter
1190:             1             16  sun.misc.Unsafe (jdk.unsupported@17.0.2)
1191:             1             16  sun.net.dns.OptionsImpl (java.base@17.0.2)
1192:             1             16  sun.net.dns.ResolverConfigurationImpl (java.base@17.0.2)
1193:             1             16  sun.net.spi.DefaultProxySelector (java.base@17.0.2)
1194:             1             16  sun.net.www.protocol.file.Handler (java.base@17.0.2)
1195:             1             16  sun.net.www.protocol.jar.Handler (java.base@17.0.2)
1196:             1             16  sun.net.www.protocol.jar.JarFileFactory (java.base@17.0.2)
1197:             1             16  sun.net.www.protocol.jrt.Handler (java.base@17.0.2)
1198:             1             16  sun.nio.ch.DefaultSelectorProvider$$Lambda$47/0x0000000800c3ea38 (java.base@17.0.2)
1199:             1             16  sun.nio.ch.Net$1 (java.base@17.0.2)
1200:             1             16  sun.nio.ch.NioSocketImpl$$Lambda$15/0x0000000800c4c978 (java.base@17.0.2)
1201:             1             16  sun.nio.ch.NioSocketImpl$1 (java.base@17.0.2)
1202:             1             16  sun.nio.ch.UnixDomainSocketsUtil$$Lambda$48/0x0000000800cc44b0 (java.base@17.0.2)
1203:             1             16  sun.nio.ch.Util$1 (java.base@17.0.2)
1204:             1             16  sun.nio.ch.WEPollSelectorProvider (java.base@17.0.2)
1205:             1             16  sun.nio.fs.NativeBuffers$1 (java.base@17.0.2)
1206:             1             16  sun.nio.fs.WindowsChannelFactory$1 (java.base@17.0.2)
1207:             1             16  sun.nio.fs.WindowsFileSystemProvider (java.base@17.0.2)
1208:             1             16  sun.security.jca.ProviderConfig$ProviderLoader (java.base@17.0.2)
1209:             1             16  sun.security.provider.AbstractDrbg$$Lambda$27/0x0000000800c6d2c8 (java.base@17.0.2)
1210:             1             16  sun.security.provider.AbstractDrbg$SeederHolder$$Lambda$30/0x0000000800c758d0 (java.base@17.0.2)
1211:             1             16  sun.security.provider.DRBG$$Lambda$26/0x0000000800c6bdb8 (java.base@17.0.2)
1212:             1             16  sun.security.provider.NativeSeedGenerator (java.base@17.0.2)
1213:             1             16  sun.security.util.ByteArrayLexOrder (java.base@17.0.2)
1214:             1             16  sun.security.util.ByteArrayTagOrder (java.base@17.0.2)
1215:             1             16  sun.util.calendar.Gregorian (java.base@17.0.2)
1216:             1             16  sun.util.cldr.CLDRBaseLocaleDataMetaInfo (java.base@17.0.2)
1217:             1             16  sun.util.cldr.CLDRLocaleProviderAdapter$$Lambda$51/0x800000059 (java.base@17.0.2)
1218:             1             16  sun.util.locale.InternalLocaleBuilder$CaseInsensitiveChar (java.base@17.0.2)
1219:             1             16  sun.util.locale.provider.TimeZoneNameUtility$TimeZoneNameGetter (java.base@17.0.2)
1220:             1             16  sun.util.resources.LocaleData$LocaleDataStrategy (java.base@17.0.2)
1221:             1             16  sun.util.resources.cldr.provider.CLDRLocaleDataMetaInfo (jdk.localedata@17.0.2)
Total        102607        6309112
